Using argv boot path
INFO: Initializing raylib 5.5
INFO: Platform backend: DESKTOP (GLFW)
INFO: Supported raylib modules:
INFO:     > rcore:..... loaded (mandatory)
INFO:     > rlgl:...... loaded (mandatory)
INFO:     > rshapes:... loaded (optional)
INFO:     > rtextures:. loaded (optional)
INFO:     > rtext:..... loaded (optional)
INFO:     > rmodels:... loaded (optional)
INFO:     > raudio:.... loaded (optional)
INFO: DISPLAY: Device initialized successfully
INFO:     > Display size: 1280 x 720
INFO:     > Screen size:  640 x 448
INFO:     > Render size:  640 x 448
INFO:     > Viewport offsets: 0, 0
INFO: GLAD: OpenGL extensions loaded successfully
INFO: GL: Supported extensions count: 229
INFO: GL: OpenGL device information:
INFO:     > Vendor:   Mesa
INFO:     > Renderer: llvmpipe (LLVM 20.1.2, 256 bits)
INFO:     > Version:  4.5 (Core Profile) Mesa 25.2.8-0ubuntu0.24.04.2
INFO:     > GLSL:     4.50
INFO: GL: VAO extension detected, VAO functions loaded successfully
INFO: GL: NPOT textures extension detected, full NPOT textures supported
INFO: GL: DXT compressed textures supported
INFO: GL: ETC2/EAC compressed textures supported
INFO: PLATFORM: DESKTOP (GLFW - X11): Initialized successfully
INFO: TEXTURE: [ID 1] Texture loaded successfully (1x1 | R8G8B8A8 | 1 mipmaps)
INFO: TEXTURE: [ID 1] Default texture loaded successfully
INFO: SHADER: [ID 1] Vertex shader compiled successfully
INFO: SHADER: [ID 2] Fragment shader compiled successfully
INFO: SHADER: [ID 3] Program shader loaded successfully
INFO: SHADER: [ID 3] Default shader loaded successfully
INFO: RLGL: Render batch vertex buffers loaded successfully in RAM (CPU)
INFO: RLGL: Render batch vertex buffers loaded successfully in VRAM (GPU)
INFO: RLGL: Default OpenGL state initialized successfully
INFO: TEXTURE: [ID 2] Texture loaded successfully (128x128 | GRAY_ALPHA | 1 mipmaps)
INFO: FONT: Default font loaded successfully (224 glyphs)
INFO: SYSTEM: Working Directory: /workspace/scratch/2a92898976e3/recomp-domination/analysis/local/resource-read-yield
socket(): Operation not permitted
socket(): Operation not permitted
ALSA lib confmisc.c:855:(parse_card) cannot find card '0'
ALSA lib conf.c:5208:(_snd_config_evaluate) function snd_func_card_inum returned error: No such file or directory
ALSA lib confmisc.c:422:(snd_func_concat) error evaluating strings
ALSA lib conf.c:5208:(_snd_config_evaluate) function snd_func_concat returned error: No such file or directory
ALSA lib confmisc.c:1342:(snd_func_refer) error evaluating name
ALSA lib conf.c:5208:(_snd_config_evaluate) function snd_func_refer returned error: No such file or directory
ALSA lib conf.c:5731:(snd_config_expand) Evaluate error: No such file or directory
ALSA lib pcm.c:2721:(snd_pcm_open_noupdate) Unknown PCM default
ALSA lib confmisc.c:855:(parse_card) cannot find card '0'
ALSA lib conf.c:5208:(_snd_config_evaluate) function snd_func_card_id returned error: No such file or directory
ALSA lib confmisc.c:422:(snd_func_concat) error evaluating strings
ALSA lib conf.c:5208:(_snd_config_evaluate) function snd_func_concat returned error: No such file or directory
ALSA lib confmisc.c:1342:(snd_func_refer) error evaluating name
ALSA lib conf.c:5208:(_snd_config_evaluate) function snd_func_refer returned error: No such file or directory
ALSA lib conf.c:5731:(snd_config_expand) Evaluate error: No such file or directory
ALSA lib pcm.c:2721:(snd_pcm_open_noupdate) Unknown PCM dmix
ALSA lib confmisc.c:855:(parse_card) cannot find card '0'
ALSA lib conf.c:5208:(_snd_config_evaluate) function snd_func_card_id returned error: No such file or directory
ALSA lib confmisc.c:422:(snd_func_concat) error evaluating strings
ALSA lib conf.c:5208:(_snd_config_evaluate) function snd_func_concat returned error: No such file or directory
ALSA lib confmisc.c:1342:(snd_func_refer) error evaluating name
ALSA lib conf.c:5208:(_snd_config_evaluate) function snd_func_refer returned error: No such file or directory
ALSA lib conf.c:5731:(snd_config_expand) Evaluate error: No such file or directory
ALSA lib pcm.c:2721:(snd_pcm_open_noupdate) Unknown PCM dmix:0
ALSA lib confmisc.c:855:(parse_card) cannot find card '0'
ALSA lib conf.c:5208:(_snd_config_evaluate) function snd_func_card_id returned error: No such file or directory
ALSA lib confmisc.c:422:(snd_func_concat) error evaluating strings
ALSA lib conf.c:5208:(_snd_config_evaluate) function snd_func_concat returned error: No such file or directory
ALSA lib confmisc.c:1342:(snd_func_refer) error evaluating name
ALSA lib conf.c:5208:(_snd_config_evaluate) function snd_func_refer returned error: No such file or directory
ALSA lib conf.c:5731:(snd_config_expand) Evaluate error: No such file or directory
ALSA lib pcm.c:2721:(snd_pcm_open_noupdate) Unknown PCM dmix:0,0
ALSA lib confmisc.c:165:(snd_config_get_card) Cannot get card index for 0
ALSA lib confmisc.c:165:(snd_config_get_card) Cannot get card index for 0
ALSA lib confmisc.c:165:(snd_config_get_card) Cannot get card index for 0
WARNING: AUDIO: Failed to initialize playback device
INFO: TIMER: Target time per frame: 16.667 milliseconds
Loading segment: 0x10a000 - 0x8a0400 (filesz: 0x193cf0, memsz: 0x796400)
Registered code region: 10a000 - 29dcf0[game_overrides] applying 'downhill-domination-ntscu-final'[downhill] configured CD root: /workspace/scratch/2a92898976e3/input/disc-verified
[downhill] configured CD image: /workspace/scratch/2a92898976e3/input/downhill-verified-probe.iso
[downhill] experimental idle VSync waits enabled
[downhill] experimental resource CD read yield enabled
[game_overrides] applied 1 matching override(s).ELF file loaded successfully. Entry point: 0x10a008Starting execution at address 0x10a008INFO: TEXTURE: [ID 3] Texture loaded successfully (640x512 | R8G8B8A8 | 1 mipmaps)
[guest-branch:missing-target] kind=Return op=JR $ra source=0x25ef70 target=0x0 pc=0x0 ra=0x0 sp=0x1fffff0 gp=0x2a40f0 a0=0x8001218c a1=0x80080000 a2=0x25ef38 a3=0x29e580 s0=0x282218 s1=0x0 v0=0x8001218c v1=0x83 a0Readable=no a0[0]=0x0 a0[4]=0x0 a0[8]=0x0 a0[c]=0x0 s0Readable=yes s0[0]=0x83 s0[4]=0x25ef38 s0[8]=0x5a s0[c]=0x25ef00 recordReadable=yes record[0]=0x8c820000 record[4]=0x1046000b record[8]=0x85102b record[c]=0x5040000a vtableReadable=no vtbl[0]=0x0 vtbl[4]=0x0 vtbl[8]=0x0 vtbl[c]=0x0 codeRegion=no policy=1 trace=0x10a008 -> 0x10a12c -> 0x10a12c -> 0x10a12c -> 0x10a12c -> 0x25f0a0 -> 0x25eeb8 -> 0x25a6e0 -> 0x25a6e0 -> 0x25ef90 -> 0x25f090 -> 0x25f090 -> 0x25ef78 -> 0x25ef38
[SifInitRpc] Initialized[ps2xIOP] [IOP] loaded IRX id=1 entry=0x10634 base=0x10000 start=0
[SIF module] load-emulated id=1 ref=1 path="cdrom0:\MOD\SIO2MAN.IRX;1"
[ps2xIOP] [IOP] loaded IRX id=2 entry=0x11918 base=0x11000 start=0
[SIF module] load-emulated id=2 ref=1 path="cdrom0:\MOD\MTAPMAN.IRX;1"
[ps2xIOP] [IOP] loaded IRX id=3 entry=0x13178 base=0x13000 start=2
[SIF module] load-emulated id=3 ref=1 path="cdrom0:\MOD\MCMAN.IRX;1"
[ps2xIOP] [IOP] loaded IRX id=4 entry=0x3a358 base=0x3a300 start=2
[SIF module] load-emulated id=4 ref=1 path="cdrom0:\MOD\MCSERV.IRX;1"
[ps2xIOP] [IOP] loaded IRX id=5 entry=0x40c78 base=0x3db00 start=0
[SIF module] load-emulated id=5 ref=1 path="cdrom0:\MOD\PADMAN.IRX;1"
[ps2xIOP] [IOP] loaded IRX id=6 entry=0x475b0 base=0x47500 start=0
[SIF module] load-emulated id=6 ref=1 path="cdrom0:\MOD\LIBSD.IRX;1"
[ps2xIOP] [IOP] loaded IRX id=7 entry=0x4e5b8 base=0x4cf00 start=2
[SIF module] load-emulated id=7 ref=1 path="cdrom0:\MOD\CDVDSTM.IRX;1"
[ps2xIOP] [IOP printf] 

[ps2xIOP] [IOP printf] ==========================================================

[ps2xIOP] [IOP printf]  989snd (c)2000, 2001 Sony Computer Entertainment America

[ps2xIOP] [IOP printf]  by Buzz Burrowes                               v%d.%d.%d

[ps2xIOP] [IOP printf]                         (built %s at %s)

[ps2xIOP] [IOP printf]  (build with sce library rev %d.%d.%d)

[ps2xIOP] [IOP printf] ==========================================================

[ps2xIOP] [IOP printf]     Thread Priorities:

[ps2xIOP] [IOP printf]                          Sound Tick = %d

[ps2xIOP] [IOP printf]                            Main RPC = %d

[ps2xIOP] [IOP printf]                         Loading RPC = %d

[ps2xIOP] [IOP printf]                           Streaming = %d, %d, %d, %d

[ps2xIOP] [IOP printf]    Memory Locations...

[ps2xIOP] [IOP printf]        Voice Allocator Owner  : 0x%8.8x

[ps2xIOP] [IOP printf]        Master Tick Owner List : 0x%8.8x

[ps2xIOP] [IOP printf] ==========================================================

[ps2xIOP] [IOP printf] 

[ps2xIOP] [IOP] loaded IRX id=8 entry=0x522f0 base=0x50900 start=0
[SIF module] load-emulated id=8 ref=1 path="cdrom0:\MOD\989SND.IRX;1"
[ps2xIOP] [IOP] loaded IRX id=9 entry=0x78800 base=0x78800 start=0
[SIF module] load-emulated id=9 ref=1 path="cdrom0:\MOD\989ERR.IRX;1"
[sceCdSearchFile] pc=0x246fa0 ra=0x2472c8 file=0x93c8f0 pathAddr=0x93c920 path="\SKAT\DHSKAT.SKX;1"
[sceCdSearchFile:ok] path="\SKAT\DHSKAT.SKX;1" lsn=0xe66d1 size=0x60988d0 sectors=0xc132
[MC] GetInfo port=0 type=2 free=8192 format=1 result=0[MC] Sync cmd=1 result=0[MC] GetInfo port=0 type=2 free=8192 format=1 result=0[MC] Sync cmd=1 result=0[MC] GetInfo port=0 type=2 free=8192 format=1 result=0[MC] Sync cmd=1 result=0[MC] GetDir port=0 '*' maxent=100 -> result=2[MC] Sync cmd=13 result=2[MC] GetInfo port=0 type=2 free=8192 format=1 result=0[MC] Sync cmd=1 result=0[MC] GetDir port=0 '*' maxent=100 -> result=2[MC] Sync cmd=13 result=2[MC] GetInfo port=0 type=2 free=8192 format=1 result=0[MC] Sync cmd=1 result=0[MC] GetInfo port=0 type=2 free=8192 format=1 result=0[MC] Sync cmd=1 result=0[MC] GetDir port=0 '*' maxent=100 -> result=2[MC] Sync cmd=13 result=2[MC] GetInfo port=0 type=2 free=8192 format=1 result=0[MC] Sync cmd=1 result=0[sceCdStStart] lbn=0xc3db8 endLbn=0xffffffff rate=2700 sectors/s buffer=80 sectors bank=16 sectors
[sceCdStRead] requested=32 accumulated=32 chunk=32 buffered=0 lbn=0xc3db8 end=0xffffffff
[sceCdStRead] requested=32 accumulated=32 chunk=32 buffered=16 lbn=0xc3dd8 end=0xffffffff
[sceCdStRead] requested=32 accumulated=32 chunk=32 buffered=32 lbn=0xc3df8 end=0xffffffff
[sceCdStRead] requested=32 accumulated=32 chunk=32 buffered=48 lbn=0xc3e18 end=0xffffffff
[sceCdStRead] requested=32 accumulated=32 chunk=32 buffered=48 lbn=0xc3e38 end=0xffffffff
[sceCdStRead] requested=32 accumulated=32 chunk=32 buffered=48 lbn=0xc3e58 end=0xffffffff
[sceCdStRead] requested=32 accumulated=32 chunk=32 buffered=48 lbn=0xc3e78 end=0xffffffff
[sceCdStRead] requested=32 accumulated=32 chunk=32 buffered=48 lbn=0xc3e98 end=0xffffffff
[sceCdStRead] requested=32 accumulated=32 chunk=32 buffered=48 lbn=0xc3eb8 end=0xffffffff
[sceCdStRead] requested=32 accumulated=32 chunk=32 buffered=48 lbn=0xc3ed8 end=0xffffffff
[sceCdStRead] requested=32 accumulated=32 chunk=32 buffered=48 lbn=0xc3ef8 end=0xffffffff
[sceCdStRead] requested=32 accumulated=32 chunk=32 buffered=48 lbn=0xc3f18 end=0xffffffff
[sceCdStRead] requested=32 accumulated=32 chunk=32 buffered=48 lbn=0xc3f38 end=0xffffffff
[sceCdStRead] requested=32 accumulated=32 chunk=32 buffered=48 lbn=0xc3f58 end=0xffffffff
[sceCdStRead] requested=32 accumulated=32 chunk=32 buffered=48 lbn=0xc3f78 end=0xffffffff
[sceCdStRead] requested=32 accumulated=32 chunk=32 buffered=48 lbn=0xc3f98 end=0xffffffff
[performance] host_tick=120 host_hz=60.5078 ee_clock_ratio=0.991927 ee_cycle=580152738
[boot-snapshot] host_tick=120 running=0 thread=1:pc=0x238c50:ra=0x238c50:priority=0:status=2:wait=4:wait_id=0 thread=2:pc=0x2243c0:ra=0x0:priority=1:status=2:wait=4:wait_id=0 thread=3:pc=0x224058:ra=0x23c4e0:priority=1:status=2:wait=4:wait_id=0
[sceCdStRead] requested=32 accumulated=32 chunk=32 buffered=48 lbn=0xc3fb8 end=0xffffffff
[sceCdStRead] requested=32 accumulated=32 chunk=32 buffered=48 lbn=0xc3fd8 end=0xffffffff
[sceCdStRead] requested=32 accumulated=32 chunk=32 buffered=48 lbn=0xc3ff8 end=0xffffffff
[sceCdStRead] requested=32 accumulated=32 chunk=32 buffered=48 lbn=0xc4018 end=0xffffffff
[sceCdStRead] requested=32 accumulated=32 chunk=32 buffered=48 lbn=0xc4038 end=0xffffffff
[sceCdStRead] requested=32 accumulated=32 chunk=32 buffered=48 lbn=0xc4058 end=0xffffffff
[sceCdStRead] requested=32 accumulated=32 chunk=32 buffered=48 lbn=0xc4078 end=0xffffffff
[sceCdStRead] requested=32 accumulated=32 chunk=32 buffered=48 lbn=0xc4098 end=0xffffffff
[sceCdStRead] requested=32 accumulated=32 chunk=32 buffered=48 lbn=0xc40b8 end=0xffffffff
[sceCdStRead] requested=32 accumulated=32 chunk=32 buffered=48 lbn=0xc40d8 end=0xffffffff
[sceCdStRead] requested=32 accumulated=32 chunk=32 buffered=48 lbn=0xc40f8 end=0xffffffff
[sceCdStRead] requested=32 accumulated=32 chunk=32 buffered=48 lbn=0xc4118 end=0xffffffff
[sceCdStRead] requested=32 accumulated=32 chunk=32 buffered=48 lbn=0xc4138 end=0xffffffff
[sceCdStRead] requested=32 accumulated=32 chunk=32 buffered=48 lbn=0xc4158 end=0xffffffff
[sceCdStRead] requested=32 accumulated=32 chunk=32 buffered=48 lbn=0xc4178 end=0xffffffff
[performance] host_tick=240 host_hz=59.9256 ee_clock_ratio=1.00685 ee_cycle=1174756461
[boot-snapshot] host_tick=240 running=0 thread=1:pc=0x238c50:ra=0x238c50:priority=0:status=1:wait=0:wait_id=0 thread=2:pc=0x2243c0:ra=0x0:priority=1:status=1:wait=0:wait_id=0 thread=3:pc=0x224058:ra=0x23c4e0:priority=1:status=1:wait=0:wait_id=0
[sceCdStRead] requested=32 accumulated=32 chunk=32 buffered=48 lbn=0xc4198 end=0xffffffff
[sceCdStStart] lbn=0xc2b3e endLbn=0xffffffff rate=2700 sectors/s buffer=80 sectors bank=16 sectors
[sceCdStRead] requested=32 accumulated=32 chunk=32 buffered=0 lbn=0xc2b3e end=0xffffffff
[sceCdStRead] requested=32 accumulated=32 chunk=32 buffered=16 lbn=0xc2b5e end=0xffffffff
[sceCdStRead] requested=32 accumulated=32 chunk=32 buffered=32 lbn=0xc2b7e end=0xffffffff
[sceCdStRead] requested=32 accumulated=32 chunk=32 buffered=48 lbn=0xc2b9e end=0xffffffff
[sceCdStRead] requested=32 accumulated=32 chunk=32 buffered=48 lbn=0xc2bbe end=0xffffffff
[sceCdStRead] requested=32 accumulated=32 chunk=32 buffered=48 lbn=0xc2bde end=0xffffffff
[sceCdStRead] requested=32 accumulated=32 chunk=32 buffered=48 lbn=0xc2bfe end=0xffffffff
[sceCdStRead] requested=32 accumulated=32 chunk=32 buffered=48 lbn=0xc2c1e end=0xffffffff
[sceCdStRead] requested=32 accumulated=32 chunk=32 buffered=48 lbn=0xc2c3e end=0xffffffff
[sceCdStRead] requested=32 accumulated=32 chunk=32 buffered=48 lbn=0xc2c5e end=0xffffffff
[sceCdStRead] requested=32 accumulated=32 chunk=32 buffered=48 lbn=0xc2c7e end=0xffffffff
[sceCdStRead] requested=32 accumulated=32 chunk=32 buffered=48 lbn=0xc2c9e end=0xffffffff
[sceCdStRead] requested=32 accumulated=32 chunk=32 buffered=48 lbn=0xc2cbe end=0xffffffff
[performance] host_tick=360 host_hz=59.9469 ee_clock_ratio=0.99914 ee_cycle=1764595261
[boot-snapshot] host_tick=360 running=0 thread=1:pc=0x238c50:ra=0x238c50:priority=0:status=2:wait=4:wait_id=0 thread=4:pc=0x2243c0:ra=0x0:priority=1:status=1:wait=0:wait_id=0 thread=5:pc=0x224058:ra=0x23c4e0:priority=1:status=1:wait=0:wait_id=0
[sceCdStRead] requested=32 accumulated=32 chunk=32 buffered=48 lbn=0xc2cde end=0xffffffff
[sceCdStRead] requested=32 accumulated=32 chunk=32 buffered=48 lbn=0xc2cfe end=0xffffffff
[sceCdStRead] requested=32 accumulated=32 chunk=32 buffered=48 lbn=0xc2d1e end=0xffffffff
[sceCdStRead] requested=32 accumulated=32 chunk=32 buffered=48 lbn=0xc2d3e end=0xffffffff
[sceCdStRead] requested=32 accumulated=32 chunk=32 buffered=48 lbn=0xc2d5e end=0xffffffff
[sceCdStRead] requested=32 accumulated=32 chunk=32 buffered=48 lbn=0xc2d7e end=0xffffffff
[sceCdStRead] requested=32 accumulated=32 chunk=32 buffered=48 lbn=0xc2d9e end=0xffffffff
[sceCdStRead] requested=32 accumulated=32 chunk=32 buffered=48 lbn=0xc2dbe end=0xffffffff
[sceCdStRead] requested=32 accumulated=32 chunk=32 buffered=48 lbn=0xc2dde end=0xffffffff
[sceCdStRead] requested=32 accumulated=32 chunk=32 buffered=48 lbn=0xc2dfe end=0xffffffff
[sceCdStRead] requested=32 accumulated=32 chunk=32 buffered=48 lbn=0xc2e1e end=0xffffffff
[sceCdStRead] requested=32 accumulated=32 chunk=32 buffered=48 lbn=0xc2e3e end=0xffffffff
[sceCdStRead] requested=32 accumulated=32 chunk=32 buffered=48 lbn=0xc2e5e end=0xffffffff
[sceCdStRead] requested=32 accumulated=32 chunk=32 buffered=48 lbn=0xc2e7e end=0xffffffff
[sceCdStRead] requested=32 accumulated=32 chunk=32 buffered=48 lbn=0xc2e9e end=0xffffffff
[sceCdStRead] requested=32 accumulated=32 chunk=32 buffered=48 lbn=0xc2ebe end=0xffffffff
[sceCdStRead] requested=32 accumulated=32 chunk=32 buffered=48 lbn=0xc2ede end=0xffffffff
[sceCdStRead] requested=32 accumulated=32 chunk=32 buffered=48 lbn=0xc2efe end=0xffffffff
[sceCdStRead] requested=32 accumulated=32 chunk=32 buffered=48 lbn=0xc2f1e end=0xffffffff
[performance] host_tick=480 host_hz=59.9616 ee_clock_ratio=0.999626 ee_cycle=2354575677
[boot-snapshot] host_tick=480 running=0 thread=1:pc=0x238c50:ra=0x238c50:priority=0:status=2:wait=4:wait_id=0 thread=4:pc=0x2243c0:ra=0x0:priority=1:status=2:wait=4:wait_id=0 thread=5:pc=0x224058:ra=0x23c4e0:priority=1:status=2:wait=4:wait_id=0
[performance] host_tick=600 host_hz=59.9381 ee_clock_ratio=0.998989 ee_cycle=2944411557
[boot-snapshot] host_tick=600 running=0 thread=1:pc=0x238c50:ra=0x238c50:priority=0:status=2:wait=4:wait_id=0 thread=4:pc=0x2243c0:ra=0x0:priority=1:status=2:wait=4:wait_id=0 thread=5:pc=0x224058:ra=0x23c4e0:priority=1:status=2:wait=4:wait_id=0
[sceCdStStart] lbn=0xc34af endLbn=0xffffffff rate=2700 sectors/s buffer=80 sectors bank=16 sectors
[sceCdStRead] requested=32 accumulated=32 chunk=32 buffered=0 lbn=0xc34af end=0xffffffff
[sceCdStRead] requested=32 accumulated=32 chunk=32 buffered=16 lbn=0xc34cf end=0xffffffff
[sceCdStRead] requested=32 accumulated=32 chunk=32 buffered=32 lbn=0xc34ef end=0xffffffff
[sceCdStRead] requested=32 accumulated=32 chunk=32 buffered=48 lbn=0xc350f end=0xffffffff
[sceCdStRead] requested=32 accumulated=32 chunk=32 buffered=48 lbn=0xc352f end=0xffffffff
[sceCdStRead] requested=32 accumulated=32 chunk=32 buffered=48 lbn=0xc354f end=0xffffffff
[sceCdStRead] requested=32 accumulated=32 chunk=32 buffered=48 lbn=0xc356f end=0xffffffff
[sceCdStRead] requested=32 accumulated=32 chunk=32 buffered=48 lbn=0xc358f end=0xffffffff
[sceCdStRead] requested=32 accumulated=32 chunk=32 buffered=48 lbn=0xc35af end=0xffffffff
[sceCdStRead] requested=32 accumulated=32 chunk=32 buffered=48 lbn=0xc35cf end=0xffffffff
[sceCdStRead] requested=32 accumulated=32 chunk=32 buffered=48 lbn=0xc35ef end=0xffffffff
[performance] host_tick=720 host_hz=59.9852 ee_clock_ratio=0.999774 ee_cycle=3534247437
[boot-snapshot] host_tick=720 running=0 thread=1:pc=0x238c50:ra=0x238c50:priority=0:status=2:wait=4:wait_id=0 thread=6:pc=0x2243c0:ra=0x0:priority=1:status=2:wait=4:wait_id=0 thread=7:pc=0x224058:ra=0x23c4e0:priority=1:status=2:wait=4:wait_id=0
[sceCdStRead] requested=32 accumulated=32 chunk=32 buffered=48 lbn=0xc360f end=0xffffffff
[sceCdStRead] requested=32 accumulated=32 chunk=32 buffered=48 lbn=0xc362f end=0xffffffff
[sceCdStRead] requested=32 accumulated=32 chunk=32 buffered=48 lbn=0xc364f end=0xffffffff
[sceCdStRead] requested=32 accumulated=32 chunk=32 buffered=48 lbn=0xc366f end=0xffffffff
[sceCdStRead] requested=32 accumulated=32 chunk=32 buffered=48 lbn=0xc368f end=0xffffffff
[sceCdStRead] requested=32 accumulated=32 chunk=32 buffered=48 lbn=0xc36af end=0xffffffff
[sceCdStRead] requested=32 accumulated=32 chunk=32 buffered=48 lbn=0xc36cf end=0xffffffff
[sceCdStRead] requested=32 accumulated=32 chunk=32 buffered=48 lbn=0xc36ef end=0xffffffff
[sceCdStRead] requested=32 accumulated=32 chunk=32 buffered=48 lbn=0xc370f end=0xffffffff
[sceCdStRead] requested=32 accumulated=32 chunk=32 buffered=48 lbn=0xc372f end=0xffffffff
[sceCdStRead] requested=32 accumulated=32 chunk=32 buffered=48 lbn=0xc374f end=0xffffffff
[sceCdStRead] requested=32 accumulated=32 chunk=32 buffered=48 lbn=0xc376f end=0xffffffff
[sceCdStRead] requested=32 accumulated=32 chunk=32 buffered=48 lbn=0xc378f end=0xffffffff
[sceCdStRead] requested=32 accumulated=32 chunk=32 buffered=48 lbn=0xc37af end=0xffffffff
[sceCdStRead] requested=32 accumulated=32 chunk=32 buffered=48 lbn=0xc37cf end=0xffffffff
[sceCdStRead] requested=32 accumulated=32 chunk=32 buffered=48 lbn=0xc37ef end=0xffffffff
[sceCdStRead] requested=32 accumulated=32 chunk=32 buffered=48 lbn=0xc380f end=0xffffffff
[sceCdStRead] requested=32 accumulated=32 chunk=32 buffered=48 lbn=0xc382f end=0xffffffff
[sceCdStRead] requested=32 accumulated=32 chunk=32 buffered=48 lbn=0xc384f end=0xffffffff
[sceCdStRead] requested=32 accumulated=32 chunk=32 buffered=48 lbn=0xc386f end=0xffffffff
[sceCdStRead] requested=32 accumulated=32 chunk=32 buffered=48 lbn=0xc388f end=0xffffffff
[performance] host_tick=840 host_hz=59.9684 ee_clock_ratio=0.999494 ee_cycle=4124083317
[boot-snapshot] host_tick=840 running=0 thread=1:pc=0x238c50:ra=0x238c50:priority=0:status=2:wait=4:wait_id=0 thread=6:pc=0x2243c0:ra=0x0:priority=1:status=2:wait=4:wait_id=0 thread=7:pc=0x224058:ra=0x23c4e0:priority=1:status=2:wait=4:wait_id=0
[performance] host_tick=960 host_hz=59.9941 ee_clock_ratio=0.999921 ee_cycle=4713919197
[boot-snapshot] host_tick=960 running=0 thread=1:pc=0x238c50:ra=0x238c50:priority=0:status=2:wait=4:wait_id=0 thread=6:pc=0x2243c0:ra=0x0:priority=1:status=2:wait=4:wait_id=0 thread=7:pc=0x224058:ra=0x23c4e0:priority=1:status=2:wait=4:wait_id=0
[sceCdStStart] lbn=0x34bcc endLbn=0xffffffff rate=2700 sectors/s buffer=80 sectors bank=16 sectors
[sceCdStRead] requested=32 accumulated=32 chunk=32 buffered=0 lbn=0x34bcc end=0xffffffff
[sceCdStRead] requested=32 accumulated=32 chunk=32 buffered=16 lbn=0x34bec end=0xffffffff
[sceCdStRead] requested=32 accumulated=32 chunk=32 buffered=32 lbn=0x34c0c end=0xffffffff
[sceCdStRead] requested=32 accumulated=32 chunk=32 buffered=48 lbn=0x34c2c end=0xffffffff
[sceCdStRead] requested=32 accumulated=32 chunk=32 buffered=48 lbn=0x34c4c end=0xffffffff
[sceCdStRead] requested=32 accumulated=32 chunk=32 buffered=48 lbn=0x34c6c end=0xffffffff
[sceCdStRead] requested=32 accumulated=32 chunk=32 buffered=48 lbn=0x34c8c end=0xffffffff
[sceCdStRead] requested=32 accumulated=32 chunk=32 buffered=48 lbn=0x34cac end=0xffffffff
[sceCdStRead] requested=32 accumulated=32 chunk=32 buffered=48 lbn=0x34ccc end=0xffffffff
[sceCdStRead] requested=32 accumulated=32 chunk=32 buffered=48 lbn=0x34cec end=0xffffffff
[sceCdStRead] requested=32 accumulated=32 chunk=32 buffered=48 lbn=0x34d0c end=0xffffffff
[sceCdStRead] requested=32 accumulated=32 chunk=32 buffered=48 lbn=0x34d2c end=0xffffffff
[sceCdStRead] requested=32 accumulated=32 chunk=32 buffered=48 lbn=0x34d4c end=0xffffffff
[sceCdStRead] requested=32 accumulated=32 chunk=32 buffered=48 lbn=0x34d6c end=0xffffffff
[performance] host_tick=1080 host_hz=59.5195 ee_clock_ratio=1.00028 ee_cycle=5308670376
[boot-snapshot] host_tick=1080 running=0 thread=1:pc=0x238c50:ra=0x238c50:priority=0:status=2:wait=4:wait_id=0 thread=8:pc=0x2243c0:ra=0x0:priority=1:status=2:wait=4:wait_id=0 thread=9:pc=0x224058:ra=0x23c4e0:priority=1:status=2:wait=4:wait_id=0
[sceCdStRead] requested=32 accumulated=32 chunk=32 buffered=48 lbn=0x34d8c end=0xffffffff
[sceCdStRead] requested=32 accumulated=32 chunk=32 buffered=48 lbn=0x34dac end=0xffffffff
[sceCdStRead] requested=32 accumulated=32 chunk=32 buffered=48 lbn=0x34dcc end=0xffffffff
[sceCdStRead] requested=32 accumulated=32 chunk=32 buffered=48 lbn=0x34dec end=0xffffffff
[sceCdStRead] requested=32 accumulated=32 chunk=32 buffered=48 lbn=0x34e0c end=0xffffffff
[performance] host_tick=1200 host_hz=59.9908 ee_clock_ratio=0.999867 ee_cycle=5898506256
[boot-snapshot] host_tick=1200 running=0 thread=1:pc=0x238c50:ra=0x238c50:priority=0:status=2:wait=4:wait_id=0 thread=8:pc=0x2243c0:ra=0x0:priority=1:status=2:wait=4:wait_id=0 thread=9:pc=0x224058:ra=0x23c4e0:priority=1:status=2:wait=4:wait_id=0
[sceCdStRead] requested=32 accumulated=32 chunk=32 buffered=48 lbn=0x34e2c end=0xffffffff
[sceCdStRead] requested=32 accumulated=32 chunk=32 buffered=48 lbn=0x34e4c end=0xffffffff
[sceCdStRead] requested=32 accumulated=32 chunk=32 buffered=48 lbn=0x34e6c end=0xffffffff
[sceCdStRead] requested=32 accumulated=32 chunk=32 buffered=48 lbn=0x34e8c end=0xffffffff
[sceCdStRead] requested=32 accumulated=32 chunk=32 buffered=48 lbn=0x34eac end=0xffffffff
[sceCdStRead] requested=32 accumulated=32 chunk=32 buffered=48 lbn=0x34ecc end=0xffffffff
[sceCdStRead] requested=32 accumulated=32 chunk=32 buffered=48 lbn=0x34eec end=0xffffffff
[sceCdStRead] requested=32 accumulated=32 chunk=32 buffered=48 lbn=0x34f0c end=0xffffffff
[sceCdStRead] requested=32 accumulated=32 chunk=32 buffered=48 lbn=0x34f2c end=0xffffffff
[sceCdStRead] requested=32 accumulated=32 chunk=32 buffered=48 lbn=0x34f4c end=0xffffffff
[sceCdStRead] requested=32 accumulated=32 chunk=32 buffered=48 lbn=0x34f6c end=0xffffffff
[sceCdStRead] requested=32 accumulated=32 chunk=32 buffered=48 lbn=0x34f8c end=0xffffffff
[sceCdStRead] requested=32 accumulated=32 chunk=32 buffered=48 lbn=0x34fac end=0xffffffff
[performance] host_tick=1320 host_hz=59.9779 ee_clock_ratio=0.999652 ee_cycle=6488342136
[boot-snapshot] host_tick=1320 running=0 thread=1:pc=0x238c50:ra=0x238c50:priority=0:status=2:wait=4:wait_id=0 thread=8:pc=0x2243c0:ra=0x0:priority=1:status=2:wait=4:wait_id=0 thread=9:pc=0x224058:ra=0x23c4e0:priority=1:status=2:wait=4:wait_id=0
[performance] host_tick=1440 host_hz=59.9916 ee_clock_ratio=0.99988 ee_cycle=7078178016
[boot-snapshot] host_tick=1440 running=0 thread=1:pc=0x238c50:ra=0x238c50:priority=0:status=2:wait=4:wait_id=0 thread=8:pc=0x2243c0:ra=0x0:priority=1:status=2:wait=4:wait_id=0 thread=9:pc=0x224058:ra=0x23c4e0:priority=1:status=2:wait=4:wait_id=0
[performance] host_tick=1560 host_hz=59.6426 ee_clock_ratio=1.00235 ee_cycle=7672929195
[boot-snapshot] host_tick=1560 running=0 thread=1:pc=0x238c50:ra=0x238c50:priority=0:status=2:wait=4:wait_id=0 thread=8:pc=0x2243c0:ra=0x0:priority=1:status=2:wait=4:wait_id=0 thread=9:pc=0x224058:ra=0x23c4e0:priority=1:status=2:wait=4:wait_id=0
[performance] host_tick=1680 host_hz=59.7672 ee_clock_ratio=0.996139 ee_cycle=8262765075
[boot-snapshot] host_tick=1680 running=0 thread=1:pc=0x238c50:ra=0x238c50:priority=0:status=2:wait=4:wait_id=0 thread=8:pc=0x2243c0:ra=0x0:priority=1:status=2:wait=4:wait_id=0 thread=9:pc=0x224058:ra=0x23c4e0:priority=1:status=2:wait=4:wait_id=0
[performance] host_tick=1800 host_hz=59.902 ee_clock_ratio=0.998387 ee_cycle=8852600955
[boot-snapshot] host_tick=1800 running=0 thread=1:pc=0x238c50:ra=0x238c50:priority=0:status=2:wait=4:wait_id=0 thread=8:pc=0x2243c0:ra=0x0:priority=1:status=2:wait=4:wait_id=0 thread=9:pc=0x224058:ra=0x23c4e0:priority=1:status=2:wait=4:wait_id=0
[performance] host_tick=1920 host_hz=59.9882 ee_clock_ratio=0.999823 ee_cycle=9442436835
[boot-snapshot] host_tick=1920 running=0 thread=1:pc=0x238c50:ra=0x238c50:priority=0:status=2:wait=4:wait_id=0 thread=8:pc=0x2243c0:ra=0x0:priority=1:status=2:wait=4:wait_id=0 thread=9:pc=0x224058:ra=0x23c4e0:priority=1:status=2:wait=4:wait_id=0
[performance] host_tick=2040 host_hz=59.9003 ee_clock_ratio=1.00668 ee_cycle=10037188014
[boot-snapshot] host_tick=2040 running=0 thread=1:pc=0x238c50:ra=0x238c50:priority=0:status=2:wait=4:wait_id=0 thread=8:pc=0x2243c0:ra=0x0:priority=1:status=2:wait=4:wait_id=0 thread=9:pc=0x224058:ra=0x23c4e0:priority=1:status=2:wait=4:wait_id=0
[performance] host_tick=2160 host_hz=59.7113 ee_clock_ratio=0.995208 ee_cycle=10627023894
[boot-snapshot] host_tick=2160 running=0 thread=1:pc=0x238c50:ra=0x238c50:priority=0:status=2:wait=4:wait_id=0 thread=8:pc=0x2243c0:ra=0x0:priority=1:status=2:wait=4:wait_id=0 thread=9:pc=0x224058:ra=0x23c4e0:priority=1:status=2:wait=4:wait_id=0
[performance] host_tick=2280 host_hz=59.995 ee_clock_ratio=0.999936 ee_cycle=11216859774
[boot-snapshot] host_tick=2280 running=0 thread=1:pc=0x238c50:ra=0x238c50:priority=0:status=2:wait=4:wait_id=0 thread=8:pc=0x2243c0:ra=0x0:priority=1:status=2:wait=4:wait_id=0 thread=9:pc=0x224058:ra=0x23c4e0:priority=1:status=2:wait=4:wait_id=0
[performance] host_tick=2400 host_hz=59.9374 ee_clock_ratio=0.998977 ee_cycle=11806695654
[boot-snapshot] host_tick=2400 running=0 thread=1:pc=0x238c50:ra=0x238c50:priority=0:status=2:wait=4:wait_id=0 thread=8:pc=0x2243c0:ra=0x0:priority=1:status=2:wait=4:wait_id=0 thread=9:pc=0x224058:ra=0x23c4e0:priority=1:status=2:wait=4:wait_id=0
[performance] host_tick=2520 host_hz=59.991 ee_clock_ratio=0.99987 ee_cycle=12396531534
[boot-snapshot] host_tick=2520 running=0 thread=1:pc=0x238c50:ra=0x238c50:priority=0:status=2:wait=4:wait_id=0 thread=8:pc=0x2243c0:ra=0x0:priority=1:status=2:wait=4:wait_id=0 thread=9:pc=0x224058:ra=0x23c4e0:priority=1:status=2:wait=4:wait_id=0
[performance] host_tick=2640 host_hz=59.7922 ee_clock_ratio=1.00486 ee_cycle=12991282713
[boot-snapshot] host_tick=2640 running=0 thread=1:pc=0x238c50:ra=0x238c50:priority=0:status=2:wait=4:wait_id=0 thread=8:pc=0x2243c0:ra=0x0:priority=1:status=2:wait=4:wait_id=0 thread=9:pc=0x224058:ra=0x23c4e0:priority=1:status=2:wait=4:wait_id=0
[performance] host_tick=2760 host_hz=59.9667 ee_clock_ratio=0.999465 ee_cycle=13581118593
[boot-snapshot] host_tick=2760 running=0 thread=1:pc=0x238c50:ra=0x238c50:priority=0:status=2:wait=4:wait_id=0 thread=8:pc=0x2243c0:ra=0x0:priority=1:status=2:wait=4:wait_id=0 thread=9:pc=0x224058:ra=0x23c4e0:priority=1:status=2:wait=4:wait_id=0
[performance] host_tick=2880 host_hz=59.9963 ee_clock_ratio=0.999959 ee_cycle=14170954473
[boot-snapshot] host_tick=2880 running=0 thread=1:pc=0x238c50:ra=0x238c50:priority=0:status=2:wait=4:wait_id=0 thread=8:pc=0x2243c0:ra=0x0:priority=1:status=2:wait=4:wait_id=0 thread=9:pc=0x224058:ra=0x23c4e0:priority=1:status=2:wait=4:wait_id=0
[performance] host_tick=3000 host_hz=59.9278 ee_clock_ratio=0.998818 ee_cycle=14760790353
[boot-snapshot] host_tick=3000 running=0 thread=1:pc=0x238c50:ra=0x238c50:priority=0:status=2:wait=4:wait_id=0 thread=8:pc=0x2243c0:ra=0x0:priority=1:status=2:wait=4:wait_id=0 thread=9:pc=0x224058:ra=0x23c4e0:priority=1:status=2:wait=4:wait_id=0
[performance] host_tick=3120 host_hz=59.9842 ee_clock_ratio=0.999757 ee_cycle=15350626233
[boot-snapshot] host_tick=3120 running=0 thread=1:pc=0x238c50:ra=0x238c50:priority=0:status=2:wait=4:wait_id=0 thread=8:pc=0x2243c0:ra=0x0:priority=1:status=2:wait=4:wait_id=0 thread=9:pc=0x224058:ra=0x23c4e0:priority=1:status=2:wait=4:wait_id=0
[performance] host_tick=3240 host_hz=59.9604 ee_clock_ratio=0.999361 ee_cycle=15940462113
[boot-snapshot] host_tick=3240 running=0 thread=1:pc=0x238c50:ra=0x238c50:priority=0:status=2:wait=4:wait_id=0 thread=8:pc=0x2243c0:ra=0x0:priority=1:status=2:wait=4:wait_id=0 thread=9:pc=0x224058:ra=0x23c4e0:priority=1:status=2:wait=4:wait_id=0
[performance] host_tick=3360 host_hz=59.9417 ee_clock_ratio=0.999049 ee_cycle=16530297993
[boot-snapshot] host_tick=3360 running=0 thread=1:pc=0x238c50:ra=0x238c50:priority=0:status=2:wait=4:wait_id=0 thread=8:pc=0x2243c0:ra=0x0:priority=1:status=2:wait=4:wait_id=0 thread=9:pc=0x224058:ra=0x23c4e0:priority=1:status=2:wait=4:wait_id=0
[performance] host_tick=3480 host_hz=59.992 ee_clock_ratio=0.999887 ee_cycle=17120133873
[boot-snapshot] host_tick=3480 running=0 thread=1:pc=0x238c50:ra=0x238c50:priority=0:status=2:wait=4:wait_id=0 thread=8:pc=0x2243c0:ra=0x0:priority=1:status=2:wait=4:wait_id=0 thread=9:pc=0x224058:ra=0x23c4e0:priority=1:status=2:wait=4:wait_id=0
[performance] host_tick=3600 host_hz=59.9922 ee_clock_ratio=0.99989 ee_cycle=17709969753
[boot-snapshot] host_tick=3600 running=0 thread=1:pc=0x238c50:ra=0x238c50:priority=0:status=2:wait=4:wait_id=0 thread=8:pc=0x2243c0:ra=0x0:priority=1:status=2:wait=4:wait_id=0 thread=9:pc=0x224058:ra=0x23c4e0:priority=1:status=2:wait=4:wait_id=0
[performance] host_tick=3720 host_hz=59.9232 ee_clock_ratio=0.998741 ee_cycle=18299805633
[boot-snapshot] host_tick=3720 running=0 thread=1:pc=0x238c50:ra=0x238c50:priority=0:status=2:wait=4:wait_id=0 thread=8:pc=0x2243c0:ra=0x0:priority=1:status=2:wait=4:wait_id=0 thread=9:pc=0x224058:ra=0x23c4e0:priority=1:status=2:wait=4:wait_id=0
[performance] host_tick=3840 host_hz=59.9832 ee_clock_ratio=0.99974 ee_cycle=18889641513
[boot-snapshot] host_tick=3840 running=0 thread=1:pc=0x238c50:ra=0x238c50:priority=0:status=2:wait=4:wait_id=0 thread=8:pc=0x2243c0:ra=0x0:priority=1:status=2:wait=4:wait_id=0 thread=9:pc=0x224058:ra=0x23c4e0:priority=1:status=2:wait=4:wait_id=0
[performance] host_tick=3960 host_hz=59.9229 ee_clock_ratio=1.00681 ee_cycle=19484245236
[boot-snapshot] host_tick=3960 running=0 thread=1:pc=0x238c50:ra=0x238c50:priority=0:status=1:wait=0:wait_id=0 thread=8:pc=0x2243c0:ra=0x0:priority=1:status=1:wait=0:wait_id=0 thread=9:pc=0x224058:ra=0x23c4e0:priority=1:status=1:wait=0:wait_id=0
[performance] host_tick=4080 host_hz=59.9643 ee_clock_ratio=0.999676 ee_cycle=20074228572
[boot-snapshot] host_tick=4080 running=0 thread=1:pc=0x238c50:ra=0x238c50:priority=0:status=2:wait=4:wait_id=0 thread=8:pc=0x2243c0:ra=0x0:priority=1:status=2:wait=4:wait_id=0 thread=9:pc=0x224058:ra=0x23c4e0:priority=1:status=2:wait=4:wait_id=0
[performance] host_tick=4200 host_hz=59.9154 ee_clock_ratio=0.99861 ee_cycle=20664064452
[boot-snapshot] host_tick=4200 running=0 thread=1:pc=0x238c50:ra=0x238c50:priority=0:status=2:wait=4:wait_id=0 thread=8:pc=0x2243c0:ra=0x0:priority=1:status=2:wait=4:wait_id=0 thread=9:pc=0x224058:ra=0x23c4e0:priority=1:status=2:wait=4:wait_id=0
[performance] host_tick=4320 host_hz=59.9605 ee_clock_ratio=0.999361 ee_cycle=21253900332
[boot-snapshot] host_tick=4320 running=0 thread=1:pc=0x238c50:ra=0x238c50:priority=0:status=2:wait=4:wait_id=0 thread=8:pc=0x2243c0:ra=0x0:priority=1:status=2:wait=4:wait_id=0 thread=9:pc=0x224058:ra=0x23c4e0:priority=1:status=2:wait=4:wait_id=0
[performance] host_tick=4440 host_hz=59.9839 ee_clock_ratio=0.999752 ee_cycle=21843736212
[boot-snapshot] host_tick=4440 running=0 thread=1:pc=0x238c50:ra=0x238c50:priority=0:status=2:wait=4:wait_id=0 thread=8:pc=0x2243c0:ra=0x0:priority=1:status=2:wait=4:wait_id=0 thread=9:pc=0x224058:ra=0x23c4e0:priority=1:status=2:wait=4:wait_id=0
[performance] host_tick=4560 host_hz=59.9551 ee_clock_ratio=0.999272 ee_cycle=22433572092
[boot-snapshot] host_tick=4560 running=0 thread=1:pc=0x238c50:ra=0x238c50:priority=0:status=2:wait=4:wait_id=0 thread=8:pc=0x2243c0:ra=0x0:priority=1:status=2:wait=4:wait_id=0 thread=9:pc=0x224058:ra=0x23c4e0:priority=1:status=2:wait=4:wait_id=0
[performance] host_tick=4680 host_hz=59.9799 ee_clock_ratio=0.999685 ee_cycle=23023407972
[boot-snapshot] host_tick=4680 running=0 thread=1:pc=0x238c50:ra=0x238c50:priority=0:status=2:wait=4:wait_id=0 thread=8:pc=0x2243c0:ra=0x0:priority=1:status=2:wait=4:wait_id=0 thread=9:pc=0x224058:ra=0x23c4e0:priority=1:status=2:wait=4:wait_id=0
[performance] host_tick=4800 host_hz=59.8589 ee_clock_ratio=0.997669 ee_cycle=23613243852
[boot-snapshot] host_tick=4800 running=0 thread=1:pc=0x238c50:ra=0x238c50:priority=0:status=2:wait=4:wait_id=0 thread=8:pc=0x2243c0:ra=0x0:priority=1:status=2:wait=4:wait_id=0 thread=9:pc=0x224058:ra=0x23c4e0:priority=1:status=2:wait=4:wait_id=0
[performance] host_tick=4920 host_hz=59.9897 ee_clock_ratio=0.999849 ee_cycle=24203079732
[boot-snapshot] host_tick=4920 running=0 thread=1:pc=0x238c50:ra=0x238c50:priority=0:status=2:wait=4:wait_id=0 thread=8:pc=0x2243c0:ra=0x0:priority=1:status=2:wait=4:wait_id=0 thread=9:pc=0x224058:ra=0x23c4e0:priority=1:status=2:wait=4:wait_id=0
[performance] host_tick=5040 host_hz=59.965 ee_clock_ratio=0.999437 ee_cycle=24792915612
[boot-snapshot] host_tick=5040 running=0 thread=1:pc=0x238c50:ra=0x238c50:priority=0:status=2:wait=4:wait_id=0 thread=8:pc=0x2243c0:ra=0x0:priority=1:status=2:wait=4:wait_id=0 thread=9:pc=0x224058:ra=0x23c4e0:priority=1:status=2:wait=4:wait_id=0
[performance] host_tick=5160 host_hz=59.534 ee_clock_ratio=1.00052 ee_cycle=25387666791
[boot-snapshot] host_tick=5160 running=0 thread=1:pc=0x238c50:ra=0x238c50:priority=0:status=2:wait=4:wait_id=0 thread=8:pc=0x2243c0:ra=0x0:priority=1:status=2:wait=4:wait_id=0 thread=9:pc=0x224058:ra=0x23c4e0:priority=1:status=2:wait=4:wait_id=0
[performance] host_tick=5280 host_hz=59.9322 ee_clock_ratio=0.99889 ee_cycle=25977502671
[boot-snapshot] host_tick=5280 running=0 thread=1:pc=0x238c50:ra=0x238c50:priority=0:status=2:wait=4:wait_id=0 thread=8:pc=0x2243c0:ra=0x0:priority=1:status=2:wait=4:wait_id=0 thread=9:pc=0x224058:ra=0x23c4e0:priority=1:status=2:wait=4:wait_id=0
[performance] host_tick=5400 host_hz=59.6174 ee_clock_ratio=1.00192 ee_cycle=26572253850
[boot-snapshot] host_tick=5400 running=0 thread=1:pc=0x238c50:ra=0x238c50:priority=0:status=2:wait=4:wait_id=0 thread=8:pc=0x2243c0:ra=0x0:priority=1:status=2:wait=4:wait_id=0 thread=9:pc=0x224058:ra=0x23c4e0:priority=1:status=2:wait=4:wait_id=0
[performance] host_tick=5520 host_hz=59.78 ee_clock_ratio=1.00441 ee_cycle=27166857573
[boot-snapshot] host_tick=5520 running=0 thread=1:pc=0x238c50:ra=0x238c50:priority=0:status=1:wait=0:wait_id=0 thread=8:pc=0x2243c0:ra=0x0:priority=1:status=1:wait=0:wait_id=0 thread=9:pc=0x224058:ra=0x23c4e0:priority=1:status=1:wait=0:wait_id=0
[performance] host_tick=5640 host_hz=59.9349 ee_clock_ratio=0.999184 ee_cycle=27756840909
[boot-snapshot] host_tick=5640 running=0 thread=1:pc=0x238c50:ra=0x238c50:priority=0:status=2:wait=4:wait_id=0 thread=8:pc=0x2243c0:ra=0x0:priority=1:status=2:wait=4:wait_id=0 thread=9:pc=0x224058:ra=0x23c4e0:priority=1:status=2:wait=4:wait_id=0
[performance] host_tick=5760 host_hz=59.4206 ee_clock_ratio=0.998616 ee_cycle=28351592088
[boot-snapshot] host_tick=5760 running=0 thread=1:pc=0x238c50:ra=0x238c50:priority=0:status=2:wait=4:wait_id=0 thread=8:pc=0x2243c0:ra=0x0:priority=1:status=2:wait=4:wait_id=0 thread=9:pc=0x224058:ra=0x23c4e0:priority=1:status=2:wait=4:wait_id=0
[performance] host_tick=5880 host_hz=59.7713 ee_clock_ratio=0.996209 ee_cycle=28941427968
[boot-snapshot] host_tick=5880 running=0 thread=1:pc=0x238c50:ra=0x238c50:priority=0:status=2:wait=4:wait_id=0 thread=8:pc=0x2243c0:ra=0x0:priority=1:status=2:wait=4:wait_id=0 thread=9:pc=0x224058:ra=0x23c4e0:priority=1:status=2:wait=4:wait_id=0
[performance] host_tick=6000 host_hz=59.9927 ee_clock_ratio=0.999899 ee_cycle=29531263848
[boot-snapshot] host_tick=6000 running=0 thread=1:pc=0x238c50:ra=0x238c50:priority=0:status=2:wait=4:wait_id=0 thread=8:pc=0x2243c0:ra=0x0:priority=1:status=2:wait=4:wait_id=0 thread=9:pc=0x224058:ra=0x23c4e0:priority=1:status=2:wait=4:wait_id=0
[performance] host_tick=6120 host_hz=59.9905 ee_clock_ratio=0.999862 ee_cycle=30121099728
[boot-snapshot] host_tick=6120 running=0 thread=1:pc=0x238c50:ra=0x238c50:priority=0:status=2:wait=4:wait_id=0 thread=8:pc=0x2243c0:ra=0x0:priority=1:status=2:wait=4:wait_id=0 thread=9:pc=0x224058:ra=0x23c4e0:priority=1:status=2:wait=4:wait_id=0
[performance] host_tick=6240 host_hz=59.9775 ee_clock_ratio=1.00773 ee_cycle=30715703451
[boot-snapshot] host_tick=6240 running=0 thread=1:pc=0x238c50:ra=0x238c50:priority=0:status=1:wait=0:wait_id=0 thread=8:pc=0x2243c0:ra=0x0:priority=1:status=1:wait=0:wait_id=0 thread=9:pc=0x224058:ra=0x23c4e0:priority=1:status=1:wait=0:wait_id=0
[performance] host_tick=6360 host_hz=59.9927 ee_clock_ratio=0.999898 ee_cycle=31305539331
[boot-snapshot] host_tick=6360 running=0 thread=1:pc=0x238c50:ra=0x238c50:priority=0:status=1:wait=0:wait_id=0 thread=8:pc=0x2243c0:ra=0x0:priority=1:status=1:wait=0:wait_id=0 thread=9:pc=0x224058:ra=0x23c4e0:priority=1:status=1:wait=0:wait_id=0
[performance] host_tick=6480 host_hz=59.9933 ee_clock_ratio=0.999908 ee_cycle=31895375211
[boot-snapshot] host_tick=6480 running=0 thread=1:pc=0x238c50:ra=0x238c50:priority=0:status=1:wait=0:wait_id=0 thread=8:pc=0x2243c0:ra=0x0:priority=1:status=1:wait=0:wait_id=0 thread=9:pc=0x224058:ra=0x23c4e0:priority=1:status=1:wait=0:wait_id=0
[performance] host_tick=6600 host_hz=59.9859 ee_clock_ratio=0.999786 ee_cycle=32485211091
[boot-snapshot] host_tick=6600 running=0 thread=1:pc=0x238c50:ra=0x238c50:priority=0:status=1:wait=0:wait_id=0 thread=8:pc=0x2243c0:ra=0x0:priority=1:status=1:wait=0:wait_id=0 thread=9:pc=0x224058:ra=0x23c4e0:priority=1:status=1:wait=0:wait_id=0
[performance] host_tick=6720 host_hz=59.6347 ee_clock_ratio=0.99418 ee_cycle=33075194427
[boot-snapshot] host_tick=6720 running=0 thread=1:pc=0x238c50:ra=0x238c50:priority=0:status=2:wait=4:wait_id=0 thread=8:pc=0x2243c0:ra=0x0:priority=1:status=2:wait=4:wait_id=0 thread=9:pc=0x224058:ra=0x23c4e0:priority=1:status=2:wait=4:wait_id=0
[performance] host_tick=6840 host_hz=59.9359 ee_clock_ratio=0.998952 ee_cycle=33665030307
[boot-snapshot] host_tick=6840 running=0 thread=1:pc=0x238c50:ra=0x238c50:priority=0:status=2:wait=4:wait_id=0 thread=8:pc=0x2243c0:ra=0x0:priority=1:status=2:wait=4:wait_id=0 thread=9:pc=0x224058:ra=0x23c4e0:priority=1:status=2:wait=4:wait_id=0
[performance] host_tick=6960 host_hz=59.9206 ee_clock_ratio=1.00702 ee_cycle=34259781486
[boot-snapshot] host_tick=6960 running=0 thread=1:pc=0x238c50:ra=0x238c50:priority=0:status=2:wait=4:wait_id=0 thread=8:pc=0x2243c0:ra=0x0:priority=1:status=2:wait=4:wait_id=0 thread=9:pc=0x224058:ra=0x23c4e0:priority=1:status=2:wait=4:wait_id=0
[performance] host_tick=7080 host_hz=59.9867 ee_clock_ratio=0.999799 ee_cycle=34849617366
[boot-snapshot] host_tick=7080 running=0 thread=1:pc=0x238c50:ra=0x238c50:priority=0:status=2:wait=4:wait_id=0 thread=8:pc=0x2243c0:ra=0x0:priority=1:status=2:wait=4:wait_id=0 thread=9:pc=0x224058:ra=0x23c4e0:priority=1:status=2:wait=4:wait_id=0
[performance] host_tick=7200 host_hz=59.9756 ee_clock_ratio=0.999613 ee_cycle=35439453246
[boot-snapshot] host_tick=7200 running=0 thread=1:pc=0x238c50:ra=0x238c50:priority=0:status=2:wait=4:wait_id=0 thread=8:pc=0x2243c0:ra=0x0:priority=1:status=2:wait=4:wait_id=0 thread=9:pc=0x224058:ra=0x23c4e0:priority=1:status=2:wait=4:wait_id=0
[performance] host_tick=7320 host_hz=59.8547 ee_clock_ratio=0.997598 ee_cycle=36029289126
[boot-snapshot] host_tick=7320 running=0 thread=1:pc=0x238c50:ra=0x238c50:priority=0:status=2:wait=4:wait_id=0 thread=8:pc=0x2243c0:ra=0x0:priority=1:status=2:wait=4:wait_id=0 thread=9:pc=0x224058:ra=0x23c4e0:priority=1:status=2:wait=4:wait_id=0
[performance] host_tick=7440 host_hz=59.8724 ee_clock_ratio=0.997893 ee_cycle=36619125006
[boot-snapshot] host_tick=7440 running=0 thread=1:pc=0x238c50:ra=0x238c50:priority=0:status=2:wait=4:wait_id=0 thread=8:pc=0x2243c0:ra=0x0:priority=1:status=2:wait=4:wait_id=0 thread=9:pc=0x224058:ra=0x23c4e0:priority=1:status=2:wait=4:wait_id=0
[performance] host_tick=7560 host_hz=59.9696 ee_clock_ratio=0.999514 ee_cycle=37208960886
[boot-snapshot] host_tick=7560 running=0 thread=1:pc=0x238c50:ra=0x238c50:priority=0:status=2:wait=4:wait_id=0 thread=8:pc=0x2243c0:ra=0x0:priority=1:status=2:wait=4:wait_id=0 thread=9:pc=0x224058:ra=0x23c4e0:priority=1:status=2:wait=4:wait_id=0
[performance] host_tick=7680 host_hz=59.6945 ee_clock_ratio=1.00322 ee_cycle=37803712065
[boot-snapshot] host_tick=7680 running=0 thread=1:pc=0x238c50:ra=0x238c50:priority=0:status=2:wait=4:wait_id=0 thread=8:pc=0x2243c0:ra=0x0:priority=1:status=2:wait=4:wait_id=0 thread=9:pc=0x224058:ra=0x23c4e0:priority=1:status=2:wait=4:wait_id=0
[performance] host_tick=7800 host_hz=59.9848 ee_clock_ratio=0.999767 ee_cycle=38393547945
[boot-snapshot] host_tick=7800 running=0 thread=1:pc=0x238c50:ra=0x238c50:priority=0:status=2:wait=4:wait_id=0 thread=8:pc=0x2243c0:ra=0x0:priority=1:status=2:wait=4:wait_id=0 thread=9:pc=0x224058:ra=0x23c4e0:priority=1:status=2:wait=4:wait_id=0
[performance] host_tick=7920 host_hz=59.9285 ee_clock_ratio=0.998828 ee_cycle=38983383825
[boot-snapshot] host_tick=7920 running=0 thread=1:pc=0x238c50:ra=0x238c50:priority=0:status=2:wait=4:wait_id=0 thread=8:pc=0x2243c0:ra=0x0:priority=1:status=2:wait=4:wait_id=0 thread=9:pc=0x224058:ra=0x23c4e0:priority=1:status=2:wait=4:wait_id=0
[performance] host_tick=8040 host_hz=59.8953 ee_clock_ratio=0.998275 ee_cycle=39573219705
[boot-snapshot] host_tick=8040 running=0 thread=1:pc=0x238c50:ra=0x238c50:priority=0:status=2:wait=4:wait_id=0 thread=8:pc=0x2243c0:ra=0x0:priority=1:status=2:wait=4:wait_id=0 thread=9:pc=0x224058:ra=0x23c4e0:priority=1:status=2:wait=4:wait_id=0
[performance] host_tick=8160 host_hz=59.984 ee_clock_ratio=0.999753 ee_cycle=40163055585
[boot-snapshot] host_tick=8160 running=0 thread=1:pc=0x238c50:ra=0x238c50:priority=0:status=2:wait=4:wait_id=0 thread=8:pc=0x2243c0:ra=0x0:priority=1:status=2:wait=4:wait_id=0 thread=9:pc=0x224058:ra=0x23c4e0:priority=1:status=2:wait=4:wait_id=0
[performance] host_tick=8280 host_hz=59.7713 ee_clock_ratio=1.00451 ee_cycle=40757806764
[boot-snapshot] host_tick=8280 running=0 thread=1:pc=0x238c50:ra=0x238c50:priority=0:status=2:wait=4:wait_id=0 thread=8:pc=0x2243c0:ra=0x0:priority=1:status=2:wait=4:wait_id=0 thread=9:pc=0x224058:ra=0x23c4e0:priority=1:status=2:wait=4:wait_id=0
[downhill:cd-read-yield] return=0x23147c
[downhill:release-wait] target=10 status_before=2 result=0 return=0x23149c
[downhill:cd-read-yield] return=0x23147c
[downhill:cd-read-yield] return=0x23147c
[downhill:cd-read-yield] return=0x23147c
[performance] host_tick=8400 host_hz=59.984 ee_clock_ratio=0.732138 ee_cycle=41189754418
[boot-snapshot] host_tick=8400 running=10 thread=1:pc=0x25a728:ra=0x23144c:priority=0:status=2:wait=2:wait_id=8 thread=10:pc=0x254050:ra=0x240bb4:priority=2:status=0:wait=0:wait_id=0
[performance] host_tick=8520 host_hz=59.9692 ee_clock_ratio=0.0887879 ee_cycle=41242150538
[boot-snapshot] host_tick=8520 running=10 thread=1:pc=0x25a728:ra=0x23144c:priority=0:status=2:wait=2:wait_id=8 thread=10:pc=0x254050:ra=0x240bb4:priority=2:status=0:wait=0:wait_id=0
[performance] host_tick=8640 host_hz=59.8313 ee_clock_ratio=0.0910213 ee_cycle=41295988450
[boot-snapshot] host_tick=8640 running=10 thread=1:pc=0x25a728:ra=0x23144c:priority=0:status=2:wait=2:wait_id=8 thread=10:pc=0x254050:ra=0x240bb4:priority=2:status=0:wait=0:wait_id=0
[performance] host_tick=8760 host_hz=59.9762 ee_clock_ratio=0.090964 ee_cycle=41349662522
[boot-snapshot] host_tick=8760 running=10 thread=1:pc=0x25a728:ra=0x23144c:priority=0:status=2:wait=2:wait_id=8 thread=10:pc=0x254050:ra=0x240bb4:priority=2:status=0:wait=0:wait_id=0
[performance] host_tick=8880 host_hz=59.9932 ee_clock_ratio=0.0919897 ee_cycle=41403926418
[boot-snapshot] host_tick=8880 running=10 thread=1:pc=0x25a728:ra=0x23144c:priority=0:status=2:wait=2:wait_id=8 thread=10:pc=0x254050:ra=0x240bb4:priority=2:status=0:wait=0:wait_id=0
[performance] host_tick=9000 host_hz=59.9707 ee_clock_ratio=0.0897341 ee_cycle=41456879594
[boot-snapshot] host_tick=9000 running=10 thread=1:pc=0x25a728:ra=0x23144c:priority=0:status=2:wait=2:wait_id=8 thread=10:pc=0x254050:ra=0x240bb4:priority=2:status=0:wait=0:wait_id=0
[performance] host_tick=9120 host_hz=59.9716 ee_clock_ratio=0.0872366 ee_cycle=41508358202
[boot-snapshot] host_tick=9120 running=10 thread=1:pc=0x25a728:ra=0x23144c:priority=0:status=2:wait=2:wait_id=8 thread=10:pc=0x254050:ra=0x240bb4:priority=2:status=0:wait=0:wait_id=0
[performance] host_tick=9240 host_hz=59.9804 ee_clock_ratio=0.0851946 ee_cycle=41558624394
[boot-snapshot] host_tick=9240 running=10 thread=1:pc=0x25a728:ra=0x23144c:priority=0:status=2:wait=2:wait_id=8 thread=10:pc=0x254050:ra=0x240bb4:priority=2:status=0:wait=0:wait_id=0
[performance] host_tick=9360 host_hz=59.8734 ee_clock_ratio=0.086872 ee_cycle=41609971938
[boot-snapshot] host_tick=9360 running=10 thread=1:pc=0x25a728:ra=0x23144c:priority=0:status=2:wait=2:wait_id=8 thread=10:pc=0x254050:ra=0x240bb4:priority=2:status=0:wait=0:wait_id=0
[performance] host_tick=9480 host_hz=59.9844 ee_clock_ratio=0.088366 ee_cycle=41662105914
[boot-snapshot] host_tick=9480 running=10 thread=1:pc=0x25a728:ra=0x23144c:priority=0:status=2:wait=2:wait_id=8 thread=10:pc=0x254050:ra=0x240bb4:priority=2:status=0:wait=0:wait_id=0
[performance] host_tick=9600 host_hz=59.9637 ee_clock_ratio=0.0905564 ee_cycle=41715550602
[boot-snapshot] host_tick=9600 running=10 thread=1:pc=0x25a728:ra=0x23144c:priority=0:status=2:wait=2:wait_id=8 thread=10:pc=0x254050:ra=0x240bb4:priority=2:status=0:wait=0:wait_id=0
[performance] host_tick=9720 host_hz=59.9683 ee_clock_ratio=0.0867875 ee_cycle=41766767074
[boot-snapshot] host_tick=9720 running=10 thread=1:pc=0x25a728:ra=0x23144c:priority=0:status=2:wait=2:wait_id=8 thread=10:pc=0x254050:ra=0x240bb4:priority=2:status=0:wait=0:wait_id=0
[performance] host_tick=9840 host_hz=59.9957 ee_clock_ratio=0.0915492 ee_cycle=41820768826
[boot-snapshot] host_tick=9840 running=10 thread=1:pc=0x25a728:ra=0x23144c:priority=0:status=2:wait=2:wait_id=8 thread=10:pc=0x254050:ra=0x240bb4:priority=2:status=0:wait=0:wait_id=0
[performance] host_tick=9960 host_hz=59.9912 ee_clock_ratio=0.0924866 ee_cycle=41875327634
[boot-snapshot] host_tick=9960 running=10 thread=1:pc=0x25a728:ra=0x23144c:priority=0:status=2:wait=2:wait_id=8 thread=10:pc=0x254050:ra=0x240bb4:priority=2:status=0:wait=0:wait_id=0
[performance] host_tick=10080 host_hz=59.9923 ee_clock_ratio=0.0915995 ee_cycle=41929362154
[boot-snapshot] host_tick=10080 running=10 thread=1:pc=0x25a728:ra=0x23144c:priority=0:status=2:wait=2:wait_id=8 thread=10:pc=0x254050:ra=0x240bb4:priority=2:status=0:wait=0:wait_id=0
[performance] host_tick=10200 host_hz=59.8561 ee_clock_ratio=0.0913361 ee_cycle=41983363906
[boot-snapshot] host_tick=10200 running=10 thread=1:pc=0x25a728:ra=0x23144c:priority=0:status=2:wait=2:wait_id=8 thread=10:pc=0x254050:ra=0x240bb4:priority=2:status=0:wait=0:wait_id=0
[performance] host_tick=10320 host_hz=59.9255 ee_clock_ratio=0.0878354 ee_cycle=42035235730
[boot-snapshot] host_tick=10320 running=10 thread=1:pc=0x25a728:ra=0x23144c:priority=0:status=2:wait=2:wait_id=8 thread=10:pc=0x254050:ra=0x240bb4:priority=2:status=0:wait=0:wait_id=0
[performance] host_tick=10440 host_hz=59.9723 ee_clock_ratio=0.0906249 ee_cycle=42088713194
[boot-snapshot] host_tick=10440 running=10 thread=1:pc=0x25a728:ra=0x23144c:priority=0:status=2:wait=2:wait_id=8 thread=10:pc=0x254050:ra=0x240bb4:priority=2:status=0:wait=0:wait_id=0
[performance] host_tick=10560 host_hz=59.9931 ee_clock_ratio=0.0876567 ee_cycle=42140421186
[boot-snapshot] host_tick=10560 running=10 thread=1:pc=0x25a728:ra=0x23144c:priority=0:status=2:wait=2:wait_id=8 thread=10:pc=0x254050:ra=0x240bb4:priority=2:status=0:wait=0:wait_id=0
[performance] host_tick=10680 host_hz=59.9655 ee_clock_ratio=0.0917807 ee_cycle=42194586778
[boot-snapshot] host_tick=10680 running=10 thread=1:pc=0x25a728:ra=0x23144c:priority=0:status=2:wait=2:wait_id=8 thread=10:pc=0x254050:ra=0x240bb4:priority=2:status=0:wait=0:wait_id=0
