[gs:image-transfer] number=1 direction=0 dpsm=0 dbp=4872 dbw=1 rect=0,0,8,2
[gs:image-transfer] number=2 direction=0 dpsm=0 dbp=4880 dbw=1 rect=0,0,16,16
[gs:image-transfer] number=3 direction=0 dpsm=36 dbp=0 dbw=8 rect=0,0,512,512
[gs:clut-load] cbp=6753 cpsm=0 csm=0 csa=0 cld=1 entry=0 raw=0
[gs:clut-load] cbp=6753 cpsm=0 csm=0 csa=0 cld=1 entry=8 raw=0
[gs:clut-load] cbp=6753 cpsm=0 csm=0 csa=0 cld=1 entry=15 raw=0
[gs:clut-load] cbp=6753 cpsm=0 csm=0 csa=0 cld=1 entry=0 raw=0
[gs:clut-load] cbp=6753 cpsm=0 csm=0 csa=0 cld=1 entry=8 raw=0
[gs:clut-load] cbp=6753 cpsm=0 csm=0 csa=0 cld=1 entry=15 raw=0
[gs:clut-load] cbp=6753 cpsm=0 csm=0 csa=0 cld=1 entry=0 raw=0
[gs:clut-load] cbp=6753 cpsm=0 csm=0 csa=0 cld=1 entry=8 raw=0
[gs:clut-load] cbp=6753 cpsm=0 csm=0 csa=0 cld=1 entry=15 raw=0
[gs:clut-load] cbp=6753 cpsm=0 csm=0 csa=0 cld=1 entry=0 raw=0
[gs:clut-load] cbp=6753 cpsm=0 csm=0 csa=0 cld=1 entry=8 raw=0
[gs:clut-load] cbp=6753 cpsm=0 csm=0 csa=0 cld=1 entry=15 raw=0
[MC] GetInfo port=0 type=2 free=8192 format=1 result=0[MC] Sync cmd=1 result=0[gs:clut-load] cbp=6753 cpsm=0 csm=0 csa=0 cld=1 entry=0 raw=0
[gs:clut-load] cbp=6753 cpsm=0 csm=0 csa=0 cld=1 entry=8 raw=0
[gs:clut-load] cbp=6753 cpsm=0 csm=0 csa=0 cld=1 entry=15 raw=0
[gs:clut-load] cbp=6753 cpsm=0 csm=0 csa=0 cld=1 entry=0 raw=0
[gs:clut-load] cbp=6753 cpsm=0 csm=0 csa=0 cld=1 entry=8 raw=0
[gs:clut-load] cbp=6753 cpsm=0 csm=0 csa=0 cld=1 entry=15 raw=0
[gs:clut-load] cbp=6753 cpsm=0 csm=0 csa=0 cld=1 entry=0 raw=0
[gs:clut-load] cbp=6753 cpsm=0 csm=0 csa=0 cld=1 entry=8 raw=0
[gs:clut-load] cbp=6753 cpsm=0 csm=0 csa=0 cld=1 entry=15 raw=0
[gs:clut-load] cbp=6753 cpsm=0 csm=0 csa=0 cld=1 entry=0 raw=0
[gs:clut-load] cbp=6753 cpsm=0 csm=0 csa=0 cld=1 entry=8 raw=0
[gs:clut-load] cbp=6753 cpsm=0 csm=0 csa=0 cld=1 entry=15 raw=0
[gs:clut-load] cbp=6753 cpsm=0 csm=0 csa=0 cld=1 entry=0 raw=0
[gs:clut-load] cbp=6753 cpsm=0 csm=0 csa=0 cld=1 entry=8 raw=0
[gs:clut-load] cbp=6753 cpsm=0 csm=0 csa=0 cld=1 entry=15 raw=0
[MC] GetInfo port=0 type=2 free=8192 format=1 result=0[MC] Sync cmd=1 result=0[gs:clut-load] cbp=6753 cpsm=0 csm=0 csa=0 cld=1 entry=0 raw=0
[gs:clut-load] cbp=6753 cpsm=0 csm=0 csa=0 cld=1 entry=8 raw=0
[gs:clut-load] cbp=6753 cpsm=0 csm=0 csa=0 cld=1 entry=15 raw=0
[gs:clut-load] cbp=6753 cpsm=0 csm=0 csa=0 cld=1 entry=0 raw=0
[gs:clut-load] cbp=6753 cpsm=0 csm=0 csa=0 cld=1 entry=8 raw=0
[gs:clut-load] cbp=6753 cpsm=0 csm=0 csa=0 cld=1 entry=15 raw=0
[gs:clut-load] cbp=6753 cpsm=0 csm=0 csa=0 cld=1 entry=0 raw=0
[gs:clut-load] cbp=6753 cpsm=0 csm=0 csa=0 cld=1 entry=8 raw=0
[gs:clut-load] cbp=6753 cpsm=0 csm=0 csa=0 cld=1 entry=15 raw=0
[gs:clut-load] cbp=6753 cpsm=0 csm=0 csa=0 cld=1 entry=0 raw=0
[gs:clut-load] cbp=6753 cpsm=0 csm=0 csa=0 cld=1 entry=8 raw=0
[gs:clut-load] cbp=6753 cpsm=0 csm=0 csa=0 cld=1 entry=15 raw=0
[gs:clut-load] cbp=6753 cpsm=0 csm=0 csa=0 cld=1 entry=0 raw=0
[gs:clut-load] cbp=6753 cpsm=0 csm=0 csa=0 cld=1 entry=8 raw=0
[gs:clut-load] cbp=6753 cpsm=0 csm=0 csa=0 cld=1 entry=15 raw=0
[gs:clut-load] cbp=6753 cpsm=0 csm=0 csa=0 cld=1 entry=0 raw=0
[gs:clut-load] cbp=6753 cpsm=0 csm=0 csa=0 cld=1 entry=8 raw=0
[gs:clut-load] cbp=6753 cpsm=0 csm=0 csa=0 cld=1 entry=15 raw=0
[MC] GetInfo port=0 type=2 free=8192 format=1 result=0[MC] Sync cmd=1 result=0[gs:clut-load] cbp=6753 cpsm=0 csm=0 csa=0 cld=1 entry=0 raw=0
[gs:clut-load] cbp=6753 cpsm=0 csm=0 csa=0 cld=1 entry=8 raw=0
[gs:clut-load] cbp=6753 cpsm=0 csm=0 csa=0 cld=1 entry=15 raw=0
[gs:clut-load] cbp=6753 cpsm=0 csm=0 csa=0 cld=1 entry=0 raw=0
[gs:clut-load] cbp=6753 cpsm=0 csm=0 csa=0 cld=1 entry=8 raw=0
[gs:clut-load] cbp=6753 cpsm=0 csm=0 csa=0 cld=1 entry=15 raw=0
[gs:clut-load] cbp=6753 cpsm=0 csm=0 csa=0 cld=1 entry=0 raw=0
[gs:clut-load] cbp=6753 cpsm=0 csm=0 csa=0 cld=1 entry=8 raw=0
[gs:clut-load] cbp=6753 cpsm=0 csm=0 csa=0 cld=1 entry=15 raw=0
[gs:clut-load] cbp=6753 cpsm=0 csm=0 csa=0 cld=1 entry=0 raw=0
[gs:clut-load] cbp=6753 cpsm=0 csm=0 csa=0 cld=1 entry=8 raw=0
[gs:clut-load] cbp=6753 cpsm=0 csm=0 csa=0 cld=1 entry=15 raw=0
[gs:clut-load] cbp=6753 cpsm=0 csm=0 csa=0 cld=1 entry=0 raw=0
[gs:clut-load] cbp=6753 cpsm=0 csm=0 csa=0 cld=1 entry=8 raw=0
[gs:clut-load] cbp=6753 cpsm=0 csm=0 csa=0 cld=1 entry=15 raw=0
[MC] GetDir port=0 '*' maxent=100 -> result=2[MC] Sync cmd=13 result=2[gs:clut-load] cbp=6753 cpsm=0 csm=0 csa=0 cld=1 entry=0 raw=0
[gs:clut-load] cbp=6753 cpsm=0 csm=0 csa=0 cld=1 entry=8 raw=0
[gs:clut-load] cbp=6753 cpsm=0 csm=0 csa=0 cld=1 entry=15 raw=0
[gs:clut-load] cbp=6753 cpsm=0 csm=0 csa=0 cld=1 entry=0 raw=0
[gs:clut-load] cbp=6753 cpsm=0 csm=0 csa=0 cld=1 entry=8 raw=0
[gs:clut-load] cbp=6753 cpsm=0 csm=0 csa=0 cld=1 entry=15 raw=0
[gs:clut-load] cbp=6753 cpsm=0 csm=0 csa=0 cld=1 entry=0 raw=0
[gs:clut-load] cbp=6753 cpsm=0 csm=0 csa=0 cld=1 entry=8 raw=0
[gs:clut-load] cbp=6753 cpsm=0 csm=0 csa=0 cld=1 entry=15 raw=0
[gs:clut-load] cbp=6753 cpsm=0 csm=0 csa=0 cld=1 entry=0 raw=0
[gs:clut-load] cbp=6753 cpsm=0 csm=0 csa=0 cld=1 entry=8 raw=0
[gs:clut-load] cbp=6753 cpsm=0 csm=0 csa=0 cld=1 entry=15 raw=0
[gs:clut-load] cbp=6753 cpsm=0 csm=0 csa=0 cld=1 entry=0 raw=0
[gs:clut-load] cbp=6753 cpsm=0 csm=0 csa=0 cld=1 entry=8 raw=0
[gs:clut-load] cbp=6753 cpsm=0 csm=0 csa=0 cld=1 entry=15 raw=0
[MC] GetInfo port=0 type=2 free=8192 format=1 result=0[MC] Sync cmd=1 result=0[gs:clut-load] cbp=6753 cpsm=0 csm=0 csa=0 cld=1 entry=0 raw=0
[gs:clut-load] cbp=6753 cpsm=0 csm=0 csa=0 cld=1 entry=8 raw=0
[gs:clut-load] cbp=6753 cpsm=0 csm=0 csa=0 cld=1 entry=15 raw=0
[gs:clut-load] cbp=6753 cpsm=0 csm=0 csa=0 cld=1 entry=0 raw=0
[gs:clut-load] cbp=6753 cpsm=0 csm=0 csa=0 cld=1 entry=8 raw=0
[gs:clut-load] cbp=6753 cpsm=0 csm=0 csa=0 cld=1 entry=15 raw=0
[gs:clut-load] cbp=6753 cpsm=0 csm=0 csa=0 cld=1 entry=0 raw=0
[gs:clut-load] cbp=6753 cpsm=0 csm=0 csa=0 cld=1 entry=8 raw=0
[gs:clut-load] cbp=6753 cpsm=0 csm=0 csa=0 cld=1 entry=15 raw=0
[gs:clut-load] cbp=6753 cpsm=0 csm=0 csa=0 cld=1 entry=0 raw=0
[gs:clut-load] cbp=6753 cpsm=0 csm=0 csa=0 cld=1 entry=8 raw=0
[gs:clut-load] cbp=6753 cpsm=0 csm=0 csa=0 cld=1 entry=15 raw=0
[gs:clut-load] cbp=6753 cpsm=0 csm=0 csa=0 cld=1 entry=0 raw=0
[gs:clut-load] cbp=6753 cpsm=0 csm=0 csa=0 cld=1 entry=8 raw=0
[gs:clut-load] cbp=6753 cpsm=0 csm=0 csa=0 cld=1 entry=15 raw=0
[gs:clut-load] cbp=6753 cpsm=0 csm=0 csa=0 cld=1 entry=0 raw=0
[gs:clut-load] cbp=6753 cpsm=0 csm=0 csa=0 cld=1 entry=8 raw=0
[gs:clut-load] cbp=6753 cpsm=0 csm=0 csa=0 cld=1 entry=15 raw=0
[MC] GetDir port=0 '*' maxent=100 -> result=2[MC] Sync cmd=13 result=2[gs:clut-load] cbp=6753 cpsm=0 csm=0 csa=0 cld=1 entry=0 raw=0
[gs:clut-load] cbp=6753 cpsm=0 csm=0 csa=0 cld=1 entry=8 raw=0
[gs:clut-load] cbp=6753 cpsm=0 csm=0 csa=0 cld=1 entry=15 raw=0
[gs:clut-load] cbp=6753 cpsm=0 csm=0 csa=0 cld=1 entry=0 raw=0
[gs:clut-load] cbp=6753 cpsm=0 csm=0 csa=0 cld=1 entry=8 raw=0
[gs:clut-load] cbp=6753 cpsm=0 csm=0 csa=0 cld=1 entry=15 raw=0
[gs:clut-load] cbp=6753 cpsm=0 csm=0 csa=0 cld=1 entry=0 raw=0
[gs:clut-load] cbp=6753 cpsm=0 csm=0 csa=0 cld=1 entry=8 raw=0
[gs:clut-load] cbp=6753 cpsm=0 csm=0 csa=0 cld=1 entry=15 raw=0
[gs:clut-load] cbp=6753 cpsm=0 csm=0 csa=0 cld=1 entry=0 raw=0
[gs:clut-load] cbp=6753 cpsm=0 csm=0 csa=0 cld=1 entry=8 raw=0
[gs:clut-load] cbp=6753 cpsm=0 csm=0 csa=0 cld=1 entry=15 raw=0
[gs:clut-load] cbp=6753 cpsm=0 csm=0 csa=0 cld=1 entry=0 raw=0
[gs:clut-load] cbp=6753 cpsm=0 csm=0 csa=0 cld=1 entry=8 raw=0
[gs:clut-load] cbp=6753 cpsm=0 csm=0 csa=0 cld=1 entry=15 raw=0
[MC] GetInfo port=0 type=2 free=8192 format=1 result=0[MC] Sync cmd=1 result=0[gs:clut-load] cbp=6753 cpsm=0 csm=0 csa=0 cld=1 entry=0 raw=0
[gs:clut-load] cbp=6753 cpsm=0 csm=0 csa=0 cld=1 entry=8 raw=0
[gs:clut-load] cbp=6753 cpsm=0 csm=0 csa=0 cld=1 entry=15 raw=0
[gs:clut-load] cbp=6753 cpsm=0 csm=0 csa=0 cld=1 entry=0 raw=0
[gs:clut-load] cbp=6753 cpsm=0 csm=0 csa=0 cld=1 entry=8 raw=0
[gs:clut-load] cbp=6753 cpsm=0 csm=0 csa=0 cld=1 entry=15 raw=0
[gs:clut-load] cbp=6753 cpsm=0 csm=0 csa=0 cld=1 entry=0 raw=0
[gs:clut-load] cbp=6753 cpsm=0 csm=0 csa=0 cld=1 entry=8 raw=0
[gs:clut-load] cbp=6753 cpsm=0 csm=0 csa=0 cld=1 entry=15 raw=0
[gs:clut-load] cbp=6753 cpsm=0 csm=0 csa=0 cld=1 entry=0 raw=0
[gs:clut-load] cbp=6753 cpsm=0 csm=0 csa=0 cld=1 entry=8 raw=0
[gs:clut-load] cbp=6753 cpsm=0 csm=0 csa=0 cld=1 entry=15 raw=0
[gs:clut-load] cbp=6753 cpsm=0 csm=0 csa=0 cld=1 entry=0 raw=0
[gs:clut-load] cbp=6753 cpsm=0 csm=0 csa=0 cld=1 entry=8 raw=0
[gs:clut-load] cbp=6753 cpsm=0 csm=0 csa=0 cld=1 entry=15 raw=0
[gs:clut-load] cbp=6753 cpsm=0 csm=0 csa=0 cld=1 entry=0 raw=0
[gs:clut-load] cbp=6753 cpsm=0 csm=0 csa=0 cld=1 entry=8 raw=0
[gs:clut-load] cbp=6753 cpsm=0 csm=0 csa=0 cld=1 entry=15 raw=0
[MC] GetInfo port=0 type=2 free=8192 format=1 result=0[MC] Sync cmd=1 result=0[gs:clut-load] cbp=6753 cpsm=0 csm=0 csa=0 cld=1 entry=0 raw=0
[gs:clut-load] cbp=6753 cpsm=0 csm=0 csa=0 cld=1 entry=8 raw=0
[gs:clut-load] cbp=6753 cpsm=0 csm=0 csa=0 cld=1 entry=15 raw=0
[gs:clut-load] cbp=6753 cpsm=0 csm=0 csa=0 cld=1 entry=0 raw=0
[gs:clut-load] cbp=6753 cpsm=0 csm=0 csa=0 cld=1 entry=8 raw=0
[gs:clut-load] cbp=6753 cpsm=0 csm=0 csa=0 cld=1 entry=15 raw=0
[gs:clut-load] cbp=6753 cpsm=0 csm=0 csa=0 cld=1 entry=0 raw=0
[gs:clut-load] cbp=6753 cpsm=0 csm=0 csa=0 cld=1 entry=8 raw=0
[gs:clut-load] cbp=6753 cpsm=0 csm=0 csa=0 cld=1 entry=15 raw=0
[gs:clut-load] cbp=6753 cpsm=0 csm=0 csa=0 cld=1 entry=0 raw=0
[gs:clut-load] cbp=6753 cpsm=0 csm=0 csa=0 cld=1 entry=8 raw=0
[gs:clut-load] cbp=6753 cpsm=0 csm=0 csa=0 cld=1 entry=15 raw=0
[gs:clut-load] cbp=6753 cpsm=0 csm=0 csa=0 cld=1 entry=0 raw=0
[gs:clut-load] cbp=6753 cpsm=0 csm=0 csa=0 cld=1 entry=8 raw=0
[gs:clut-load] cbp=6753 cpsm=0 csm=0 csa=0 cld=1 entry=15 raw=0
[MC] GetDir port=0 '*' maxent=100 -> result=2[MC] Sync cmd=13 result=2[gs:clut-load] cbp=6753 cpsm=0 csm=0 csa=0 cld=1 entry=0 raw=0
[gs:clut-load] cbp=6753 cpsm=0 csm=0 csa=0 cld=1 entry=8 raw=0
[gs:clut-load] cbp=6753 cpsm=0 csm=0 csa=0 cld=1 entry=15 raw=0
[gs:clut-load] cbp=6753 cpsm=0 csm=0 csa=0 cld=1 entry=0 raw=0
[gs:clut-load] cbp=6753 cpsm=0 csm=0 csa=0 cld=1 entry=8 raw=0
[gs:clut-load] cbp=6753 cpsm=0 csm=0 csa=0 cld=1 entry=15 raw=0
[gs:clut-load] cbp=6753 cpsm=0 csm=0 csa=0 cld=1 entry=0 raw=0
[gs:clut-load] cbp=6753 cpsm=0 csm=0 csa=0 cld=1 entry=8 raw=0
[gs:clut-load] cbp=6753 cpsm=0 csm=0 csa=0 cld=1 entry=15 raw=0
[gs:clut-load] cbp=6753 cpsm=0 csm=0 csa=0 cld=1 entry=0 raw=0
[gs:clut-load] cbp=6753 cpsm=0 csm=0 csa=0 cld=1 entry=8 raw=0
[gs:clut-load] cbp=6753 cpsm=0 csm=0 csa=0 cld=1 entry=15 raw=0
[gs:clut-load] cbp=6753 cpsm=0 csm=0 csa=0 cld=1 entry=0 raw=0
[gs:clut-load] cbp=6753 cpsm=0 csm=0 csa=0 cld=1 entry=8 raw=0
[gs:clut-load] cbp=6753 cpsm=0 csm=0 csa=0 cld=1 entry=15 raw=0
[MC] GetInfo port=0 type=2 free=8192 format=1 result=0[MC] Sync cmd=1 result=0[gs:clut-load] cbp=6753 cpsm=0 csm=0 csa=0 cld=1 entry=0 raw=0
[gs:clut-load] cbp=6753 cpsm=0 csm=0 csa=0 cld=1 entry=8 raw=0
[gs:clut-load] cbp=6753 cpsm=0 csm=0 csa=0 cld=1 entry=15 raw=0
[gs:clut-load] cbp=6753 cpsm=0 csm=0 csa=0 cld=1 entry=0 raw=0
[gs:clut-load] cbp=6753 cpsm=0 csm=0 csa=0 cld=1 entry=8 raw=0
[gs:clut-load] cbp=6753 cpsm=0 csm=0 csa=0 cld=1 entry=15 raw=0
[gs:image-transfer] number=4 direction=0 dpsm=0 dbp=8960 dbw=10 rect=0,0,16,16
[gs:image-transfer] number=5 direction=0 dpsm=0 dbp=8960 dbw=10 rect=0,16,16,16
[gs:image-transfer] number=6 direction=0 dpsm=0 dbp=8960 dbw=10 rect=0,32,16,16
[gs:image-transfer] number=7 direction=0 dpsm=0 dbp=8960 dbw=10 rect=0,48,16,16
[gs:image-transfer] number=8 direction=0 dpsm=0 dbp=8960 dbw=10 rect=0,64,16,16
[gs:image-transfer] number=9 direction=0 dpsm=0 dbp=8960 dbw=10 rect=0,80,16,16
[gs:image-transfer] number=10 direction=0 dpsm=0 dbp=8960 dbw=10 rect=0,96,16,16
[gs:image-transfer] number=11 direction=0 dpsm=0 dbp=8960 dbw=10 rect=0,112,16,16
[gs:image-transfer] number=12 direction=0 dpsm=0 dbp=8960 dbw=10 rect=0,128,16,16
[gs:image-transfer] number=13 direction=0 dpsm=0 dbp=8960 dbw=10 rect=0,144,16,16
[gs:image-transfer] number=14 direction=0 dpsm=0 dbp=8960 dbw=10 rect=0,160,16,16
[gs:image-transfer] number=15 direction=0 dpsm=0 dbp=8960 dbw=10 rect=0,176,16,16
[gs:image-transfer] number=16 direction=0 dpsm=0 dbp=8960 dbw=10 rect=0,192,16,16
[gs:image-transfer] number=256 direction=0 dpsm=0 dbp=8960 dbw=10 rect=160,352,16,16
[gs:image-transfer] number=512 direction=0 dpsm=0 dbp=8960 dbw=10 rect=352,32,16,16
[gs:image-transfer] number=768 direction=0 dpsm=0 dbp=8960 dbw=10 rect=528,80,16,16
[gs:image-transfer] number=1024 direction=0 dpsm=0 dbp=8960 dbw=10 rect=64,128,16,16
[gs:image-transfer] number=1280 direction=0 dpsm=0 dbp=8960 dbw=10 rect=240,176,16,16
[gs:image-transfer] number=1536 direction=0 dpsm=0 dbp=8960 dbw=10 rect=416,224,16,16
[gs:image-transfer] number=1792 direction=0 dpsm=0 dbp=8960 dbw=10 rect=592,272,16,16
[gs:image-transfer] number=2048 direction=0 dpsm=0 dbp=8960 dbw=10 rect=128,320,16,16
[gs:image-transfer] number=2304 direction=0 dpsm=0 dbp=8960 dbw=10 rect=320,0,16,16
[gs:image-transfer] number=2560 direction=0 dpsm=0 dbp=8960 dbw=10 rect=496,48,16,16
[gs:image-transfer] number=2816 direction=0 dpsm=0 dbp=8960 dbw=10 rect=32,96,16,16
[gs:image-transfer] number=3072 direction=0 dpsm=0 dbp=8960 dbw=10 rect=208,144,16,16
[gs:image-transfer] number=3328 direction=0 dpsm=0 dbp=8960 dbw=10 rect=384,192,16,16
[gs:image-transfer] number=3584 direction=0 dpsm=0 dbp=8960 dbw=10 rect=560,240,16,16
[gs:image-transfer] number=3840 direction=0 dpsm=0 dbp=8960 dbw=10 rect=96,288,16,16
[gs:image-transfer] number=4096 direction=0 dpsm=0 dbp=8960 dbw=10 rect=272,336,16,16
[gs:image-transfer] number=4352 direction=0 dpsm=0 dbp=8960 dbw=10 rect=464,16,16,16
[gs:image-transfer] number=4608 direction=0 dpsm=0 dbp=8960 dbw=10 rect=0,64,16,16
[gs:image-transfer] number=4864 direction=0 dpsm=0 dbp=8960 dbw=10 rect=176,112,16,16
[gs:image-transfer] number=5120 direction=0 dpsm=0 dbp=8960 dbw=10 rect=352,160,16,16
[gs:image-transfer] number=5376 direction=0 dpsm=0 dbp=8960 dbw=10 rect=528,208,16,16
[gs:image-transfer] number=5632 direction=0 dpsm=0 dbp=8960 dbw=10 rect=64,256,16,16
[gs:image-transfer] number=5888 direction=0 dpsm=0 dbp=8960 dbw=10 rect=240,304,16,16
[gs:image-transfer] number=6144 direction=0 dpsm=0 dbp=8960 dbw=10 rect=416,352,16,16
[gs:image-transfer] number=6400 direction=0 dpsm=0 dbp=8960 dbw=10 rect=608,32,16,16
[gs:image-transfer] number=6656 direction=0 dpsm=0 dbp=8960 dbw=10 rect=144,80,16,16
[gs:image-transfer] number=6912 direction=0 dpsm=0 dbp=8960 dbw=10 rect=320,128,16,16
[gs:image-transfer] number=7168 direction=0 dpsm=0 dbp=8960 dbw=10 rect=496,176,16,16
[gs:image-transfer] number=7424 direction=0 dpsm=0 dbp=8960 dbw=10 rect=32,224,16,16
[gs:image-transfer] number=7680 direction=0 dpsm=0 dbp=8960 dbw=10 rect=208,272,16,16
[gs:image-transfer] number=7936 direction=0 dpsm=0 dbp=8960 dbw=10 rect=384,320,16,16
[gs:image-transfer] number=8192 direction=0 dpsm=0 dbp=8960 dbw=10 rect=576,0,16,16
[gs:image-transfer] number=8448 direction=0 dpsm=0 dbp=8960 dbw=10 rect=112,48,16,16
[gs:image-transfer] number=8704 direction=0 dpsm=0 dbp=8960 dbw=10 rect=288,96,16,16
[gs:image-transfer] number=8960 direction=0 dpsm=0 dbp=8960 dbw=10 rect=464,144,16,16
[gs:image-transfer] number=9216 direction=0 dpsm=0 dbp=8960 dbw=10 rect=0,192,16,16
[gs:image-transfer] number=9472 direction=0 dpsm=0 dbp=8960 dbw=10 rect=176,240,16,16
[gs:image-transfer] number=9728 direction=0 dpsm=0 dbp=8960 dbw=10 rect=352,288,16,16
[gs:image-transfer] number=9984 direction=0 dpsm=0 dbp=8960 dbw=10 rect=528,336,16,16
[gs:image-transfer] number=10240 direction=0 dpsm=0 dbp=8960 dbw=10 rect=80,16,16,16
[gs:image-transfer] number=10496 direction=0 dpsm=0 dbp=8960 dbw=10 rect=256,64,16,16
[gs:image-transfer] number=10752 direction=0 dpsm=0 dbp=8960 dbw=10 rect=432,112,16,16
[gs:image-transfer] number=11008 direction=0 dpsm=0 dbp=8960 dbw=10 rect=608,160,16,16
[gs:image-transfer] number=11264 direction=0 dpsm=0 dbp=8960 dbw=10 rect=144,208,16,16
[gs:image-transfer] number=11520 direction=0 dpsm=0 dbp=8960 dbw=10 rect=320,256,16,16
[gs:image-transfer] number=11776 direction=0 dpsm=0 dbp=8960 dbw=10 rect=496,304,16,16
[gs:image-transfer] number=12032 direction=0 dpsm=0 dbp=8960 dbw=10 rect=32,352,16,16
[gs:image-transfer] number=12288 direction=0 dpsm=0 dbp=8960 dbw=10 rect=224,32,16,16
[gs:image-transfer] number=12544 direction=0 dpsm=0 dbp=8960 dbw=10 rect=400,80,16,16
[gs:image-transfer] number=12800 direction=0 dpsm=0 dbp=8960 dbw=10 rect=576,128,16,16
[gs:image-transfer] number=13056 direction=0 dpsm=0 dbp=8960 dbw=10 rect=112,176,16,16
[gs:image-transfer] number=13312 direction=0 dpsm=0 dbp=8960 dbw=10 rect=288,224,16,16
[gs:image-transfer] number=13568 direction=0 dpsm=0 dbp=8960 dbw=10 rect=464,272,16,16
[gs:image-transfer] number=13824 direction=0 dpsm=0 dbp=8960 dbw=10 rect=0,320,16,16
[gs:image-transfer] number=14080 direction=0 dpsm=0 dbp=8960 dbw=10 rect=192,0,16,16
[gs:image-transfer] number=14336 direction=0 dpsm=0 dbp=8960 dbw=10 rect=368,48,16,16
[gs:image-transfer] number=14592 direction=0 dpsm=0 dbp=8960 dbw=10 rect=544,96,16,16
[gs:image-transfer] number=14848 direction=0 dpsm=0 dbp=8960 dbw=10 rect=80,144,16,16
[gs:image-transfer] number=15104 direction=0 dpsm=0 dbp=8960 dbw=10 rect=256,192,16,16
[gs:image-transfer] number=15360 direction=0 dpsm=0 dbp=8960 dbw=10 rect=432,240,16,16
[gs:image-transfer] number=15616 direction=0 dpsm=0 dbp=8960 dbw=10 rect=608,288,16,16
[gs:image-transfer] number=15872 direction=0 dpsm=0 dbp=8960 dbw=10 rect=144,336,16,16
[gs:image-transfer] number=16128 direction=0 dpsm=0 dbp=8960 dbw=10 rect=336,16,16,16
[gs:image-transfer] number=16384 direction=0 dpsm=0 dbp=8960 dbw=10 rect=512,64,16,16
[gs:image-transfer] number=16640 direction=0 dpsm=0 dbp=8960 dbw=10 rect=48,112,16,16
[gs:image-transfer] number=16896 direction=0 dpsm=0 dbp=8960 dbw=10 rect=224,160,16,16
[gs:image-transfer] number=17152 direction=0 dpsm=0 dbp=8960 dbw=10 rect=400,208,16,16
[gs:image-transfer] number=17408 direction=0 dpsm=0 dbp=8960 dbw=10 rect=576,256,16,16
[gs:image-transfer] number=17664 direction=0 dpsm=0 dbp=8960 dbw=10 rect=112,304,16,16
[gs:image-transfer] number=17920 direction=0 dpsm=0 dbp=8960 dbw=10 rect=288,352,16,16
[gs:image-transfer] number=18176 direction=0 dpsm=0 dbp=8960 dbw=10 rect=480,32,16,16
[gs:image-transfer] number=18432 direction=0 dpsm=0 dbp=8960 dbw=10 rect=16,80,16,16
[gs:image-transfer] number=18688 direction=0 dpsm=0 dbp=8960 dbw=10 rect=192,128,16,16
[gs:image-transfer] number=18944 direction=0 dpsm=0 dbp=8960 dbw=10 rect=368,176,16,16
[gs:image-transfer] number=19200 direction=0 dpsm=0 dbp=8960 dbw=10 rect=544,224,16,16
[gs:image-transfer] number=19456 direction=0 dpsm=0 dbp=8960 dbw=10 rect=80,272,16,16
[gs:image-transfer] number=19712 direction=0 dpsm=0 dbp=8960 dbw=10 rect=256,320,16,16
[gs:image-transfer] number=19968 direction=0 dpsm=0 dbp=8960 dbw=10 rect=448,0,16,16
[boot-snapshot] host_tick=4200 running=0 thread=1:pc=0x238c50:ra=0x238c50:priority=0:status=1:wait=0:wait_id=0
[gs:pipeline] host_tick=4297 dma=22808 gif=8864 vif=10 display_fbp=140 source_fbp=140 width=640 height=224 preferred=0 ctx0_fbp=70 ctx1_fbp=70 transfer_total=0 transfer_copied=4096
[boot-snapshot] host_tick=4320 running=0 thread=1:pc=0x238c50:ra=0x238c50:priority=0:status=1:wait=0:wait_id=0
[gs:pipeline] host_tick=4421 dma=23555 gif=9113 vif=10 display_fbp=140 source_fbp=140 width=640 height=224 preferred=0 ctx0_fbp=70 ctx1_fbp=70 transfer_total=0 transfer_copied=4096
[boot-snapshot] host_tick=4440 running=0 thread=1:pc=0x238c50:ra=0x238c50:priority=0:status=1:wait=0:wait_id=0
[boot-snapshot] host_tick=4560 running=14 thread=1:pc=0x23147c:ra=0x23147c:priority=0:status=2:wait=4:wait_id=0 thread=14:pc=0x25a728:ra=0x2317f8:priority=2:status=0:wait=0:wait_id=0
[boot-snapshot] host_tick=4680 running=14 thread=1:pc=0x25a728:ra=0x23144c:priority=0:status=2:wait=2:wait_id=46 thread=14:pc=0x25a708:ra=0x254fdc:priority=2:status=0:wait=0:wait_id=0
[gs:pipeline] host_tick=4549 dma=23813 gif=9196 vif=12 display_fbp=112 source_fbp=112 width=512 height=224 preferred=0 ctx0_fbp=56 ctx1_fbp=56 transfer_total=0 transfer_copied=16
[boot-snapshot] host_tick=4800 running=15 thread=1:pc=0x23147c:ra=0x23147c:priority=0:status=2:wait=4:wait_id=0 thread=15:pc=0x25a708:ra=0x254fdc:priority=2:status=0:wait=0:wait_id=0
[boot-snapshot] host_tick=4920 running=16 thread=1:pc=0x23147c:ra=0x23147c:priority=0:status=2:wait=4:wait_id=0 thread=16:pc=0x25a708:ra=0x254fdc:priority=2:status=0:wait=0:wait_id=0
[boot-snapshot] host_tick=5040 running=0 thread=1:pc=0x238c50:ra=0x238c50:priority=0:status=1:wait=0:wait_id=0
[gs:pipeline] host_tick=4730 dma=23871 gif=9230 vif=14 display_fbp=112 source_fbp=112 width=512 height=224 preferred=0 ctx0_fbp=56 ctx1_fbp=56 transfer_total=0 transfer_copied=16
[boot-snapshot] host_tick=5160 running=0 thread=1:pc=0x238c50:ra=0x238c50:priority=0:status=1:wait=0:wait_id=0
[gs:pipeline] host_tick=4858 dma=24383 gif=9486 vif=14 display_fbp=112 source_fbp=112 width=512 height=224 preferred=0 ctx0_fbp=56 ctx1_fbp=56 transfer_total=0 transfer_copied=16
[boot-snapshot] host_tick=5280 running=0 thread=1:pc=0x238c50:ra=0x238c50:priority=0:status=1:wait=0:wait_id=0
[gs:pipeline] host_tick=4981 dma=24875 gif=9732 vif=14 display_fbp=56 source_fbp=56 width=512 height=224 preferred=0 ctx0_fbp=112 ctx1_fbp=112 transfer_total=0 transfer_copied=16
