[guest-branch:missing-target] kind=Return op=JR $ra source=0x25ef70 target=0x0 pc=0x0 ra=0x0 sp=0x1fffff0 gp=0x2a40f0 a0=0x8001218c a1=0x80080000 a2=0x25ef38 a3=0x29e580 s0=0x282218 s1=0x0 v0=0x8001218c v1=0x83 a0Readable=no a0[0]=0x0 a0[4]=0x0 a0[8]=0x0 a0[c]=0x0 s0Readable=yes s0[0]=0x83 s0[4]=0x25ef38 s0[8]=0x5a s0[c]=0x25ef00 recordReadable=yes record[0]=0x8c820000 record[4]=0x1046000b record[8]=0x85102b record[c]=0x5040000a vtableReadable=no vtbl[0]=0x0 vtbl[4]=0x0 vtbl[8]=0x0 vtbl[c]=0x0 codeRegion=no policy=1 trace=0x10a008 -> 0x10a12c -> 0x10a12c -> 0x10a12c -> 0x10a12c -> 0x25f0a0 -> 0x25eeb8 -> 0x25a6e0 -> 0x25a6e0 -> 0x25ef90 -> 0x25f090 -> 0x25f090 -> 0x25ef78 -> 0x25ef38
[boot-snapshot] host_tick=120 running=0 thread=1:pc=0x238c50:ra=0x238c50:priority=0:status=2:wait=4:wait_id=0 thread=2:pc=0x2243c0:ra=0x0:priority=1:status=2:wait=4:wait_id=0 thread=3:pc=0x224058:ra=0x23c4e0:priority=1:status=2:wait=4:wait_id=0
[gs:pipeline] host_tick=125 dma=405 gif=294 vif=6 display_fbp=280 source_fbp=280 width=640 height=368 preferred=0 ctx0_fbp=70 ctx1_fbp=70 transfer_total=0 transfer_copied=256
[boot-snapshot] host_tick=240 running=1 thread=1:pc=0x25a708:ra=0x23b558:priority=0:status=0:wait=0:wait_id=0 thread=2:pc=0x2243c0:ra=0x0:priority=1:status=1:wait=0:wait_id=0 thread=3:pc=0x224058:ra=0x23c4e0:priority=1:status=1:wait=0:wait_id=0
[gs:pipeline] host_tick=245 dma=765 gif=654 vif=6 display_fbp=280 source_fbp=280 width=640 height=368 preferred=0 ctx0_fbp=70 ctx1_fbp=70 transfer_total=0 transfer_copied=256
[boot-snapshot] host_tick=360 running=0 thread=1:pc=0x238c50:ra=0x238c50:priority=0:status=1:wait=0:wait_id=0 thread=4:pc=0x2243c0:ra=0x0:priority=1:status=1:wait=0:wait_id=0 thread=5:pc=0x224058:ra=0x23c4e0:priority=1:status=1:wait=0:wait_id=0
[gs:pipeline] host_tick=366 dma=1103 gif=992 vif=6 display_fbp=280 source_fbp=280 width=640 height=368 preferred=0 ctx0_fbp=70 ctx1_fbp=70 transfer_total=0 transfer_copied=256
[boot-snapshot] host_tick=480 running=0 thread=1:pc=0x238c50:ra=0x238c50:priority=0:status=1:wait=0:wait_id=0 thread=4:pc=0x2243c0:ra=0x0:priority=1:status=1:wait=0:wait_id=0 thread=5:pc=0x224058:ra=0x23c4e0:priority=1:status=1:wait=0:wait_id=0
[gs:pipeline] host_tick=486 dma=1463 gif=1352 vif=6 display_fbp=280 source_fbp=280 width=640 height=368 preferred=0 ctx0_fbp=70 ctx1_fbp=70 transfer_total=0 transfer_copied=256
[boot-snapshot] host_tick=600 running=0 thread=1:pc=0x238c50:ra=0x238c50:priority=0:status=1:wait=0:wait_id=0 thread=4:pc=0x2243c0:ra=0x0:priority=1:status=1:wait=0:wait_id=0 thread=5:pc=0x224058:ra=0x23c4e0:priority=1:status=1:wait=0:wait_id=0
[gs:pipeline] host_tick=606 dma=1823 gif=1712 vif=6 display_fbp=280 source_fbp=280 width=640 height=368 preferred=0 ctx0_fbp=70 ctx1_fbp=70 transfer_total=0 transfer_copied=256
[boot-snapshot] host_tick=720 running=0 thread=1:pc=0x238c50:ra=0x238c50:priority=0:status=2:wait=4:wait_id=0
[gs:pipeline] host_tick=726 dma=2130 gif=1976 vif=8 display_fbp=112 source_fbp=112 width=512 height=224 preferred=0 ctx0_fbp=56 ctx1_fbp=56 transfer_total=0 transfer_copied=16
[boot-snapshot] host_tick=840 running=10 thread=1:pc=0x25a728:ra=0x23144c:priority=0:status=2:wait=2:wait_id=9 thread=10:pc=0x25a708:ra=0x254fdc:priority=2:status=0:wait=0:wait_id=0
[boot-snapshot] host_tick=960 running=12 thread=1:pc=0x23147c:ra=0x23147c:priority=0:status=2:wait=4:wait_id=0 thread=12:pc=0x25a708:ra=0x254fdc:priority=2:status=0:wait=0:wait_id=0
[gs:pipeline] host_tick=846 dma=2130 gif=1976 vif=8 display_fbp=112 source_fbp=112 width=512 height=224 preferred=0 ctx0_fbp=56 ctx1_fbp=56 transfer_total=0 transfer_copied=4096
[boot-snapshot] host_tick=1080 running=0 thread=1:pc=0x238c50:ra=0x238c50:priority=0:status=1:wait=0:wait_id=0
[gs:pipeline] host_tick=972 dma=2858 gif=2214 vif=10 display_fbp=70 source_fbp=70 width=640 height=224 preferred=0 ctx0_fbp=140 ctx1_fbp=140 transfer_total=0 transfer_copied=4096
[boot-snapshot] host_tick=1200 running=0 thread=1:pc=0x238c50:ra=0x238c50:priority=0:status=1:wait=0:wait_id=0
[gs:pipeline] host_tick=1092 dma=3578 gif=2454 vif=10 display_fbp=70 source_fbp=70 width=640 height=224 preferred=0 ctx0_fbp=140 ctx1_fbp=140 transfer_total=0 transfer_copied=4096
[boot-snapshot] host_tick=1320 running=0 thread=1:pc=0x238c50:ra=0x238c50:priority=0:status=1:wait=0:wait_id=0
[boot-snapshot] host_tick=1440 running=0 thread=1:pc=0x238c50:ra=0x238c50:priority=0:status=1:wait=0:wait_id=0
[gs:pipeline] host_tick=1212 dma=4298 gif=2694 vif=10 display_fbp=70 source_fbp=70 width=640 height=224 preferred=0 ctx0_fbp=140 ctx1_fbp=140 transfer_total=0 transfer_copied=4096
[boot-snapshot] host_tick=1560 running=0 thread=1:pc=0x238c50:ra=0x238c50:priority=0:status=1:wait=0:wait_id=0
[gs:pipeline] host_tick=1332 dma=5018 gif=2934 vif=10 display_fbp=70 source_fbp=70 width=640 height=224 preferred=0 ctx0_fbp=140 ctx1_fbp=140 transfer_total=0 transfer_copied=4096
[boot-snapshot] host_tick=1680 running=0 thread=1:pc=0x238c50:ra=0x238c50:priority=0:status=1:wait=0:wait_id=0
[gs:pipeline] host_tick=1452 dma=5738 gif=3174 vif=10 display_fbp=70 source_fbp=70 width=640 height=224 preferred=0 ctx0_fbp=140 ctx1_fbp=140 transfer_total=0 transfer_copied=4096
[boot-snapshot] host_tick=1800 running=0 thread=1:pc=0x238c50:ra=0x238c50:priority=0:status=1:wait=0:wait_id=0
[gs:pipeline] host_tick=1572 dma=6458 gif=3414 vif=10 display_fbp=70 source_fbp=70 width=640 height=224 preferred=0 ctx0_fbp=140 ctx1_fbp=140 transfer_total=0 transfer_copied=4096
[boot-snapshot] host_tick=1920 running=0 thread=1:pc=0x238c50:ra=0x238c50:priority=0:status=1:wait=0:wait_id=0
[boot-snapshot] host_tick=2040 running=0 thread=1:pc=0x238c50:ra=0x238c50:priority=0:status=1:wait=0:wait_id=0
[gs:pipeline] host_tick=1692 dma=7178 gif=3654 vif=10 display_fbp=70 source_fbp=70 width=640 height=224 preferred=0 ctx0_fbp=140 ctx1_fbp=140 transfer_total=0 transfer_copied=4096
[boot-snapshot] host_tick=2160 running=0 thread=1:pc=0x238c50:ra=0x238c50:priority=0:status=1:wait=0:wait_id=0
[gs:pipeline] host_tick=1812 dma=7898 gif=3894 vif=10 display_fbp=70 source_fbp=70 width=640 height=224 preferred=0 ctx0_fbp=140 ctx1_fbp=140 transfer_total=0 transfer_copied=4096
[boot-snapshot] host_tick=2280 running=0 thread=1:pc=0x238c50:ra=0x238c50:priority=0:status=1:wait=0:wait_id=0
[gs:pipeline] host_tick=1932 dma=8618 gif=4134 vif=10 display_fbp=70 source_fbp=70 width=640 height=224 preferred=0 ctx0_fbp=140 ctx1_fbp=140 transfer_total=0 transfer_copied=4096
[boot-snapshot] host_tick=2400 running=0 thread=1:pc=0x238c50:ra=0x238c50:priority=0:status=1:wait=0:wait_id=0
[gs:pipeline] host_tick=2052 dma=9338 gif=4374 vif=10 display_fbp=70 source_fbp=70 width=640 height=224 preferred=0 ctx0_fbp=140 ctx1_fbp=140 transfer_total=0 transfer_copied=4096
[boot-snapshot] host_tick=2520 running=0 thread=1:pc=0x238c50:ra=0x238c50:priority=0:status=1:wait=0:wait_id=0
[boot-snapshot] host_tick=2640 running=0 thread=1:pc=0x238c50:ra=0x238c50:priority=0:status=1:wait=0:wait_id=0
[gs:pipeline] host_tick=2172 dma=10058 gif=4614 vif=10 display_fbp=70 source_fbp=70 width=640 height=224 preferred=0 ctx0_fbp=140 ctx1_fbp=140 transfer_total=0 transfer_copied=4096
[boot-snapshot] host_tick=2760 running=0 thread=1:pc=0x238c50:ra=0x238c50:priority=0:status=1:wait=0:wait_id=0
[gs:pipeline] host_tick=2292 dma=10778 gif=4854 vif=10 display_fbp=70 source_fbp=70 width=640 height=224 preferred=0 ctx0_fbp=140 ctx1_fbp=140 transfer_total=0 transfer_copied=4096
[boot-snapshot] host_tick=2880 running=0 thread=1:pc=0x238c50:ra=0x238c50:priority=0:status=1:wait=0:wait_id=0
[gs:pipeline] host_tick=2412 dma=11498 gif=5094 vif=10 display_fbp=70 source_fbp=70 width=640 height=224 preferred=0 ctx0_fbp=140 ctx1_fbp=140 transfer_total=0 transfer_copied=4096
[boot-snapshot] host_tick=3000 running=0 thread=1:pc=0x238c50:ra=0x238c50:priority=0:status=1:wait=0:wait_id=0
[gs:pipeline] host_tick=2532 dma=12218 gif=5334 vif=10 display_fbp=70 source_fbp=70 width=640 height=224 preferred=0 ctx0_fbp=140 ctx1_fbp=140 transfer_total=0 transfer_copied=4096
[boot-snapshot] host_tick=3120 running=0 thread=1:pc=0x238c50:ra=0x238c50:priority=0:status=1:wait=0:wait_id=0
[boot-snapshot] host_tick=3240 running=0 thread=1:pc=0x238c50:ra=0x238c50:priority=0:status=1:wait=0:wait_id=0
[gs:pipeline] host_tick=2652 dma=12938 gif=5574 vif=10 display_fbp=70 source_fbp=70 width=640 height=224 preferred=0 ctx0_fbp=140 ctx1_fbp=140 transfer_total=0 transfer_copied=4096
[boot-snapshot] host_tick=3360 running=0 thread=1:pc=0x238c50:ra=0x238c50:priority=0:status=1:wait=0:wait_id=0
[gs:pipeline] host_tick=2871 dma=14332 gif=6012 vif=10 display_fbp=140 source_fbp=140 width=640 height=224 preferred=0 ctx0_fbp=70 ctx1_fbp=70 transfer_total=0 transfer_copied=4096
[boot-snapshot] host_tick=3480 running=0 thread=1:pc=0x238c50:ra=0x238c50:priority=0:status=1:wait=0:wait_id=0
[boot-snapshot] host_tick=3600 running=0 thread=1:pc=0x238c50:ra=0x238c50:priority=0:status=1:wait=0:wait_id=0
[boot-snapshot] host_tick=3720 running=0 thread=1:pc=0x238c50:ra=0x238c50:priority=0:status=1:wait=0:wait_id=0
[boot-snapshot] host_tick=3840 running=0 thread=1:pc=0x238c50:ra=0x238c50:priority=0:status=1:wait=0:wait_id=0
[boot-snapshot] host_tick=3960 running=0 thread=1:pc=0x238c50:ra=0x238c50:priority=0:status=1:wait=0:wait_id=0
[boot-snapshot] host_tick=4080 running=0 thread=1:pc=0x238c50:ra=0x238c50:priority=0:status=1:wait=0:wait_id=0
[boot-snapshot] host_tick=4200 running=0 thread=1:pc=0x238c50:ra=0x238c50:priority=0:status=1:wait=0:wait_id=0
[boot-snapshot] host_tick=4320 running=0 thread=1:pc=0x238c50:ra=0x238c50:priority=0:status=1:wait=0:wait_id=0
[gs:pipeline] host_tick=2991 dma=17078 gif=6252 vif=10 display_fbp=140 source_fbp=140 width=640 height=224 preferred=0 ctx0_fbp=70 ctx1_fbp=70 transfer_total=0 transfer_copied=4096
[boot-snapshot] host_tick=4440 running=0 thread=1:pc=0x238c50:ra=0x238c50:priority=0:status=1:wait=0:wait_id=0
[boot-snapshot] host_tick=4560 running=0 thread=1:pc=0x238c50:ra=0x238c50:priority=0:status=1:wait=0:wait_id=0
[boot-snapshot] host_tick=4680 running=0 thread=1:pc=0x238c50:ra=0x238c50:priority=0:status=1:wait=0:wait_id=0
[boot-snapshot] host_tick=4800 running=0 thread=1:pc=0x238c50:ra=0x238c50:priority=0:status=1:wait=0:wait_id=0
[boot-snapshot] host_tick=4920 running=0 thread=1:pc=0x238c50:ra=0x238c50:priority=0:status=1:wait=0:wait_id=0
[boot-snapshot] host_tick=5040 running=0 thread=1:pc=0x238c50:ra=0x238c50:priority=0:status=1:wait=0:wait_id=0
[boot-snapshot] host_tick=5160 running=0 thread=1:pc=0x238c50:ra=0x238c50:priority=0:status=1:wait=0:wait_id=0
[boot-snapshot] host_tick=5280 running=0 thread=1:pc=0x238c50:ra=0x238c50:priority=0:status=1:wait=0:wait_id=0
[gs:pipeline] host_tick=3112 dma=19849 gif=6494 vif=10 display_fbp=70 source_fbp=70 width=640 height=224 preferred=0 ctx0_fbp=140 ctx1_fbp=140 transfer_total=0 transfer_copied=4096
[boot-snapshot] host_tick=5400 running=0 thread=1:pc=0x238c50:ra=0x238c50:priority=0:status=1:wait=0:wait_id=0
[boot-snapshot] host_tick=5520 running=0 thread=1:pc=0x238c50:ra=0x238c50:priority=0:status=1:wait=0:wait_id=0
[boot-snapshot] host_tick=5640 running=0 thread=1:pc=0x238c50:ra=0x238c50:priority=0:status=1:wait=0:wait_id=0
[boot-snapshot] host_tick=5760 running=0 thread=1:pc=0x238c50:ra=0x238c50:priority=0:status=1:wait=0:wait_id=0
[boot-snapshot] host_tick=5880 running=0 thread=1:pc=0x238c50:ra=0x238c50:priority=0:status=1:wait=0:wait_id=0
[boot-snapshot] host_tick=6000 running=0 thread=1:pc=0x238c50:ra=0x238c50:priority=0:status=1:wait=0:wait_id=0
[boot-snapshot] host_tick=6120 running=0 thread=1:pc=0x238c50:ra=0x238c50:priority=0:status=1:wait=0:wait_id=0
[gs:pipeline] host_tick=3232 dma=23929 gif=6734 vif=10 display_fbp=70 source_fbp=70 width=640 height=224 preferred=0 ctx0_fbp=140 ctx1_fbp=140 transfer_total=0 transfer_copied=4096
[boot-snapshot] host_tick=6240 running=0 thread=1:pc=0x238c50:ra=0x238c50:priority=0:status=1:wait=0:wait_id=0
[boot-snapshot] host_tick=6360 running=0 thread=1:pc=0x238c50:ra=0x238c50:priority=0:status=1:wait=0:wait_id=0
[boot-snapshot] host_tick=6480 running=0 thread=1:pc=0x238c50:ra=0x238c50:priority=0:status=1:wait=0:wait_id=0
[boot-snapshot] host_tick=6600 running=0 thread=1:pc=0x238c50:ra=0x238c50:priority=0:status=1:wait=0:wait_id=0
[boot-snapshot] host_tick=6720 running=0 thread=1:pc=0x238c50:ra=0x238c50:priority=0:status=1:wait=0:wait_id=0
[boot-snapshot] host_tick=6840 running=0 thread=1:pc=0x238c50:ra=0x238c50:priority=0:status=1:wait=0:wait_id=0
[boot-snapshot] host_tick=6960 running=0 thread=1:pc=0x238c50:ra=0x238c50:priority=0:status=1:wait=0:wait_id=0
[boot-snapshot] host_tick=7080 running=0 thread=1:pc=0x238c50:ra=0x238c50:priority=0:status=1:wait=0:wait_id=0
[gs:pipeline] host_tick=3352 dma=28032 gif=6974 vif=10 display_fbp=70 source_fbp=70 width=640 height=224 preferred=0 ctx0_fbp=140 ctx1_fbp=140 transfer_total=0 transfer_copied=4096
[boot-snapshot] host_tick=7200 running=0 thread=1:pc=0x238c50:ra=0x238c50:priority=0:status=1:wait=0:wait_id=0
[boot-snapshot] host_tick=7320 running=0 thread=1:pc=0x238c50:ra=0x238c50:priority=0:status=1:wait=0:wait_id=0
[boot-snapshot] host_tick=7440 running=0 thread=1:pc=0x238c50:ra=0x238c50:priority=0:status=1:wait=0:wait_id=0
[boot-snapshot] host_tick=7560 running=0 thread=1:pc=0x238c50:ra=0x238c50:priority=0:status=1:wait=0:wait_id=0
[boot-snapshot] host_tick=7680 running=0 thread=1:pc=0x238c50:ra=0x238c50:priority=0:status=1:wait=0:wait_id=0
[boot-snapshot] host_tick=7800 running=0 thread=1:pc=0x238c50:ra=0x238c50:priority=0:status=1:wait=0:wait_id=0
[boot-snapshot] host_tick=7920 running=0 thread=1:pc=0x238c50:ra=0x238c50:priority=0:status=1:wait=0:wait_id=0
[boot-snapshot] host_tick=8040 running=0 thread=1:pc=0x238c50:ra=0x238c50:priority=0:status=1:wait=0:wait_id=0
[gs:pipeline] host_tick=3472 dma=32112 gif=7214 vif=10 display_fbp=70 source_fbp=70 width=640 height=224 preferred=0 ctx0_fbp=140 ctx1_fbp=140 transfer_total=0 transfer_copied=4096
[boot-snapshot] host_tick=8160 running=0 thread=1:pc=0x238c50:ra=0x238c50:priority=0:status=1:wait=0:wait_id=0
[boot-snapshot] host_tick=8280 running=0 thread=1:pc=0x238c50:ra=0x238c50:priority=0:status=1:wait=0:wait_id=0
[boot-snapshot] host_tick=8400 running=0 thread=1:pc=0x238c50:ra=0x238c50:priority=0:status=1:wait=0:wait_id=0
[boot-snapshot] host_tick=8520 running=0 thread=1:pc=0x238c50:ra=0x238c50:priority=0:status=1:wait=0:wait_id=0
[boot-snapshot] host_tick=8640 running=0 thread=1:pc=0x238c50:ra=0x238c50:priority=0:status=1:wait=0:wait_id=0
[boot-snapshot] host_tick=8760 running=0 thread=1:pc=0x238c50:ra=0x238c50:priority=0:status=1:wait=0:wait_id=0
[boot-snapshot] host_tick=8880 running=0 thread=1:pc=0x238c50:ra=0x238c50:priority=0:status=1:wait=0:wait_id=0
[gs:pipeline] host_tick=3592 dma=36192 gif=7454 vif=10 display_fbp=70 source_fbp=70 width=640 height=224 preferred=0 ctx0_fbp=140 ctx1_fbp=140 transfer_total=0 transfer_copied=4096
[boot-snapshot] host_tick=9000 running=0 thread=1:pc=0x238c50:ra=0x238c50:priority=0:status=1:wait=0:wait_id=0
[boot-snapshot] host_tick=9120 running=0 thread=1:pc=0x238c50:ra=0x238c50:priority=0:status=1:wait=0:wait_id=0
[boot-snapshot] host_tick=9240 running=1 thread=1:pc=0x20fd78:ra=0x20fd78:priority=0:status=0:wait=0:wait_id=0
[boot-snapshot] host_tick=9360 running=0 thread=1:pc=0x238c50:ra=0x238c50:priority=0:status=1:wait=0:wait_id=0
[boot-snapshot] host_tick=9480 running=0 thread=1:pc=0x238c50:ra=0x238c50:priority=0:status=1:wait=0:wait_id=0
[boot-snapshot] host_tick=9600 running=0 thread=1:pc=0x238c50:ra=0x238c50:priority=0:status=1:wait=0:wait_id=0
[boot-snapshot] host_tick=9720 running=0 thread=1:pc=0x238c50:ra=0x238c50:priority=0:status=1:wait=0:wait_id=0
[boot-snapshot] host_tick=9840 running=0 thread=1:pc=0x238c50:ra=0x238c50:priority=0:status=1:wait=0:wait_id=0
[gs:pipeline] host_tick=3712 dma=40271 gif=7694 vif=10 display_fbp=70 source_fbp=70 width=640 height=224 preferred=0 ctx0_fbp=140 ctx1_fbp=140 transfer_total=0 transfer_copied=4096
[boot-snapshot] host_tick=9960 running=0 thread=1:pc=0x238c50:ra=0x238c50:priority=0:status=1:wait=0:wait_id=0
[boot-snapshot] host_tick=10080 running=1 thread=1:pc=0x20fd78:ra=0x20fd78:priority=0:status=0:wait=0:wait_id=0
[boot-snapshot] host_tick=10200 running=0 thread=1:pc=0x238c50:ra=0x238c50:priority=0:status=1:wait=0:wait_id=0
[boot-snapshot] host_tick=10320 running=0 thread=1:pc=0x238c50:ra=0x238c50:priority=0:status=1:wait=0:wait_id=0
[boot-snapshot] host_tick=10440 running=0 thread=1:pc=0x238c50:ra=0x238c50:priority=0:status=1:wait=0:wait_id=0
[boot-snapshot] host_tick=10560 running=0 thread=1:pc=0x238c50:ra=0x238c50:priority=0:status=1:wait=0:wait_id=0
[boot-snapshot] host_tick=10680 running=0 thread=1:pc=0x238c50:ra=0x238c50:priority=0:status=1:wait=0:wait_id=0
[gs:pipeline] host_tick=3832 dma=44329 gif=7934 vif=10 display_fbp=70 source_fbp=70 width=640 height=224 preferred=0 ctx0_fbp=140 ctx1_fbp=140 transfer_total=0 transfer_copied=4096
[boot-snapshot] host_tick=10800 running=0 thread=1:pc=0x238c50:ra=0x238c50:priority=0:status=1:wait=0:wait_id=0
[boot-snapshot] host_tick=10920 running=1 thread=1:pc=0x20ff20:ra=0x20fef0:priority=0:status=0:wait=0:wait_id=0
[boot-snapshot] host_tick=11040 running=0 thread=1:pc=0x238c50:ra=0x238c50:priority=0:status=1:wait=0:wait_id=0
[boot-snapshot] host_tick=11160 running=0 thread=1:pc=0x238c50:ra=0x238c50:priority=0:status=1:wait=0:wait_id=0
[boot-snapshot] host_tick=11280 running=0 thread=1:pc=0x238c50:ra=0x238c50:priority=0:status=1:wait=0:wait_id=0
[boot-snapshot] host_tick=11400 running=0 thread=1:pc=0x238c50:ra=0x238c50:priority=0:status=1:wait=0:wait_id=0
[boot-snapshot] host_tick=11520 running=0 thread=1:pc=0x238c50:ra=0x238c50:priority=0:status=1:wait=0:wait_id=0
[boot-snapshot] host_tick=11640 running=0 thread=1:pc=0x238c50:ra=0x238c50:priority=0:status=1:wait=0:wait_id=0
[gs:pipeline] host_tick=3952 dma=48409 gif=8174 vif=10 display_fbp=70 source_fbp=70 width=640 height=224 preferred=0 ctx0_fbp=140 ctx1_fbp=140 transfer_total=0 transfer_copied=4096
[boot-snapshot] host_tick=11760 running=0 thread=1:pc=0x238c50:ra=0x238c50:priority=0:status=1:wait=0:wait_id=0
[boot-snapshot] host_tick=11880 running=0 thread=1:pc=0x238c50:ra=0x238c50:priority=0:status=1:wait=0:wait_id=0
[boot-snapshot] host_tick=12000 running=0 thread=1:pc=0x238c50:ra=0x238c50:priority=0:status=1:wait=0:wait_id=0
[boot-snapshot] host_tick=12120 running=0 thread=1:pc=0x238c50:ra=0x238c50:priority=0:status=1:wait=0:wait_id=0
[boot-snapshot] host_tick=12240 running=0 thread=1:pc=0x238c50:ra=0x238c50:priority=0:status=1:wait=0:wait_id=0
[boot-snapshot] host_tick=12360 running=0 thread=1:pc=0x238c50:ra=0x238c50:priority=0:status=1:wait=0:wait_id=0
[boot-snapshot] host_tick=12480 running=0 thread=1:pc=0x238c50:ra=0x238c50:priority=0:status=1:wait=0:wait_id=0
[boot-snapshot] host_tick=12600 running=0 thread=1:pc=0x238c50:ra=0x238c50:priority=0:status=1:wait=0:wait_id=0
[gs:pipeline] host_tick=4072 dma=52512 gif=8414 vif=10 display_fbp=70 source_fbp=70 width=640 height=224 preferred=0 ctx0_fbp=140 ctx1_fbp=140 transfer_total=0 transfer_copied=4096
[boot-snapshot] host_tick=12720 running=0 thread=1:pc=0x238c50:ra=0x238c50:priority=0:status=1:wait=0:wait_id=0
[boot-snapshot] host_tick=12840 running=0 thread=1:pc=0x238c50:ra=0x238c50:priority=0:status=1:wait=0:wait_id=0
[boot-snapshot] host_tick=12960 running=0 thread=1:pc=0x238c50:ra=0x238c50:priority=0:status=1:wait=0:wait_id=0
[boot-snapshot] host_tick=13080 running=0 thread=1:pc=0x238c50:ra=0x238c50:priority=0:status=1:wait=0:wait_id=0
[boot-snapshot] host_tick=13200 running=0 thread=1:pc=0x238c50:ra=0x238c50:priority=0:status=1:wait=0:wait_id=0
[gs:pipeline] host_tick=4245 dma=55755 gif=8760 vif=10 display_fbp=140 source_fbp=140 width=640 height=224 preferred=0 ctx0_fbp=70 ctx1_fbp=70 transfer_total=0 transfer_copied=4096
[boot-snapshot] host_tick=13320 running=0 thread=1:pc=0x238c50:ra=0x238c50:priority=0:status=1:wait=0:wait_id=0
[boot-snapshot] host_tick=13440 running=0 thread=1:pc=0x238c50:ra=0x238c50:priority=0:status=1:wait=0:wait_id=0
[boot-snapshot] host_tick=13560 running=0 thread=1:pc=0x238c50:ra=0x238c50:priority=0:status=1:wait=0:wait_id=0
[boot-snapshot] host_tick=13680 running=0 thread=1:pc=0x238c50:ra=0x238c50:priority=0:status=1:wait=0:wait_id=0
[boot-snapshot] host_tick=13800 running=0 thread=1:pc=0x238c50:ra=0x238c50:priority=0:status=1:wait=0:wait_id=0
[boot-snapshot] host_tick=13920 running=0 thread=1:pc=0x238c50:ra=0x238c50:priority=0:status=1:wait=0:wait_id=0
[boot-snapshot] host_tick=14040 running=0 thread=1:pc=0x238c50:ra=0x238c50:priority=0:status=1:wait=0:wait_id=0
[boot-snapshot] host_tick=14160 running=0 thread=1:pc=0x238c50:ra=0x238c50:priority=0:status=1:wait=0:wait_id=0
[gs:pipeline] host_tick=4365 dma=59658 gif=9000 vif=10 display_fbp=140 source_fbp=140 width=640 height=224 preferred=0 ctx0_fbp=70 ctx1_fbp=70 transfer_total=0 transfer_copied=4096
[boot-snapshot] host_tick=14280 running=0 thread=1:pc=0x238c50:ra=0x238c50:priority=0:status=1:wait=0:wait_id=0
[boot-snapshot] host_tick=14400 running=0 thread=1:pc=0x238c50:ra=0x238c50:priority=0:status=1:wait=0:wait_id=0
[boot-snapshot] host_tick=14520 running=0 thread=1:pc=0x238c50:ra=0x238c50:priority=0:status=1:wait=0:wait_id=0
[boot-snapshot] host_tick=14640 running=0 thread=1:pc=0x238c50:ra=0x238c50:priority=0:status=1:wait=0:wait_id=0
[gs:pipeline] host_tick=4485 dma=62674 gif=9239 vif=10 display_fbp=140 source_fbp=140 width=640 height=224 preferred=0 ctx0_fbp=140 ctx1_fbp=140 transfer_total=0 transfer_copied=256
[boot-snapshot] host_tick=14760 running=0 thread=1:pc=0x238c50:ra=0x238c50:priority=0:status=1:wait=0:wait_id=0
[gs:pipeline] host_tick=4605 dma=65531 gif=9477 vif=10 display_fbp=140 source_fbp=140 width=640 height=224 preferred=0 ctx0_fbp=70 ctx1_fbp=70 transfer_total=0 transfer_copied=256
[boot-snapshot] host_tick=14880 running=0 thread=1:pc=0x238c50:ra=0x238c50:priority=0:status=1:wait=0:wait_id=0
[gs:pipeline] host_tick=4725 dma=68415 gif=9717 vif=10 display_fbp=140 source_fbp=140 width=640 height=224 preferred=0 ctx0_fbp=70 ctx1_fbp=70 transfer_total=0 transfer_copied=256
[boot-snapshot] host_tick=15000 running=0 thread=1:pc=0x238c50:ra=0x238c50:priority=0:status=1:wait=0:wait_id=0
[gs:pipeline] host_tick=4845 dma=71314 gif=9959 vif=10 display_fbp=140 source_fbp=140 width=640 height=224 preferred=0 ctx0_fbp=140 ctx1_fbp=140 transfer_total=0 transfer_copied=256
[boot-snapshot] host_tick=15120 running=0 thread=1:pc=0x238c50:ra=0x238c50:priority=0:status=1:wait=0:wait_id=0
[boot-snapshot] host_tick=15240 running=0 thread=1:pc=0x238c50:ra=0x238c50:priority=0:status=1:wait=0:wait_id=0
[boot-snapshot] host_tick=15360 running=0 thread=1:pc=0x238c50:ra=0x238c50:priority=0:status=1:wait=0:wait_id=0
[boot-snapshot] host_tick=15480 running=0 thread=1:pc=0x238c50:ra=0x238c50:priority=0:status=1:wait=0:wait_id=0
[gs:pipeline] host_tick=4965 dma=74171 gif=10197 vif=10 display_fbp=140 source_fbp=140 width=640 height=224 preferred=0 ctx0_fbp=70 ctx1_fbp=70 transfer_total=0 transfer_copied=256
[boot-snapshot] host_tick=15600 running=0 thread=1:pc=0x238c50:ra=0x238c50:priority=0:status=1:wait=0:wait_id=0
[boot-snapshot] host_tick=15720 running=0 thread=1:pc=0x238c50:ra=0x238c50:priority=0:status=1:wait=0:wait_id=0
[boot-snapshot] host_tick=15840 running=0 thread=1:pc=0x238c50:ra=0x238c50:priority=0:status=1:wait=0:wait_id=0
[gs:pipeline] host_tick=5085 dma=77055 gif=10437 vif=10 display_fbp=140 source_fbp=140 width=640 height=224 preferred=0 ctx0_fbp=70 ctx1_fbp=70 transfer_total=0 transfer_copied=256
[boot-snapshot] host_tick=15960 running=0 thread=1:pc=0x238c50:ra=0x238c50:priority=0:status=1:wait=0:wait_id=0
[boot-snapshot] host_tick=16080 running=0 thread=1:pc=0x238c50:ra=0x238c50:priority=0:status=1:wait=0:wait_id=0
[boot-snapshot] host_tick=16200 running=0 thread=1:pc=0x238c50:ra=0x238c50:priority=0:status=1:wait=0:wait_id=0
[boot-snapshot] host_tick=16320 running=0 thread=1:pc=0x238c50:ra=0x238c50:priority=0:status=1:wait=0:wait_id=0
[gs:pipeline] host_tick=5205 dma=79932 gif=10677 vif=10 display_fbp=140 source_fbp=140 width=640 height=224 preferred=0 ctx0_fbp=70 ctx1_fbp=70 transfer_total=0 transfer_copied=256
[boot-snapshot] host_tick=16440 running=0 thread=1:pc=0x238c50:ra=0x238c50:priority=0:status=1:wait=0:wait_id=0
[boot-snapshot] host_tick=16560 running=0 thread=1:pc=0x238c50:ra=0x238c50:priority=0:status=1:wait=0:wait_id=0
[boot-snapshot] host_tick=16680 running=0 thread=1:pc=0x238c50:ra=0x238c50:priority=0:status=1:wait=0:wait_id=0
[boot-snapshot] host_tick=16800 running=0 thread=1:pc=0x238c50:ra=0x238c50:priority=0:status=1:wait=0:wait_id=0
[gs:pipeline] host_tick=5325 dma=82815 gif=10917 vif=10 display_fbp=140 source_fbp=140 width=640 height=224 preferred=0 ctx0_fbp=70 ctx1_fbp=70 transfer_total=0 transfer_copied=256
[boot-snapshot] host_tick=16920 running=0 thread=1:pc=0x238c50:ra=0x238c50:priority=0:status=1:wait=0:wait_id=0
[boot-snapshot] host_tick=17040 running=0 thread=1:pc=0x238c50:ra=0x238c50:priority=0:status=1:wait=0:wait_id=0
[boot-snapshot] host_tick=17160 running=0 thread=1:pc=0x238c50:ra=0x238c50:priority=0:status=1:wait=0:wait_id=0
[boot-snapshot] host_tick=17280 running=0 thread=1:pc=0x238c50:ra=0x238c50:priority=0:status=1:wait=0:wait_id=0
[gs:pipeline] host_tick=5445 dma=85692 gif=11157 vif=10 display_fbp=140 source_fbp=140 width=640 height=224 preferred=0 ctx0_fbp=70 ctx1_fbp=70 transfer_total=0 transfer_copied=256
[boot-snapshot] host_tick=17400 running=0 thread=1:pc=0x238c50:ra=0x238c50:priority=0:status=1:wait=0:wait_id=0
[boot-snapshot] host_tick=17520 running=0 thread=1:pc=0x238c50:ra=0x238c50:priority=0:status=1:wait=0:wait_id=0
[boot-snapshot] host_tick=17640 running=0 thread=1:pc=0x238c50:ra=0x238c50:priority=0:status=1:wait=0:wait_id=0
[boot-snapshot] host_tick=17760 running=0 thread=1:pc=0x238c50:ra=0x238c50:priority=0:status=1:wait=0:wait_id=0
[gs:pipeline] host_tick=5565 dma=88575 gif=11397 vif=10 display_fbp=140 source_fbp=140 width=640 height=224 preferred=0 ctx0_fbp=70 ctx1_fbp=70 transfer_total=0 transfer_copied=256
[boot-snapshot] host_tick=17880 running=0 thread=1:pc=0x238c50:ra=0x238c50:priority=0:status=1:wait=0:wait_id=0
[boot-snapshot] host_tick=18000 running=0 thread=1:pc=0x238c50:ra=0x238c50:priority=0:status=1:wait=0:wait_id=0
[boot-snapshot] host_tick=18120 running=0 thread=1:pc=0x238c50:ra=0x238c50:priority=0:status=1:wait=0:wait_id=0
[boot-snapshot] host_tick=18240 running=0 thread=1:pc=0x238c50:ra=0x238c50:priority=0:status=1:wait=0:wait_id=0
[gs:pipeline] host_tick=5685 dma=91455 gif=11637 vif=10 display_fbp=140 source_fbp=140 width=640 height=224 preferred=0 ctx0_fbp=70 ctx1_fbp=70 transfer_total=0 transfer_copied=256
[boot-snapshot] host_tick=18360 running=0 thread=1:pc=0x238c50:ra=0x238c50:priority=0:status=1:wait=0:wait_id=0
[boot-snapshot] host_tick=18480 running=0 thread=1:pc=0x238c50:ra=0x238c50:priority=0:status=1:wait=0:wait_id=0
[boot-snapshot] host_tick=18600 running=0 thread=1:pc=0x238c50:ra=0x238c50:priority=0:status=1:wait=0:wait_id=0
[boot-snapshot] host_tick=18720 running=0 thread=1:pc=0x238c50:ra=0x238c50:priority=0:status=1:wait=0:wait_id=0
[gs:pipeline] host_tick=5805 dma=94331 gif=11877 vif=10 display_fbp=140 source_fbp=140 width=640 height=224 preferred=0 ctx0_fbp=70 ctx1_fbp=70 transfer_total=0 transfer_copied=256
[boot-snapshot] host_tick=18840 running=1 thread=1:pc=0x20fd78:ra=0x20fd78:priority=0:status=0:wait=0:wait_id=0
[boot-snapshot] host_tick=18960 running=0 thread=1:pc=0x238c50:ra=0x238c50:priority=0:status=1:wait=0:wait_id=0
[boot-snapshot] host_tick=19080 running=0 thread=1:pc=0x238c50:ra=0x238c50:priority=0:status=1:wait=0:wait_id=0
[boot-snapshot] host_tick=19200 running=0 thread=1:pc=0x238c50:ra=0x238c50:priority=0:status=1:wait=0:wait_id=0
[boot-snapshot] host_tick=19320 running=0 thread=1:pc=0x238c50:ra=0x238c50:priority=0:status=1:wait=0:wait_id=0
[gs:pipeline] host_tick=5925 dma=97213 gif=12117 vif=10 display_fbp=140 source_fbp=140 width=640 height=224 preferred=0 ctx0_fbp=70 ctx1_fbp=70 transfer_total=0 transfer_copied=256
[boot-snapshot] host_tick=19440 running=0 thread=1:pc=0x238c50:ra=0x238c50:priority=0:status=1:wait=0:wait_id=0
[boot-snapshot] host_tick=19560 running=0 thread=1:pc=0x238c50:ra=0x238c50:priority=0:status=1:wait=0:wait_id=0
[boot-snapshot] host_tick=19680 running=0 thread=1:pc=0x238c50:ra=0x238c50:priority=0:status=1:wait=0:wait_id=0
[boot-snapshot] host_tick=19800 running=0 thread=1:pc=0x238c50:ra=0x238c50:priority=0:status=1:wait=0:wait_id=0
[gs:pipeline] host_tick=6045 dma=100092 gif=12357 vif=10 display_fbp=140 source_fbp=140 width=640 height=224 preferred=0 ctx0_fbp=70 ctx1_fbp=70 transfer_total=0 transfer_copied=256
[boot-snapshot] host_tick=19920 running=0 thread=1:pc=0x238c50:ra=0x238c50:priority=0:status=1:wait=0:wait_id=0
[boot-snapshot] host_tick=20040 running=0 thread=1:pc=0x238c50:ra=0x238c50:priority=0:status=1:wait=0:wait_id=0
[boot-snapshot] host_tick=20160 running=0 thread=1:pc=0x238c50:ra=0x238c50:priority=0:status=1:wait=0:wait_id=0
[boot-snapshot] host_tick=20280 running=0 thread=1:pc=0x238c50:ra=0x238c50:priority=0:status=1:wait=0:wait_id=0
[gs:pipeline] host_tick=6165 dma=102973 gif=12597 vif=10 display_fbp=140 source_fbp=140 width=640 height=224 preferred=0 ctx0_fbp=70 ctx1_fbp=70 transfer_total=0 transfer_copied=256
[boot-snapshot] host_tick=20400 running=0 thread=1:pc=0x238c50:ra=0x238c50:priority=0:status=1:wait=0:wait_id=0
[boot-snapshot] host_tick=20520 running=0 thread=1:pc=0x238c50:ra=0x238c50:priority=0:status=1:wait=0:wait_id=0
[boot-snapshot] host_tick=20640 running=0 thread=1:pc=0x238c50:ra=0x238c50:priority=0:status=1:wait=0:wait_id=0
[boot-snapshot] host_tick=20760 running=0 thread=1:pc=0x238c50:ra=0x238c50:priority=0:status=1:wait=0:wait_id=0
[gs:pipeline] host_tick=6285 dma=105852 gif=12837 vif=10 display_fbp=140 source_fbp=140 width=640 height=224 preferred=0 ctx0_fbp=70 ctx1_fbp=70 transfer_total=0 transfer_copied=256
[boot-snapshot] host_tick=20880 running=0 thread=1:pc=0x238c50:ra=0x238c50:priority=0:status=1:wait=0:wait_id=0
[boot-snapshot] host_tick=21000 running=0 thread=1:pc=0x238c50:ra=0x238c50:priority=0:status=1:wait=0:wait_id=0
[boot-snapshot] host_tick=21120 running=0 thread=1:pc=0x238c50:ra=0x238c50:priority=0:status=1:wait=0:wait_id=0
[boot-snapshot] host_tick=21240 running=0 thread=1:pc=0x238c50:ra=0x238c50:priority=0:status=1:wait=0:wait_id=0
[gs:pipeline] host_tick=6405 dma=108733 gif=13077 vif=10 display_fbp=140 source_fbp=140 width=640 height=224 preferred=0 ctx0_fbp=70 ctx1_fbp=70 transfer_total=0 transfer_copied=256
[boot-snapshot] host_tick=21360 running=0 thread=1:pc=0x238c50:ra=0x238c50:priority=0:status=1:wait=0:wait_id=0
[boot-snapshot] host_tick=21480 running=0 thread=1:pc=0x238c50:ra=0x238c50:priority=0:status=1:wait=0:wait_id=0
[boot-snapshot] host_tick=21600 running=0 thread=1:pc=0x238c50:ra=0x238c50:priority=0:status=1:wait=0:wait_id=0
[boot-snapshot] host_tick=21720 running=0 thread=1:pc=0x238c50:ra=0x238c50:priority=0:status=1:wait=0:wait_id=0
[gs:pipeline] host_tick=6525 dma=111615 gif=13317 vif=10 display_fbp=140 source_fbp=140 width=640 height=224 preferred=0 ctx0_fbp=70 ctx1_fbp=70 transfer_total=0 transfer_copied=256
[boot-snapshot] host_tick=21840 running=0 thread=1:pc=0x238c50:ra=0x238c50:priority=0:status=1:wait=0:wait_id=0
[boot-snapshot] host_tick=21960 running=0 thread=1:pc=0x238c50:ra=0x238c50:priority=0:status=1:wait=0:wait_id=0
[boot-snapshot] host_tick=22080 running=0 thread=1:pc=0x238c50:ra=0x238c50:priority=0:status=1:wait=0:wait_id=0
[boot-snapshot] host_tick=22200 running=0 thread=1:pc=0x238c50:ra=0x238c50:priority=0:status=1:wait=0:wait_id=0
[gs:pipeline] host_tick=6645 dma=114491 gif=13557 vif=10 display_fbp=140 source_fbp=140 width=640 height=224 preferred=0 ctx0_fbp=70 ctx1_fbp=70 transfer_total=0 transfer_copied=256
[boot-snapshot] host_tick=22320 running=0 thread=1:pc=0x238c50:ra=0x238c50:priority=0:status=1:wait=0:wait_id=0
[boot-snapshot] host_tick=22440 running=0 thread=1:pc=0x238c50:ra=0x238c50:priority=0:status=1:wait=0:wait_id=0
[boot-snapshot] host_tick=22560 running=0 thread=1:pc=0x238c50:ra=0x238c50:priority=0:status=1:wait=0:wait_id=0
[boot-snapshot] host_tick=22680 running=0 thread=1:pc=0x238c50:ra=0x238c50:priority=0:status=1:wait=0:wait_id=0
[gs:pipeline] host_tick=6765 dma=117373 gif=13797 vif=10 display_fbp=140 source_fbp=140 width=640 height=224 preferred=0 ctx0_fbp=70 ctx1_fbp=70 transfer_total=0 transfer_copied=256
[boot-snapshot] host_tick=22800 running=0 thread=1:pc=0x238c50:ra=0x238c50:priority=0:status=1:wait=0:wait_id=0
[boot-snapshot] host_tick=22920 running=0 thread=1:pc=0x238c50:ra=0x238c50:priority=0:status=1:wait=0:wait_id=0
[boot-snapshot] host_tick=23040 running=0 thread=1:pc=0x238c50:ra=0x238c50:priority=0:status=1:wait=0:wait_id=0
[boot-snapshot] host_tick=23160 running=0 thread=1:pc=0x238c50:ra=0x238c50:priority=0:status=1:wait=0:wait_id=0
[gs:pipeline] host_tick=6885 dma=120251 gif=14037 vif=10 display_fbp=140 source_fbp=140 width=640 height=224 preferred=0 ctx0_fbp=70 ctx1_fbp=70 transfer_total=0 transfer_copied=256
[boot-snapshot] host_tick=23280 running=0 thread=1:pc=0x238c50:ra=0x238c50:priority=0:status=1:wait=0:wait_id=0
[boot-snapshot] host_tick=23400 running=0 thread=1:pc=0x238c50:ra=0x238c50:priority=0:status=1:wait=0:wait_id=0
[boot-snapshot] host_tick=23520 running=0 thread=1:pc=0x238c50:ra=0x238c50:priority=0:status=1:wait=0:wait_id=0
[boot-snapshot] host_tick=23640 running=0 thread=1:pc=0x238c50:ra=0x238c50:priority=0:status=1:wait=0:wait_id=0
[gs:pipeline] host_tick=7005 dma=123134 gif=14277 vif=10 display_fbp=140 source_fbp=140 width=640 height=224 preferred=0 ctx0_fbp=70 ctx1_fbp=70 transfer_total=0 transfer_copied=256
[boot-snapshot] host_tick=23760 running=0 thread=1:pc=0x238c50:ra=0x238c50:priority=0:status=1:wait=0:wait_id=0
[boot-snapshot] host_tick=23880 running=0 thread=1:pc=0x238c50:ra=0x238c50:priority=0:status=1:wait=0:wait_id=0
[boot-snapshot] host_tick=24000 running=0 thread=1:pc=0x238c50:ra=0x238c50:priority=0:status=1:wait=0:wait_id=0
[boot-snapshot] host_tick=24120 running=0 thread=1:pc=0x238c50:ra=0x238c50:priority=0:status=1:wait=0:wait_id=0
[gs:pipeline] host_tick=7125 dma=126013 gif=14517 vif=10 display_fbp=140 source_fbp=140 width=640 height=224 preferred=0 ctx0_fbp=70 ctx1_fbp=70 transfer_total=0 transfer_copied=256
[boot-snapshot] host_tick=24240 running=0 thread=1:pc=0x238c50:ra=0x238c50:priority=0:status=1:wait=0:wait_id=0
[boot-snapshot] host_tick=24360 running=0 thread=1:pc=0x238c50:ra=0x238c50:priority=0:status=1:wait=0:wait_id=0
[boot-snapshot] host_tick=24480 running=0 thread=1:pc=0x238c50:ra=0x238c50:priority=0:status=1:wait=0:wait_id=0
[boot-snapshot] host_tick=24600 running=0 thread=1:pc=0x238c50:ra=0x238c50:priority=0:status=1:wait=0:wait_id=0
[gs:pipeline] host_tick=7245 dma=128895 gif=14757 vif=10 display_fbp=140 source_fbp=140 width=640 height=224 preferred=0 ctx0_fbp=70 ctx1_fbp=70 transfer_total=0 transfer_copied=256
[boot-snapshot] host_tick=24720 running=0 thread=1:pc=0x238c50:ra=0x238c50:priority=0:status=1:wait=0:wait_id=0
[boot-snapshot] host_tick=24840 running=0 thread=1:pc=0x238c50:ra=0x238c50:priority=0:status=1:wait=0:wait_id=0
[boot-snapshot] host_tick=24960 running=0 thread=1:pc=0x238c50:ra=0x238c50:priority=0:status=1:wait=0:wait_id=0
[boot-snapshot] host_tick=25080 running=0 thread=1:pc=0x238c50:ra=0x238c50:priority=0:status=1:wait=0:wait_id=0
[gs:pipeline] host_tick=7365 dma=131772 gif=14997 vif=10 display_fbp=140 source_fbp=140 width=640 height=224 preferred=0 ctx0_fbp=70 ctx1_fbp=70 transfer_total=0 transfer_copied=256
[VU1 reserved lower] cycle=217386 pc=0x1040 instruction=0xfffffffb
[VU1 reserved lower] cycle=306661 pc=0x2448 instruction=0xfffffffb
[VU1 reserved lower] cycle=307485 pc=0x2220 instruction=0xfffffffb
[VU1 reserved lower] cycle=643550 pc=0x2220 instruction=0xfffffffb
[VU1 reserved lower] cycle=643618 pc=0x60 instruction=0xfffffffb
[VU1 reserved lower] cycle=652752 pc=0x1000 instruction=0xfffffffb
[VU1 reserved lower] cycle=652756 pc=0x60 instruction=0xfffffffb
[VU1 reserved lower] cycle=661546 pc=0x1000 instruction=0xfffffffb
[VU1 reserved lower] cycle=1873136915 pc=0x2220 instruction=0xfffffffb
[VU1 reserved lower] cycle=1873139689 pc=0x2220 instruction=0xfffffffb
[VU1 reserved lower] cycle=1873164740 pc=0x2220 instruction=0xfffffffb
[VU1 reserved lower] cycle=1873188061 pc=0x2220 instruction=0xfffffffb
[VU1 reserved lower] cycle=1873211479 pc=0x2220 instruction=0xfffffffb
[VU1 reserved lower] cycle=1873214252 pc=0x2220 instruction=0xfffffffb
[VU1 reserved lower] cycle=1873249034 pc=0x2220 instruction=0xfffffffb
[VU1 reserved lower] cycle=1873298536 pc=0x2220 instruction=0xfffffffb
