[guest-branch:missing-target] kind=Return op=JR $ra source=0x25ef70 target=0x0 pc=0x0 ra=0x0 sp=0x1fffff0 gp=0x2a40f0 a0=0x8001218c a1=0x80080000 a2=0x25ef38 a3=0x29e580 s0=0x282218 s1=0x0 v0=0x8001218c v1=0x83 a0Readable=no a0[0]=0x0 a0[4]=0x0 a0[8]=0x0 a0[c]=0x0 s0Readable=yes s0[0]=0x83 s0[4]=0x25ef38 s0[8]=0x5a s0[c]=0x25ef00 recordReadable=yes record[0]=0x8c820000 record[4]=0x1046000b record[8]=0x85102b record[c]=0x5040000a vtableReadable=no vtbl[0]=0x0 vtbl[4]=0x0 vtbl[8]=0x0 vtbl[c]=0x0 codeRegion=no policy=1 trace=0x10a008 -> 0x10a12c -> 0x10a12c -> 0x10a12c -> 0x10a12c -> 0x25f0a0 -> 0x25eeb8 -> 0x25a6e0 -> 0x25a6e0 -> 0x25ef90 -> 0x25f090 -> 0x25f090 -> 0x25ef78 -> 0x25ef38
[boot-snapshot] host_tick=120 running=0 thread=1:pc=0x238c50:ra=0x238c50:priority=0:status=2:wait=4:wait_id=0 thread=2:pc=0x2243c0:ra=0x0:priority=1:status=2:wait=4:wait_id=0 thread=3:pc=0x224058:ra=0x23c4e0:priority=1:status=2:wait=4:wait_id=0
[gs:pipeline] host_tick=125 dma=402 gif=291 vif=6 display_fbp=280 source_fbp=280 width=640 height=368 preferred=0 ctx0_fbp=70 ctx1_fbp=70 transfer_total=0 transfer_copied=256
[boot-snapshot] host_tick=240 running=0 thread=1:pc=0x238c50:ra=0x238c50:priority=0:status=2:wait=4:wait_id=0 thread=2:pc=0x2243c0:ra=0x0:priority=1:status=2:wait=4:wait_id=0 thread=3:pc=0x224058:ra=0x23c4e0:priority=1:status=2:wait=4:wait_id=0
[gs:pipeline] host_tick=245 dma=765 gif=654 vif=6 display_fbp=280 source_fbp=280 width=640 height=368 preferred=0 ctx0_fbp=70 ctx1_fbp=70 transfer_total=0 transfer_copied=256
[boot-snapshot] host_tick=360 running=0 thread=1:pc=0x238c50:ra=0x238c50:priority=0:status=2:wait=4:wait_id=0 thread=4:pc=0x2243c0:ra=0x0:priority=1:status=2:wait=4:wait_id=0 thread=5:pc=0x224058:ra=0x23c4e0:priority=1:status=2:wait=4:wait_id=0
[gs:pipeline] host_tick=365 dma=1103 gif=992 vif=6 display_fbp=280 source_fbp=280 width=640 height=368 preferred=0 ctx0_fbp=70 ctx1_fbp=70 transfer_total=0 transfer_copied=256
[boot-snapshot] host_tick=480 running=0 thread=1:pc=0x238c50:ra=0x238c50:priority=0:status=2:wait=4:wait_id=0 thread=4:pc=0x2243c0:ra=0x0:priority=1:status=2:wait=4:wait_id=0 thread=5:pc=0x224058:ra=0x23c4e0:priority=1:status=2:wait=4:wait_id=0
[gs:pipeline] host_tick=485 dma=1461 gif=1349 vif=6 display_fbp=280 source_fbp=280 width=640 height=368 preferred=0 ctx0_fbp=70 ctx1_fbp=70 transfer_total=0 transfer_copied=256
[boot-snapshot] host_tick=600 running=0 thread=1:pc=0x238c50:ra=0x238c50:priority=0:status=2:wait=4:wait_id=0 thread=4:pc=0x2243c0:ra=0x0:priority=1:status=2:wait=4:wait_id=0 thread=5:pc=0x224058:ra=0x23c4e0:priority=1:status=2:wait=4:wait_id=0
[gs:pipeline] host_tick=605 dma=1823 gif=1712 vif=6 display_fbp=280 source_fbp=280 width=640 height=368 preferred=0 ctx0_fbp=70 ctx1_fbp=70 transfer_total=0 transfer_copied=256
[boot-snapshot] host_tick=720 running=0 thread=1:pc=0x238c50:ra=0x238c50:priority=0:status=1:wait=0:wait_id=0
[gs:pipeline] host_tick=728 dma=2130 gif=1976 vif=8 display_fbp=112 source_fbp=112 width=512 height=224 preferred=0 ctx0_fbp=56 ctx1_fbp=56 transfer_total=0 transfer_copied=16
[boot-snapshot] host_tick=840 running=10 thread=1:pc=0x23147c:ra=0x23147c:priority=0:status=2:wait=4:wait_id=0 thread=10:pc=0x25a708:ra=0x254fdc:priority=2:status=0:wait=0:wait_id=0
[boot-snapshot] host_tick=960 running=12 thread=1:pc=0x25a728:ra=0x23144c:priority=0:status=2:wait=2:wait_id=28 thread=12:pc=0x25a708:ra=0x254fdc:priority=2:status=0:wait=0:wait_id=0
[gs:pipeline] host_tick=854 dma=2133 gif=1978 vif=10 display_fbp=0 source_fbp=0 width=640 height=448 preferred=0 ctx0_fbp=140 ctx1_fbp=140 transfer_total=0 transfer_copied=4096
[boot-snapshot] host_tick=1080 running=0 thread=1:pc=0x238c50:ra=0x238c50:priority=0:status=1:wait=0:wait_id=0
[gs:pipeline] host_tick=974 dma=2870 gif=2218 vif=10 display_fbp=70 source_fbp=70 width=640 height=224 preferred=0 ctx0_fbp=140 ctx1_fbp=140 transfer_total=0 transfer_copied=4096
[boot-snapshot] host_tick=1200 running=0 thread=1:pc=0x238c50:ra=0x238c50:priority=0:status=1:wait=0:wait_id=0
[gs:pipeline] host_tick=1098 dma=3614 gif=2466 vif=10 display_fbp=70 source_fbp=70 width=640 height=224 preferred=0 ctx0_fbp=140 ctx1_fbp=140 transfer_total=0 transfer_copied=4096
[boot-snapshot] host_tick=1320 running=0 thread=1:pc=0x238c50:ra=0x238c50:priority=0:status=1:wait=0:wait_id=0
[gs:pipeline] host_tick=1220 dma=4346 gif=2710 vif=10 display_fbp=70 source_fbp=70 width=640 height=224 preferred=0 ctx0_fbp=140 ctx1_fbp=140 transfer_total=0 transfer_copied=4096
[boot-snapshot] host_tick=1440 running=0 thread=1:pc=0x238c50:ra=0x238c50:priority=0:status=1:wait=0:wait_id=0
[boot-snapshot] host_tick=1560 running=0 thread=1:pc=0x238c50:ra=0x238c50:priority=0:status=1:wait=0:wait_id=0
[gs:pipeline] host_tick=1340 dma=5066 gif=2950 vif=10 display_fbp=70 source_fbp=70 width=640 height=224 preferred=0 ctx0_fbp=140 ctx1_fbp=140 transfer_total=0 transfer_copied=4096
[boot-snapshot] host_tick=1680 running=0 thread=1:pc=0x238c50:ra=0x238c50:priority=0:status=1:wait=0:wait_id=0
[gs:pipeline] host_tick=1460 dma=5786 gif=3190 vif=10 display_fbp=70 source_fbp=70 width=640 height=224 preferred=0 ctx0_fbp=140 ctx1_fbp=140 transfer_total=0 transfer_copied=4096
[boot-snapshot] host_tick=1800 running=0 thread=1:pc=0x238c50:ra=0x238c50:priority=0:status=1:wait=0:wait_id=0
[gs:pipeline] host_tick=1580 dma=6506 gif=3430 vif=10 display_fbp=70 source_fbp=70 width=640 height=224 preferred=0 ctx0_fbp=140 ctx1_fbp=140 transfer_total=0 transfer_copied=4096
[boot-snapshot] host_tick=1920 running=0 thread=1:pc=0x238c50:ra=0x238c50:priority=0:status=1:wait=0:wait_id=0
[gs:pipeline] host_tick=1700 dma=7226 gif=3670 vif=10 display_fbp=70 source_fbp=70 width=640 height=224 preferred=0 ctx0_fbp=140 ctx1_fbp=140 transfer_total=0 transfer_copied=4096
[boot-snapshot] host_tick=2040 running=0 thread=1:pc=0x238c50:ra=0x238c50:priority=0:status=1:wait=0:wait_id=0
[gs:pipeline] host_tick=1820 dma=7946 gif=3910 vif=10 display_fbp=70 source_fbp=70 width=640 height=224 preferred=0 ctx0_fbp=140 ctx1_fbp=140 transfer_total=0 transfer_copied=4096
[boot-snapshot] host_tick=2160 running=0 thread=1:pc=0x238c50:ra=0x238c50:priority=0:status=1:wait=0:wait_id=0
[gs:pipeline] host_tick=1940 dma=8668 gif=4150 vif=10 display_fbp=70 source_fbp=70 width=640 height=224 preferred=0 ctx0_fbp=140 ctx1_fbp=140 transfer_total=0 transfer_copied=4096
[boot-snapshot] host_tick=2280 running=0 thread=1:pc=0x238c50:ra=0x238c50:priority=0:status=1:wait=0:wait_id=0
[boot-snapshot] host_tick=2400 running=0 thread=1:pc=0x238c50:ra=0x238c50:priority=0:status=1:wait=0:wait_id=0
[gs:pipeline] host_tick=2060 dma=9387 gif=4390 vif=10 display_fbp=70 source_fbp=70 width=640 height=224 preferred=0 ctx0_fbp=140 ctx1_fbp=140 transfer_total=0 transfer_copied=4096
[boot-snapshot] host_tick=2520 running=0 thread=1:pc=0x238c50:ra=0x238c50:priority=0:status=1:wait=0:wait_id=0
[gs:pipeline] host_tick=2180 dma=10108 gif=4630 vif=10 display_fbp=70 source_fbp=70 width=640 height=224 preferred=0 ctx0_fbp=140 ctx1_fbp=140 transfer_total=0 transfer_copied=4096
[boot-snapshot] host_tick=2640 running=0 thread=1:pc=0x238c50:ra=0x238c50:priority=0:status=1:wait=0:wait_id=0
[gs:pipeline] host_tick=2300 dma=10826 gif=4870 vif=10 display_fbp=70 source_fbp=70 width=640 height=224 preferred=0 ctx0_fbp=140 ctx1_fbp=140 transfer_total=0 transfer_copied=4096
[boot-snapshot] host_tick=2760 running=0 thread=1:pc=0x238c50:ra=0x238c50:priority=0:status=1:wait=0:wait_id=0
[gs:pipeline] host_tick=2420 dma=11546 gif=5110 vif=10 display_fbp=70 source_fbp=70 width=640 height=224 preferred=0 ctx0_fbp=140 ctx1_fbp=140 transfer_total=0 transfer_copied=4096
[boot-snapshot] host_tick=2880 running=0 thread=1:pc=0x238c50:ra=0x238c50:priority=0:status=1:wait=0:wait_id=0
[gs:pipeline] host_tick=2540 dma=12266 gif=5350 vif=10 display_fbp=70 source_fbp=70 width=640 height=224 preferred=0 ctx0_fbp=140 ctx1_fbp=140 transfer_total=0 transfer_copied=4096
[boot-snapshot] host_tick=3000 running=0 thread=1:pc=0x238c50:ra=0x238c50:priority=0:status=1:wait=0:wait_id=0
[gs:pipeline] host_tick=2660 dma=12986 gif=5590 vif=10 display_fbp=70 source_fbp=70 width=640 height=224 preferred=0 ctx0_fbp=140 ctx1_fbp=140 transfer_total=0 transfer_copied=4096
[boot-snapshot] host_tick=3120 running=0 thread=1:pc=0x238c50:ra=0x238c50:priority=0:status=1:wait=0:wait_id=0
[gs:pipeline] host_tick=2780 dma=13706 gif=5830 vif=10 display_fbp=70 source_fbp=70 width=640 height=224 preferred=0 ctx0_fbp=140 ctx1_fbp=140 transfer_total=0 transfer_copied=4096
[boot-snapshot] host_tick=3240 running=0 thread=1:pc=0x238c50:ra=0x238c50:priority=0:status=1:wait=0:wait_id=0
[boot-snapshot] host_tick=3360 running=0 thread=1:pc=0x238c50:ra=0x238c50:priority=0:status=1:wait=0:wait_id=0
[gs:pipeline] host_tick=3000 dma=14976 gif=6270 vif=10 display_fbp=70 source_fbp=70 width=640 height=224 preferred=0 ctx0_fbp=140 ctx1_fbp=140 transfer_total=0 transfer_copied=4096
[boot-snapshot] host_tick=3480 running=0 thread=1:pc=0x238c50:ra=0x238c50:priority=0:status=1:wait=0:wait_id=0
[boot-snapshot] host_tick=3600 running=0 thread=1:pc=0x238c50:ra=0x238c50:priority=0:status=1:wait=0:wait_id=0
[boot-snapshot] host_tick=3720 running=0 thread=1:pc=0x238c50:ra=0x238c50:priority=0:status=1:wait=0:wait_id=0
[boot-snapshot] host_tick=3840 running=0 thread=1:pc=0x238c50:ra=0x238c50:priority=0:status=1:wait=0:wait_id=0
[boot-snapshot] host_tick=3960 running=0 thread=1:pc=0x238c50:ra=0x238c50:priority=0:status=1:wait=0:wait_id=0
[boot-snapshot] host_tick=4080 running=0 thread=1:pc=0x238c50:ra=0x238c50:priority=0:status=1:wait=0:wait_id=0
[boot-snapshot] host_tick=4200 running=0 thread=1:pc=0x238c50:ra=0x238c50:priority=0:status=1:wait=0:wait_id=0
[gs:pipeline] host_tick=3123 dma=17649 gif=6516 vif=10 display_fbp=140 source_fbp=140 width=640 height=224 preferred=0 ctx0_fbp=70 ctx1_fbp=70 transfer_total=0 transfer_copied=4096
[boot-snapshot] host_tick=4320 running=0 thread=1:pc=0x238c50:ra=0x238c50:priority=0:status=1:wait=0:wait_id=0
[boot-snapshot] host_tick=4440 running=0 thread=1:pc=0x238c50:ra=0x238c50:priority=0:status=1:wait=0:wait_id=0
[boot-snapshot] host_tick=4560 running=0 thread=1:pc=0x238c50:ra=0x238c50:priority=0:status=1:wait=0:wait_id=0
[boot-snapshot] host_tick=4680 running=0 thread=1:pc=0x238c50:ra=0x238c50:priority=0:status=1:wait=0:wait_id=0
[boot-snapshot] host_tick=4800 running=0 thread=1:pc=0x238c50:ra=0x238c50:priority=0:status=1:wait=0:wait_id=0
[boot-snapshot] host_tick=4920 running=0 thread=1:pc=0x238c50:ra=0x238c50:priority=0:status=1:wait=0:wait_id=0
[boot-snapshot] host_tick=5040 running=0 thread=1:pc=0x238c50:ra=0x238c50:priority=0:status=1:wait=0:wait_id=0
[gs:pipeline] host_tick=3243 dma=20289 gif=6756 vif=10 display_fbp=140 source_fbp=140 width=640 height=224 preferred=0 ctx0_fbp=70 ctx1_fbp=70 transfer_total=0 transfer_copied=4096
[boot-snapshot] host_tick=5160 running=0 thread=1:pc=0x238c50:ra=0x238c50:priority=0:status=1:wait=0:wait_id=0
[boot-snapshot] host_tick=5280 running=0 thread=1:pc=0x238c50:ra=0x238c50:priority=0:status=1:wait=0:wait_id=0
[boot-snapshot] host_tick=5400 running=0 thread=1:pc=0x238c50:ra=0x238c50:priority=0:status=1:wait=0:wait_id=0
[boot-snapshot] host_tick=5520 running=0 thread=1:pc=0x238c50:ra=0x238c50:priority=0:status=1:wait=0:wait_id=0
[boot-snapshot] host_tick=5640 running=0 thread=1:pc=0x238c50:ra=0x238c50:priority=0:status=1:wait=0:wait_id=0
[boot-snapshot] host_tick=5760 running=0 thread=1:pc=0x238c50:ra=0x238c50:priority=0:status=1:wait=0:wait_id=0
[boot-snapshot] host_tick=5880 running=0 thread=1:pc=0x238c50:ra=0x238c50:priority=0:status=1:wait=0:wait_id=0
[boot-snapshot] host_tick=6000 running=0 thread=1:pc=0x238c50:ra=0x238c50:priority=0:status=1:wait=0:wait_id=0
[gs:pipeline] host_tick=3364 dma=24179 gif=6998 vif=10 display_fbp=70 source_fbp=70 width=640 height=224 preferred=0 ctx0_fbp=140 ctx1_fbp=140 transfer_total=0 transfer_copied=4096
[boot-snapshot] host_tick=6120 running=0 thread=1:pc=0x238c50:ra=0x238c50:priority=0:status=1:wait=0:wait_id=0
[boot-snapshot] host_tick=6240 running=0 thread=1:pc=0x238c50:ra=0x238c50:priority=0:status=1:wait=0:wait_id=0
[boot-snapshot] host_tick=6360 running=0 thread=1:pc=0x238c50:ra=0x238c50:priority=0:status=1:wait=0:wait_id=0
[boot-snapshot] host_tick=6480 running=0 thread=1:pc=0x238c50:ra=0x238c50:priority=0:status=1:wait=0:wait_id=0
[boot-snapshot] host_tick=6600 running=0 thread=1:pc=0x238c50:ra=0x238c50:priority=0:status=1:wait=0:wait_id=0
[boot-snapshot] host_tick=6720 running=0 thread=1:pc=0x238c50:ra=0x238c50:priority=0:status=1:wait=0:wait_id=0
[boot-snapshot] host_tick=6840 running=1 thread=1:pc=0x20ff20:ra=0x20fef0:priority=0:status=0:wait=0:wait_id=0
[gs:pipeline] host_tick=3484 dma=28282 gif=7238 vif=10 display_fbp=70 source_fbp=70 width=640 height=224 preferred=0 ctx0_fbp=140 ctx1_fbp=140 transfer_total=0 transfer_copied=4096
[boot-snapshot] host_tick=6960 running=0 thread=1:pc=0x238c50:ra=0x238c50:priority=0:status=1:wait=0:wait_id=0
[boot-snapshot] host_tick=7080 running=0 thread=1:pc=0x238c50:ra=0x238c50:priority=0:status=1:wait=0:wait_id=0
[boot-snapshot] host_tick=7200 running=0 thread=1:pc=0x238c50:ra=0x238c50:priority=0:status=1:wait=0:wait_id=0
[boot-snapshot] host_tick=7320 running=0 thread=1:pc=0x238c50:ra=0x238c50:priority=0:status=1:wait=0:wait_id=0
[boot-snapshot] host_tick=7440 running=0 thread=1:pc=0x238c50:ra=0x238c50:priority=0:status=1:wait=0:wait_id=0
[boot-snapshot] host_tick=7560 running=0 thread=1:pc=0x238c50:ra=0x238c50:priority=0:status=1:wait=0:wait_id=0
[boot-snapshot] host_tick=7680 running=0 thread=1:pc=0x238c50:ra=0x238c50:priority=0:status=1:wait=0:wait_id=0
[boot-snapshot] host_tick=7800 running=0 thread=1:pc=0x238c50:ra=0x238c50:priority=0:status=1:wait=0:wait_id=0
[gs:pipeline] host_tick=3604 dma=32361 gif=7478 vif=10 display_fbp=70 source_fbp=70 width=640 height=224 preferred=0 ctx0_fbp=140[VU1 reserved lower] cycle=304714443 pc=0x2220 instruction=0xfffffffb
[boot-snapshot] host_tick=7920 running=0 thread=1:pc=0x238c50:ra=0x238c50:priority=0:status=1:wait=0:wait_id=0
[boot-snapshot] host_tick=8040 running=0 thread=1:pc=0x238c50:ra=0x238c50:priority=0:status=1:wait=0:wait_id=0
[boot-snapshot] host_tick=8160 running=0 thread=1:pc=0x238c50:ra=0x238c50:priority=0:status=1:wait=0:wait_id=0
[boot-snapshot] host_tick=8280 running=0 thread=1:pc=0x238c50:ra=0x238c50:priority=0:status=1:wait=0:wait_id=0
[boot-snapshot] host_tick=8400 running=0 thread=1:pc=0x238c50:ra=0x238c50:priority=0:status=1:wait=0:wait_id=0
[boot-snapshot] host_tick=8520 running=0 thread=1:pc=0x238c50:ra=0x238c50:priority=0:status=1:wait=0:wait_id=0
[boot-snapshot] host_tick=8640 running=0 thread=1:pc=0x238c50:ra=0x238c50:priority=0:status=1:wait=0:wait_id=0
[gs:pipeline] host_tick=3724 dma=36442 gif=7718 vif=10 display_fbp=70 source_fbp=70 width=640 height=224 preferred=0 ctx0_fbp=140 ctx1_fbp=140 transfer_total=0 transfer_copied=4096
[boot-snapshot] host_tick=8760 running=0 thread=1:pc=0x238c50:ra=0x238c50:priority=0:status=1:wait=0:wait_id=0
[boot-snapshot] host_tick=8880 running=0 thread=1:pc=0x238c50:ra=0x238c50:priority=0:status=1:wait=0:wait_id=0
[boot-snapshot] host_tick=9000 running=0 thread=1:pc=0x238c50:ra=0x238c50:priority=0:status=1:wait=0:wait_id=0
[boot-snapshot] host_tick=9120 running=0 thread=1:pc=0x238c50:ra=0x238c50:priority=0:status=1:wait=0:wait_id=0
[boot-snapshot] host_tick=9240 running=1 thread=1:pc=0x20fd78:ra=0x20fd78:priority=0:status=0:wait=0:wait_id=0
[boot-snapshot] host_tick=9360 running=0 thread=1:pc=0x238c50:ra=0x238c50:priority=0:status=1:wait=0:wait_id=0
[boot-snapshot] host_tick=9480 running=0 thread=1:pc=0x238c50:ra=0x238c50:priority=0:status=1:wait=0:wait_id=0
[boot-snapshot] host_tick=9600 running=0 thread=1:pc=0x238c50:ra=0x238c50:priority=0:status=1:wait=0:wait_id=0
[gs:pipeline] host_tick=3844 dma=40519 gif=7958 vif=10 display_fbp=70 source_fbp=70 width=640 height=224 preferred=0 ctx0_fbp=140 ctx1_fbp=140 transfer_total=0 transfer_copied=4096
[boot-snapshot] host_tick=9720 running=0 thread=1:pc=0x238c50:ra=0x238c50:priority=0:status=1:wait=0:wait_id=0
[boot-snapshot] host_tick=9840 running=0 thread=1:pc=0x238c50:ra=0x238c50:priority=0:status=1:wait=0:wait_id=0
[boot-snapshot] host_tick=9960 running=0 thread=1:pc=0x238c50:ra=0x238c50:priority=0:status=1:wait=0:wait_id=0
[boot-snapshot] host_tick=10080 running=0 thread=1:pc=0x238c50:ra=0x238c50:priority=0:status=1:wait=0:wait_id=0
[boot-snapshot] host_tick=10200 running=0 thread=1:pc=0x238c50:ra=0x238c50:priority=0:status=1:wait=0:wait_id=0
[boot-snapshot] host_tick=10320 running=0 thread=1:pc=0x238c50:ra=0x238c50:priority=0:status=1:wait=0:wait_id=0
[boot-snapshot] host_tick=10440 running=0 thread=1:pc=0x238c50:ra=0x238c50:priority=0:status=1:wait=0:wait_id=0
[boot-snapshot] host_tick=10560 running=0 thread=1:pc=0x238c50:ra=0x238c50:priority=0:status=1:wait=0:wait_id=0[VU1 reserved lower] cycle=504982691 pc=0x2220 instruction=0xfffffffb
[gs:pipeline] host_tick=3964 dma=44579 gif=8198 vif=10 display_fbp=70 source_fbp=70 width=640 height=224 preferred=0 ctx0_fbp=140 ctx1_fbp=140 transfer_total=0 transfer_copied=4096
[boot-snapshot] host_tick=10680 running=0 thread=1:pc=0x238c50:ra=0x238c50:priority=0:status=1:wait=0:wait_id=0
[boot-snapshot] host_tick=10800 running=0 thread=1:pc=0x238c50:ra=0x238c50:priority=0:status=1:wait=0:wait_id=0
[boot-snapshot] host_tick=10920 running=0 thread=1:pc=0x238c50:ra=0x238c50:priority=0:status=1:wait=0:wait_id=0
[boot-snapshot] host_tick=11040 running=0 thread=1:pc=0x238c50:ra=0x238c50:priority=0:status=1:wait=0:wait_id=0
[boot-snapshot] host_tick=11160 running=0 thread=1:pc=0x238c50:ra=0x238c50:priority=0:status=1:wait=0:wait_id=0
[boot-snapshot] host_tick=11280 running=0 thread=1:pc=0x238c50:ra=0x238c50:priority=0:status=1:wait=0:wait_id=0
[boot-snapshot] host_tick=11400 running=0 thread=1:pc=0x238c50:ra=0x238c50:priority=0:status=1:wait=0:wait_id=0
[boot-snapshot] host_tick=11520 running=0 thread=1:pc=0x238c50:ra=0x238c50:priority=0:status=1:wait=0:wait_id=0
[boot-snapshot] host_tick=11640 running=0 thread=1:pc=0x238c50:ra=0x238c50:priority=0:status=1:wait=0:wait_id=0
[gs:pipeline] host_tick=4084 dma=48659 gif=8438 vif=10 display_fbp=70 source_fbp=70 width=640 height=224 preferred=0 ctx0_fbp=140 ctx1_fbp=140 transfer_total=0 transfer_copied=4096
[boot-snapshot] host_tick=11760 running=0 thread=1:pc=0x238c50:ra=0x238c50:priority=0:status=1:wait=0:wait_id=0
[boot-snapshot] host_tick=11880 running=0 thread=1:pc=0x238c50:ra=0x238c50:priority=0:status=1:wait=0:wait_id=0
[boot-snapshot] host_tick=12000 running=0 thread=1:pc=0x238c50:ra=0x238c50:priority=0:status=1:wait=0:wait_id=0
[boot-snapshot] host_tick=12120 running=0 thread=1:pc=0x238c50:ra=0x238c50:priority=0:status=1:wait=0:wait_id=0
[boot-snapshot] host_tick=12240 running=0 thread=1:pc=0x238c50:ra=0x238c50:priority=0:status=1:wait=0:wait_id=0
[boot-snapshot] host_tick=12360 running=0 thread=1:pc=0x238c50:ra=0x238c50:priority=0:status=1:wait=0:wait_id=0
[boot-snapshot] host_tick=12480 running=0 thread=1:pc=0x238c50:ra=0x238c50:priority=0:status=1:wait=0:wait_id=0
[boot-snapshot] host_tick=12600 running=0 thread=1:pc=0x238c50:ra=0x238c50:priority=0:status=1:wait=0:wait_id=0
[boot-snapshot] host_tick=12720 running=0 thread=1:pc=0x238c50:ra=0x238c50:priority=0:status=1:wait=0:wait_id=0
[boot-snapshot] host_tick=12840 running=0 thread=1:pc=0x238c50:ra=0x238c50:priority=0:status=1:wait=0:wait_id=0
[gs:pipeline] host_tick=4204 dma=52758 gif=8678 vif=10 display_fbp=70 source_fbp=70 width=640 height=224 preferred=0 ctx0_fbp=140 ctx1_fbp=140 transfer_total=0 transfer_copied=4096
[boot-snapshot] host_tick=12960 running=0 thread=1:pc=0x238c50:ra=0x238c50:priority=0:status=1:wait=0:wait_id=0
[boot-snapshot] host_tick=13080 running=0 thread=1:pc=0x238c50:ra=0x238c50:priority=0:status=1:wait=0:wait_id=0
[boot-snapshot] host_tick=13200 running=0 thread=1:pc=0x238c50:ra=0x238c50:priority=0:status=1:wait=0:wait_id=0
[boot-snapshot] host_tick=13320 running=0 thread=1:pc=0x238c50:ra=0x238c50:priority=0:status=1:wait=0:wait_id=0
[boot-snapshot] host_tick=13440 running=0 thread=1:pc=0x238c50:ra=0x238c50:priority=0:status=1:wait=0:wait_id=0
[boot-snapshot] host_tick=13560 running=0 thread=1:pc=0x238c50:ra=0x238c50:priority=0:status=1:wait=0:wait_id=0
[gs:pipeline] host_tick=4373 dma=55858 gif=9016 vif=10 display_fbp=140 source_fbp=140 width=640 height=224 preferred=0 ctx0_fbp=70 ctx1_fbp=70 transfer_total=0 transfer_copied=4096
[boot-snapshot] host_tick=13680 running=0 thread=1:pc=0x238c50:ra=0x238c50:priority=0:status=1:wait=0:wait_id=0
[boot-snapshot] host_tick=13800 running=0 thread=1:pc=0x238c50:ra=0x238c50:priority=0:status=1:wait=0:wait_id=0
[boot-snapshot] host_tick=13920 running=0 thread=1:pc=0x238c50:ra=0x238c50:priority=0:status=1:wait=0:wait_id=0
[boot-snapshot] host_tick=14040 running=0 thread=1:pc=0x238c50:ra=0x238c50:priority=0:status=1:wait=0:wait_id=0
[boot-snapshot] host_tick=14160 running=0 thread=1:pc=0x238c50:ra=0x238c50:priority=0:status=1:wait=0:wait_id=0
[boot-snapshot] host_tick=14280 running=0 thread=1:pc=0x238c50:ra=0x238c50:priority=0:status=1:wait=0:wait_id=0
[boot-snapshot] host_tick=14400 running=0 thread=1:pc=0x238c50:ra=0x238c50:priority=0:status=1:wait=0:wait_id=0
[boot-snapshot] host_tick=14520 running=0 thread=1:pc=0x238c50:ra=0x238c50:priority=0:status=1:wait=0:wait_id=0
[gs:pipeline] host_tick=4494 dma=59289 gif=9255 vif=10 display_fbp=70 source_fbp=70 width=640 height=224 preferred=0 ctx0_fbp=140 ctx1_fbp=140 transfer_total=0 transfer_copied=256
[boot-snapshot] host_tick=14640 running=0 thread=1:pc=0x238c50:ra=0x238c50:priority=0:status=1:wait=0:wait_id=0
[boot-snapshot] host_tick=14760 running=0 thread=1:pc=0x238c50:ra=0x238c50:priority=0:status=1:wait=0:wait_id=0
[gs:pipeline] host_tick=4614 dma=62189 gif=9495 vif=10 display_fbp=70 source_fbp=70 width=640 height=224 preferred=0 ctx0_fbp=140 ctx1_fbp=140 transfer_total=0 transfer_copied=256
[boot-snapshot] host_tick=14880 running=0 thread=1:pc=0x238c50:ra=0x238c50:priority=0:status=1:wait=0:wait_id=0
[gs:pipeline] host_tick=4735 dma=65080 gif=9737 vif=10 display_fbp=140 source_fbp=140 width=640 height=224 preferred=0 ctx0_fbp=70 ctx1_fbp=[VU1 reserved lower] cycle=785519011 pc=0x2220 instruction=0xfffffffb
[boot-snapshot] host_tick=15000 running=0 thread=1:pc=0x238c50:ra=0x238c50:priority=0:status=1:wait=0:wait_id=0
[gs:pipeline] host_tick=4856 dma=67977 gif=9979 vif=10 display_fbp=70 source_fbp=70 width=640 height=224 preferred=0 ctx0_fbp=140 ctx1_fbp=140 transfer_total=0 transfer_copied=256
[boot-snapshot] host_tick=15120 running=0 thread=1:pc=0x238c50:ra=0x238c50:priority=0:status=1:wait=0:wait_id=0
[boot-snapshot] host_tick=15240 running=0 thread=1:pc=0x238c50:ra=0x238c50:priority=0:status=1:wait=0:wait_id=0
[gs:pipeline] host_tick=4976 dma=70858 gif=10219 vif=10 display_fbp=70 source_fbp=70 width=640 height=224 preferred=0 ctx0_fbp=140 ctx1_fbp=140 transfer_total=0 transfer_copied=256
[boot-snapshot] host_tick=15360 running=0 thread=1:pc=0x238c50:ra=0x238c50:priority=0:status=1:wait=0:wait_id=0
[boot-snapshot] host_tick=15480 running=0 thread=1:pc=0x238c50:ra=0x238c50:priority=0:status=1:wait=0:wait_id=0
[boot-snapshot] host_tick=15600 running=0 thread=1:pc=0x238c50:ra=0x238c50:priority=0:status=1:wait=0:wait_id=0
[boot-snapshot] host_tick=15720 running=0 thread=1:pc=0x238c50:ra=0x238c50:priority=0:status=1:wait=0:wait_id=0
[gs:pipeline] host_tick=5096 dma=73742 gif=10459 vif=10 display_fbp=70 source_fbp=70 width=640 height=224 preferred=0 ctx0_fbp=140 ctx1_fbp=140 transfer_total=0 transfer_copied=256
[boot-snapshot] host_tick=15840 running=0 thread=1:pc=0x238c50:ra=0x238c50:priority=0:status=1:wait=0:wait_id=0
[boot-snapshot] host_tick=15960 running=0 thread=1:pc=0x238c50:ra=0x238c50:priority=0:status=1:wait=0:wait_id=0
[boot-snapshot] host_tick=16080 running=0 thread=1:pc=0x238c50:ra=0x238c50:priority=0:status=1:wait=0:wait_id=0
[boot-snapshot] host_tick=16200 running=0 thread=1:pc=0x238c50:ra=0x238c50:priority=0:status=1:wait=0:wait_id=0
[boot-snapshot] host_tick=16320 running=0 thread=1:pc=0x238c50:ra=0x238c50:priority=0:status=1:wait=0:wait_id=0
[boot-snapshot] host_tick=16440 running=0 thread=1:pc=0x238c50:ra=0x238c50:priority=0:status=1:wait=0:wait_id=0
[gs:pipeline] host_tick=5216 dma=76617 gif=10699 vif=10 display_fbp=70 source_fbp=70 width=640 height=224 preferred=0 ctx0_fbp=140 ctx1_fbp=140 transfer_total=0 transfer_copied=256
[boot-snapshot] host_tick=16560 running=0 thread=1:pc=0x238c50:ra=0x238c50:priority=0:status=1:wait=0:wait_id=0
[boot-snapshot] host_tick=16680 running=0 thread=1:pc=0x238c50:ra=0x238c50:priority=0:status=1:wait=0:wait_id=0
[boot-snapshot] host_tick=16800 running=0 thread=1:pc=0x238c50:ra=0x238c50:priority=0:status=1:wait=0:wait_id=0
[boot-snapshot] host_tick=16920 running=0 thread=1:pc=0x238c50:ra=0x238c50:priority=0:status=1:wait=0:wait_id=0
[gs:pipeline] host_tick=5336 dma=79501 gif=10939 vif=10 display_fbp=70 source_fbp=70 width=640 height=224 preferred=0 ctx0_fbp=140 ctx1_fbp=140 transfer_total=0 transfer_copied=256
[boot-snapshot] host_tick=17040 running=0 thread=1:pc=0x238c50:ra=0x238c50:priority=0:status=1:wait=0:wait_id=0
[boot-snapshot] host_tick=17160 running=0 thread=1:pc=0x238c50:ra=0x238c50:priority=0:status=1:wait=0:wait_id=0
[boot-snapshot] host_tick=17280 running=0 thread=1:pc=0x238c50:ra=0x238c50:priority=0:status=1:wait=0:wait_id=0
[gs:pipeline] host_tick=5456 dma=82378 gif=11179 vif=10 display_fbp=70 source_fbp=70 width=640 height=224 preferred=0 ctx0_fbp=140 ctx1_fbp=140 transfer_total=0 transfer_copied=256
[boot-snapshot] host_tick=17400 running=0 thread=1:pc=0x238c50:ra=0x238c50:priority=0:status=1:wait=0:wait_id=0
[boot-snapshot] host_tick=17520 running=0 thread=1:pc=0x238c50:ra=0x238c50:priority=0:status=1:wait=0:wait_id=0
[boot-snapshot] host_tick=17640 running=0 thread=1:pc=0x238c50:ra=0x238c50:priority=0:status=1:wait=0:wait_id=0
[boot-snapshot] host_tick=17760 running=0 thread=1:pc=0x238c50:ra=0x238c50:priority=0:status=1:wait=0:wait_id=0
[boot-snapshot] host_tick=17880 running=0 thread=1:pc=0x238c50:ra=0x238c50:priority=0:status=1:wait=0:wait_id=0
[gs:pipeline] host_tick=5576 dma=85258 gif=11419 vif=10 display_fbp=70 source_fbp=70 width=640 height=224 preferred=0 ctx0_fbp=140 ctx1_fbp=140 transfer_total=0 transfer_copied=256
[boot-snapshot] host_tick=18000 running=0 thread=1:pc=0x238c50:ra=0x238c50:priority=0:status=1:wait=0:wait_id=0
[boot-snapshot] host_tick=18120 running=0 thread=1:pc=0x238c50:ra=0x238c50:priority=0:status=1:wait=0:wait_id=0
[boot-snapshot] host_tick=18240 running=0 thread=1:pc=0x238c50:ra=0x238c50:priority=0:status=1:wait=0:wait_id=0
[boot-snapshot] host_tick=18360 running=0 thread=1:pc=0x238c50:ra=0x238c50:priority=0:status=1:wait=0:wait_id=0
[gs:pipeline] host_tick=5696 dma=88137 gif=11659 vif=10 display_fbp=70 source_fbp=70 width=640 height=224 preferred=0 ctx0_fbp=140 ctx1_fbp=140 transfer_total=0 transfer_copied=256
[boot-snapshot] host_tick=18480 running=0 thread=1:pc=0x238c50:ra=0x238c50:priority=0:status=1:wait=0:wait_id=0
[boot-snapshot] host_tick=18600 running=0 thread=1:pc=0x238c50:ra=0x238c50:priority=0:status=1:wait=0:wait_id=0
[boot-snapshot] host_tick=18720 running=0 thread=1:pc=0x238c50:ra=0x238c50:priority=0:status=1:wait=0:wait_id=0
[boot-snapshot] host_tick=18840 running=0 thread=1:pc=0x238c50:ra=0x238c50:priority=0:status=1:wait=0:wait_id=0
[gs:pipeline] host_tick=5816 dma=91017 gif=11899 vif=10 display_fbp=70 source_fbp=70 width=640 height=224 preferred=0 ctx0_fbp=140 ctx1_fbp=140 transfer_total=0 transfer_copied=256
[boot-snapshot] host_tick=18960 running=0 thread=1:pc=0x238c50:ra=0x238c50:priority=0:status=1:wait=0:wait_id=0
[boot-snapshot] host_tick=19080 running=0 thread=1:pc=0x238c50:ra=0x238c50:priority=0:status=1:wait=0:wait_id=0
[boot-snapshot] host_tick=19200 running=0 thread=1:pc=0x238c50:ra=0x238c50:priority=0:status=1:wait=0:wait_id=0
[boot-snapshot] host_tick=19320 running=0 thread=1:pc=0x238c50:ra=0x238c50:priority=0:status=1:wait=0:wait_id=0
[gs:pipeline] host_tick=5936 dma=93897 gif=12139 vif=10 display_fbp=70 source_fbp=70 width=640 height=224 preferred=0 ctx0_fbp=140 ctx1_fbp=140 transfer_total=0 transfer_copied=256
[boot-snapshot] host_tick=19440 running=0 thread=1:pc=0x238c50:ra=0x238c50:priority=0:status=1:wait=0:wait_id=0
[boot-snapshot] host_tick=19560 running=0 thread=1:pc=0x238c50:ra=0x238c50:priority=0:status=1:wait=0:wait_id=0
[boot-snapshot] host_tick=19680 running=0 thread=1:pc=0x238c50:ra=0x238c50:priority=0:status=1:wait=0:wait_id=0
[boot-snapshot] host_tick=19800 running=0 thread=1:pc=0x238c50:ra=0x238c50:priority=0:status=1:wait=0:wait_id=0
[gs:pipeline] host_tick=6056 dma=96781 gif=12379 vif=10 display_fbp=70 source_fbp=70 width=640 height=224 preferred=0 ctx0_fbp=140 ctx1_fbp=140 transfer_total=0 transfer_copied=256
[boot-snapshot] host_tick=19920 running=0 thread=1:pc=0x238c50:ra=0x238c50:priority=0:status=1:wait=0:wait_id=0
[boot-snapshot] host_tick=20040 running=0 thread=1:pc=0x238c50:ra=0x238c50:priority=0:status=1:wait=0:wait_id=0
[boot-snapshot] host_tick=20160 running=0 thread=1:pc=0x238c50:ra=0x238c50:priority=0:status=1:wait=0:wait_id=0
[boot-snapshot] host_tick=20280 running=0 thread=1:pc=0x238c50:ra=0x238c50:priority=0:status=1:wait=0:wait_id=0
[gs:pipeline] host_tick=6176 dma=99658 gif=12619 vif=10 display_fbp=70 source_fbp=70 width=640 height=224 preferred=0 ctx0_fbp=140 ctx1_fbp=140 transfer_total=0 transfer_copied=256
[boot-snapshot] host_tick=20400 running=0 thread=1:pc=0x238c50:ra=0x238c50:priority=0:status=1:wait=0:wait_id=0
[boot-snapshot] host_tick=20520 running=0 thread=1:pc=0x238c50:ra=0x238c50:priority=0:status=1:wait=0:wait_id=0
[boot-snapshot] host_tick=20640 running=0 thread=1:pc=0x238c50:ra=0x238c50:priority=0:status=1:wait=0:wait_id=0
[boot-snapshot] host_tick=20760 running=0 thread=1:pc=0x238c50:ra=0x238c50:priority=0:status=1:wait=0:wait_id=0
[gs:pipeline] host_tick=6296 dma=102537 gif=12859 vif=10 display_fbp=70 source_fbp=70 width=640 height=224 preferred=0 ctx0_fbp=140 ctx1_fbp=140 transfer_total=0 transfer_copied=256
[boot-snapshot] host_tick=20880 running=0 thread=1:pc=0x238c50:ra=0x238c50:priority=0:status=1:wait=0:wait_id=0
[boot-snapshot] host_tick=21000 running=0 thread=1:pc=0x238c50:ra=0x238c50:priority=0:status=1:wait=0:wait_id=0
[gs:pipeline] host_tick=6487 dma=104205 gif=13241 vif=10 display_fbp=140 source_fbp=140 width=640 height=224 preferred=0 ctx0_fbp=70 ctx1_fbp=70 transfer_total=0 transfer_copied=256
[boot-snapshot] host_tick=21120 running=0 thread=1:pc=0x238c50:ra=0x238c50:priority=0:status=1:wait=0:wait_id=0
[gs:pipeline] host_tick=6679 dma=105362 gif=13627 vif=10 display_fbp=140 source_fbp=140 width=640 height=224 preferred=0 ctx0_fbp=140 ctx1_fbp=140 transfer_total=0 transfer_copied=256
[boot-snapshot] host_tick=21240 running=0 thread=1:pc=0x238c50:ra=0x238c50:priority=0:status=1:wait=0:wait_id=0
[gs:pipeline] host_tick=6870 dma=106508 gif=14009 vif=10 display_fbp=70 source_fbp=70 width=640 height=224 preferred=0 ctx0_fbp=70 ctx1_fbp=70 transfer_total=0 transfer_copied=256
[boot-snapshot] host_tick=21360 running=0 thread=1:pc=0x238c50[VU1 reserved lower] cycle=1380521181 pc=0x2220 instruction=0xfffffffb
[gs:pipeline] host_tick=7061 dma=107649 gif=14389 vif=10 display_fbp=140 source_fbp=140 width=640 height=224 preferred=0 ctx0_fbp=70 ctx1_fbp=70 transfer_total=0 transfer_copied=256
[boot-snapshot] host_tick=21480 running=0 thread=1:pc=0x238c50:ra=0x238c50:priority=0:status=1:wait=0:wait_id=0
[gs:pipeline] host_tick=7250 dma=108783 gif=14767 vif=10 display_fbp=70 source_fbp=70 width=640 height=224 preferred=0 ctx0_fbp=140 ctx1_fbp=140 transfer_total=0 transfer_copied=256
[boot-snapshot] host_tick=21600 running=0 thread=1:pc=0x238c50:ra=0x238c50:priority=0:status=1:wait=0:wait_id=0
[gs:pipeline] host_tick=7437 dma=109905 gif=15141 vif=10 display_fbp=140 source_fbp=140 width=640 height=224 preferred=0 ctx0_fbp=70 ctx1_fbp=70 transfer_total=0 transfer_copied=256
[boot-snapshot] host_tick=21720 running=0 thread=1:pc=0x238c50:ra=0x238c50:priority=0:status=1:wait=0:wait_id=0
[gs:pipeline] host_tick=7627 dma=111050 gif=15523 vif=10 display_fbp=140 source_fbp=140 width=640 height=224 preferred=0 ctx0_fbp=140 ctx1_fbp=140 transfer_total=0 transfer_copied=256
[boot-snapshot] host_tick=21840 running=0 thread=1:pc=0x238c50:ra=0x238c50:priority=0:status=1:wait=0:wait_id=0
[gs:pipeline] host_tick=7818 dma=112196 gif=15905 vif=10 display_fbp=70 source_fbp=70 width=640 height=224 preferred=0 ctx0_fbp=70 ctx1_fbp=70 transfer_total=0 transfer_copied=256
[boot-snapshot] host_tick=21960 running=0 thread=1:pc=0x238c50:ra=0x238c50:priority=0:status=1:wait=0:wait_id=0
[gs:pipeline] host_tick=8022 dma=113415 gif=16311 vif=10 display_fbp=70 source_fbp=70 width=640 height=224 preferred=0 ctx0_fbp=140 ctx1_fbp=140 transfer_total=0 transfer_copied=256
[boot-snapshot] host_tick=22080 running=0 thread=1:pc=0x238c50:ra=0x238c50:priority=0:status=1:wait=0:wait_id=0
[gs:pipeline] host_tick=8227 dma=114650 gif=16723 vif=10 display_fbp=140 source_fbp=140 width=640 height=224 preferred=0 ctx0_fbp=140 ctx1_fbp=140 transfer_total=0 transfer_copied=256
[boot-snapshot] host_tick=22200 running=0 thread=1:pc=0x238c50:ra=0x238c50:priority=0:status=1:wait=0:wait_id=0
[gs:pipeline] host_tick=8422 dma=115815 gif=17111 vif=10 display_fbp=70 source_fbp=70 width=640 height=224 preferred=0 ctx0_fbp=140 ctx1_fbp=140 transfer_total=0 transfer_copied=256
[boot-snapshot] host_tick=22320 running=0 thread=1:pc=0x238c50:ra=0x238c50:priority=0:status=1:wait=0:wait_id=0
[gs:pipeline] host_tick=8618 dma=116991 gif=17503 vif=10 display_fbp=70 source_fbp=70 width=640 height=224 preferred=0 ctx0_fbp=140 ctx1_fbp=140 transfer_total=0 transfer_copied=256
[boot-snapshot] host_tick=22440 running=0 thread=1:pc=0x238c50:ra=0x238c50:priority=0:status=1:wait=0:wait_id=0
[gs:pipeline] host_tick=8805 dma=118115 gif=17877 vif=10 display_fbp=140[VU1 reserved lower] cycle=1427301031 pc=0x2220 instruction=0xfffffffb
[boot-snapshot] host_tick=22560 running=0 thread=1:pc=0x238c50:ra=0x238c50:priority=0:status=1:wait=0:wait_id=0
[gs:pipeline] host_tick=8998 dma=119273 gif=18263 vif=10 display_fbp=70 source_fbp=70 width=640 height=224 preferred=0 ctx0_fbp=140 ctx1_fbp=140 transfer_total=0 transfer_copied=256
[boot-snapshot] host_tick=22680 running=0 thread=1:pc=0x238c50:ra=0x238c50:priority=0:status=1:wait=0:wait_id=0
[gs:pipeline] host_tick=9189 dma=120417 gif=18645 vif=10 display_fbp=140 source_fbp=140 width=640 height=224 preferred=0 ctx0_fbp=70 ctx1_fbp=70 transfer_total=0 transfer_copied=256
[boot-snapshot] host_tick=22800 running=0 thread=1:pc=0x238c50:ra=0x238c50:priority=0:status=1:wait=0:wait_id=0
[gs:pipeline] host_tick=9385 dma=121595 gif=19037 vif=10 display_fbp=140 source_fbp=140 width=640 height=224 preferred=0 ctx0_fbp=70 ctx1_fbp=70 transfer_total=0 transfer_copied=256
[boot-snapshot] host_tick=22920 running=0 thread=1:pc=0x238c50:ra=0x238c50:priority=0:status=1:wait=0:wait_id=0
[gs:pipeline] host_tick=9578 dma=122751 gif=19423 vif=10 display_fbp=70 source_fbp=70 width=640 height=224 preferred=0 ctx0_fbp=140 ctx1_fbp=140 transfer_total=0 transfer_copied=256
[boot-snapshot] host_tick=23040 running=0 thread=1:pc=0x238c50:ra=0x238c50:priority=0:status=1:wait=0:wait_id=0
[gs:pipeline] host_tick=9768 dma=123891 gif=19803 vif=10 display_fbp=70 source_fbp=70 width=640 height=224 preferred=0 ctx0_fbp=140 ctx1_fbp=140 transfer_total=0 transfer_copied=256
[boot-snapshot] host_tick=23160 running=0 thread=1:pc=0x238c50:ra=0x238c50:priority=0:status=1:wait=0:wait_id=0
[gs:pipeline] host_tick=9962 dma=125055 gif=20191 vif=10 display_fbp=70 source_fbp=70 width=640 height=224 preferred=0 ctx0_fbp=140 ctx1_fbp=140 transfer_total=0 transfer_copied=256
[boot-snapshot] host_tick=23280 running=0 thread=1:pc=0x238c50:ra=0x238c50:priority=0:status=1:wait=0:wait_id=0
[gs:pipeline] host_tick=10150 dma=126188 gif=20569 vif=10 display_fbp=70 source_fbp=70 width=640 height=224 preferred=0 ctx0_fbp=70 ctx1_fbp=70 transfer_total=0 transfer_copied=256
[boot-snapshot] host_tick=23400 running=0 thread=1:pc=0x238c50:ra=0x238c50:priority=0:status=1:wait=0:wait_id=0
[gs:pipeline] host_tick=10339 dma=127322 gif=20947 vif=10 display_fbp=140 source_fbp=140 width=640 height=224 preferred=0 ctx0_fbp=140 ctx1_fbp=140 transfer_total=0 transfer_copied=256
[boot-snapshot] host_tick=23520 running=0 thread=1:pc=0x238c50:ra=0x238c50:priority=0:status=1:wait=0:wait_id=0
[gs:pipeline] host_tick=10539 dma=128517 gif=21345 vif=10 display_fbp=140 source_fbp=140 width=640 height=224 preferred=0 ctx0_fbp=70 ctx1_fbp=70 transfer_total=0 transfer_copied=256
[boot-snapshot] host_tick=23640 running=0 thread=1:pc=0x238c50:ra=0x238c50:priority=0:status=1:wait=0:wait_id=0
[gs:pipeline] host_tick=10728 dma=129653 gif=21723 vif=10 display_fbp=70 source_fbp=70 width=640 height=224 preferred=0 ctx0_fbp=140 ctx1_fbp=140 transfer_total=0 transfer_copied=256
[boot-snapshot] host_tick=23760 running=0 thread=1:pc=0x238c50:ra=0x238c50:priority=0:status=1:wait=0:wait_id=0
[gs:pipeline] host_tick=10913 dma=130763 gif=22093 vif=10 display_fbp=140 source_fbp=140 width=640 height=224 preferred=0 ctx0_fbp=70 ctx1_fbp=70 transfer_total=0 transfer_copied=256
[boot-snapshot] host_tick=23880 running=0 thread=1:pc=0x238c50:ra=0x238c50:priority=0:status=1:wait=0:wait_id=0
[gs:pipeline] host_tick=11101 dma=131889 gif=22469 vif=10 display_fbp=140 source_fbp=140 width=640 height=224 preferred=0 ctx0_fbp=70 ctx1_fbp=70 transfer_total=0 transfer_copied=256
[boot-snapshot] host_tick=24000 running=0 thread=1:pc=0x238c50:ra=0x238c50:priority=0:status=1:wait=0:wait_id=0
[gs:pipeline] host_tick=11293 dma=133041 gif=22853 vif=10 display_fbp=140 source_fbp=140 width=640 height=224 preferred=0 ctx0_fbp=70 ctx1_fbp=70 transfer_total=0 transfer_copied=256
[boot-snapshot] host_tick=24120 running=0 thread=1:pc=0x238c50:ra=0x238c50:priority=0:status=1:wait=0:wait_id=0
[gs:pipeline] host_tick=11484 dma=134187 gif=23235 vif=10 display_fbp=70 source_fbp=70 width=640 height=224 preferred=0 ctx0_fbp=140 ctx1_fbp=140 transfer_total=0 transfer_copied=256
[boot-snapshot] host_tick=24240 running=0 thread=1:pc=0x238c50:ra=0x238c50:priority=0:status=1:wait=0:wait_id=0
[gs:pipeline] host_tick=11683 dma=135381 gif=23633 vif=10 display_fbp=140 source_fbp=140 width=640 height=224 preferred=0 ctx0_fbp=70 ctx1_fbp=70 transfer_total=0 transfer_copied=256
[boot-snapshot] host_tick=24360 running=0 thread=1:pc=0x238c50:ra=0x238c50:priority=0:status=1:wait=0:wait_id=0
[gs:pipeline] host_tick=11886 dma=136604 gif=24041 vif=10 display_fbp=70 source_fbp=70 width=640 height=224 preferred=0 ctx0_fbp=70 ctx1_fbp=70 transfer_total=0 transfer_copied=256
[boot-snapshot] host_tick=24480 running=0 thread=1:pc=0x238c50:ra=0x238c50:priority=0:status=1:wait=0:wait_id=0
[gs:pipeline] host_tick=12077 dma=137748 gif=24422 vif=10 display_fbp=140 source_fbp=140 width=640 height=224 preferred=0 ctx0_fbp=70 ctx1_fbp=70 transfer_total=0 transfer_copied=256
[boot-snapshot] host_tick=24600 running=0 thread=1:pc=0x238c50:ra=0x238c50:priority=0:status=1:wait=0:wait_id=0
[gs:pipeline] host_tick=12269 dma=138900 gif=24806 vif=10 display_fbp=140 source_fbp=140 width=640 height=224 preferred=0 ctx0_fbp=70 ctx1_fbp=70 transfer_total=0 transfer_copied=256
[boot-snapshot] host_tick=24720 running=0 thread=1:pc=0x238c50:ra=0x238c50:priority=0:status=1:wait=0:wait_id=0
[gs:pipeline] host_tick=12463 dma=140066 gif=25195 vif=10 display_fbp=140 source_fbp=140 width=640 height=224 preferred=0 ctx0_fbp=140 ctx1_fbp=140 transfer_total=0 transfer_copied=256
[boot-snapshot] host_tick=24840 running=0 thread=1:pc=0x238c50:ra=0x238c50:priority=0:status=1:wait=0:wait_id=0
[gs:pipeline] host_tick=12657 dma=141230 gif=25583 vif=10 display_fbp=140 source_fbp=140 width=640 height=224 preferred=0 ctx0_fbp=140 ctx1_fbp=140 transfer_total=0 transfer_copied=256
[boot-snapshot] host_tick=24960 running=0 thread=1:pc=0x238c50:ra=0x238c50:priority=0:status=1:wait=0:wait_id=0
[gs:pipeline] host_tick=12855 dma=142418 gif=25979 vif=10 display_fbp=140 source_fbp=140 width=640 height=224 preferred=0 ctx0_fbp=140 ctx1_fbp=140 transfer_total=0 transfer_copied=256
[boot-snapshot] host_tick=25080 running=0 thread=1:pc=0x238c50:ra=0x238c50:priority=0:status=1:wait=0:wait_id=0
[gs:pipeline] host_tick=13057 dma=143628 gif=26382 vif=10 display_fbp=140 source_fbp=140 width=640 height=224 preferred=0 ctx0_fbp=70 ctx1_fbp=70 transfer_total=0 transfer_copied=256
[boot-snapshot] host_tick=25200 running=0 thread=1:pc=0x238c50:ra=0x238c50:priority=0:status=1:wait=0:wait_id=0
[gs:pipeline] host_tick=13242 dma=144738 gif=26752 vif=10 display_fbp=70 source_fbp=70 width=640 height=224 preferred=0 ctx0_fbp=140 ctx1_fbp=140 transfer_total=0 transfer_copied=256
[boot-snapshot] host_tick=25320 running=0 thread=1:pc=0x238c50:ra=0x238c50:priority=0:status=1:wait=0:wait_id=0
[gs:pipeline] host_tick=13434 dma=145890 gif=27136 vif=10 display_fbp=70 source_fbp=70 width=640 height=224 preferred=0 ctx0_fbp=140 ctx1_fbp=140 transfer_total=0 transfer_copied=256
[boot-snapshot] host_tick=25440 running=0 thread=1:pc=0x238c50:ra=0x238c50:priority=0:status=1:wait=0:wait_id=0
[gs:pipeline] host_tick=13635 dma=147095 gif=27537 vif=10 display_fbp=140 source_fbp=140 width=640 height=224 preferred=0 ctx0_fbp=70 ctx1_fbp=70 transfer_total=0 transfer_copied=256
[boot-snapshot] host_tick=25560 running=0 thread=1:pc=0x238c50:ra=0x238c50:priority=0:status=1:wait=0:wait_id=0
[gs:pipeline] host_tick=13833 dma=148281 gif=27933 vif=10 display_fbp=140 source_fbp=140 width=640 height=224 preferred=0 ctx0_fbp=70 ctx1_fbp=70 transfer_total=0 transfer_copied=256
[boot-snapshot] host_tick=25680 running=0 thread=1:pc=0x238c50:ra=0x238c50:priority=0:status=1:wait=0:wait_id=0
[gs:pipeline] host_tick=14031 dma=149469 gif=28329 vif=10 display_fbp=140 source_fbp=140 width=640 height=224 preferred=0 ctx0_fbp=70 ctx1_fbp=70 transfer_total=0 transfer_copied=256
[boot-snapshot] host_tick=25800 running=0 thread=1:pc=0x238c50:ra=0x238c50:priority=0:status=1:wait=0:wait_id=0
[gs:pipeline] host_tick=14218 dma=150591 gif=28703 vif=10 display_fbp=70 source_fbp=70 width=640 height=224 preferred=0 ctx0_fbp=140 ctx1_fbp=140 transfer_total=0 transfer_copied=256
[boot-snapshot] host_tick=25920 running=0 thread=1:pc=0x238c50:ra=0x238c50:priority=0:status=1:wait=0:wait_id=0
[gs:pipeline] host_tick=14412 dma=151755 gif=29091 vif=10 display_fbp=70 source_fbp=70 width=640 height=224 preferred=0 ctx0_fbp=140 ctx1_fbp=140 transfer_total=0 transfer_copied=256
[boot-snapshot] host_tick=26040 running=0 thread=1:pc=0x238c50:ra=0x238c50:priority=0:status=1:wait=0:wait_id=0
[gs:pipeline] host_tick=14606 dma=152924 gif=29481 vif=10 display_fbp=70 source_fbp=70 width=640 height=224 preferred=0 ctx0_fbp=70 ctx1_fbp=70 transfer_total=0 transfer_copied=256
[boot-snapshot] host_tick=26160 running=0 thread=1:pc=0x238c50:ra=0x238c50:priority=0:status=1:wait=0:wait_id=0
[gs:pipeline] host_tick=14796 dma=154059 gif=29859 vif=10 display_fbp=70 source_fbp=70 width=640 height=224 preferred=0 ctx0_fbp=140 ctx1_fbp=140 transfer_total=0 transfer_copied=256
[boot-snapshot] host_tick=26280 running=0 thread=1:pc=0x238c50:ra=0x238c50:priority=0:status=1:wait=0:wait_id=0
[gs:pipeline] host_tick=14985 dma=155193 gif=30237 vif=10 display_fbp=140 source_fbp=140 width=640 height=224 preferred=0 ctx0_fbp=70 ctx1_fbp=70 transfer_total=0 transfer_copied=256
[boot-snapshot] host_tick=26400 running=0 thread=1:pc=0x238c50:ra=0x238c50:priority=0:status=1:wait=0:wait_id=0
[gs:pipeline] host_tick=15178 dma=156351 gif=30623 vif=10 display_fbp=70 source_fbp=70 width=640 height=224 preferred=0 ctx0_fbp=140 ctx1_fbp=140 transfer_total=0 transfer_copied=256
[boot-snapshot] host_tick=26520 running=0 thread=1:pc=0x238c50:ra=0x238c50:priority=0:status=1:wait=0:wait_id=0
[gs:pipeline] host_tick=15365 dma=157473 gif=30997 vif=10 display_fbp=140 source_fbp=140 width=640 height=224 preferred=0 ctx0_fbp=70 ctx1_fbp=70 transfer_total=0 transfer_copied=256
[boot-snapshot] host_tick=26640 running=0 thread=1:pc=0x238c50:ra=0x238c50:priority=0:status=1:wait=0:wait_id=0
[gs:pipeline] host_tick=15565 dma=158676 gif=31398 vif=10 display_fbp=140 source_fbp=140 width=640 height=224 preferred=0 ctx0_fbp=70 ctx1_fbp=70 transfer_total=0 transfer_copied=256
[boot-snapshot] host_tick=26760 running=0 thread=1:pc=0x238c50:ra=0x238c50:priority=0:status=1:wait=0:wait_id=0
[gs:pipeline] host_tick=15753 dma=159801 gif=31773 vif=10 display_fbp=140 source_fbp=140 width=640 height=224 preferred=0 ctx0_fbp=70 ctx1_fbp=70 transfer_total=0 transfer_copied=256
[boot-snapshot] host_tick=26880 running=0 thread=1:pc=0x238c50:ra=0x238c50:priority=0:status=1:wait=0:wait_id=0
[gs:pipeline] host_tick=15944 dma=160947 gif=32155 vif=10 display_fbp=70 source_fbp=70 width=640 height=224 preferred=0 ctx0_fbp=140 ctx1_fbp=140 transfer_total=0 transfer_copied=256
[boot-snapshot] host_tick=27000 running=0 thread=1:pc=0x238c50:ra=0x238c50:priority=0:status=1:wait=0:wait_id=0
[gs:pipeline] host_tick=16133 dma=162081 gif=32533 vif=10 display_fbp=140 source_fbp=140 width=640 height=224 preferred=0 ctx0_fbp=70 ctx1_fbp=70 transfer_total=0 transfer_copied=256
[boot-snapshot] host_tick=27120 running=0 thread=1:pc=0x238c50:ra=0x238c50:priority=0:status=1:wait=0:wait_id=0
[gs:pipeline] host_tick=16325 dma=163233 gif=32917 vif=10 display_fbp=140 source_fbp=140 width=640 height=224 preferred=0 ctx0_fbp=70 ctx1_fbp=70 transfer_total=0 transfer_copied=256
[boot-snapshot] host_tick=27240 running=0 thread=1:pc=0x238c50:ra=0x238c50:priority=0:status=1:wait=0:wait_id=0
[gs:pipeline] host_tick=16526 dma=164439 gif=33319 vif=10 display_fbp=70 source_fbp=70 width=640 height=224 preferred=0 ctx0_fbp=140 ctx1_fbp=140 transfer_total=0 transfer_copied=256
[boot-snapshot] host_tick=27360 running=0 thread=1:pc=0x238c50:ra=0x238c50:priority=0:status=1:wait=0:wait_id=0
[gs:pipeline] host_tick=16727 dma=165645 gif=33721 vif=10 display_fbp=140 source_fbp=140 width=640 height=224 preferred=0 ctx0_fbp=70 ctx1_fbp=70 transfer_total=0 transfer_copied=256
[boot-snapshot] host_tick=27480 running=0 thread=1:pc=0x238c50:ra=0x238c50:priority=0:status=1:wait=0:wait_id=0
[gs:pipeline] host_tick=16923 dma=166821 gif=34113 vif=10 display_fbp=140 source_fbp=140 width=640 height=224 preferred=0 ctx0_fbp=70 ctx1_fbp=70 transfer_total=0 transfer_copied=256
[boot-snapshot] host_tick=27600 running=0 thread=1:pc=0x238c50:ra=0x238c50:priority=0:status=1:wait=0:wait_id=0
[gs:pipeline] host_tick=17113 dma=167961 gif=34493 vif=10 display_fbp=140 source_fbp=140 width=640 height=224 preferred=0 ctx0_fbp=70 ctx1_fbp=70 transfer_total=0 transfer_copied=256
[boot-snapshot] host_tick=27720 running=0 thread=1:pc=0x238c50:ra=0x238c50:priority=0:status=1:wait=0:wait_id=0
[gs:pipeline] host_tick=17314 dma=169167 gif=34895 vif=10 display_fbp=70 source_fbp=70 width=640 height=224 preferred=0 ctx0_fbp=140 ctx1_fbp=140 transfer_total=0 transfer_copied=256
[boot-snapshot] host_tick=27840 running=0 thread=1:pc=0x238c50:ra=0x238c50:priority=0:status=1:wait=0:wait_id=0
[gs:pipeline] host_tick=17515 dma=170378 gif=35299 vif=10 display_fbp=140 source_fbp=140 width=640 height=224 preferred=0 ctx0_fbp=140 ctx1_fbp=140 transfer_total=0 transfer_copied=256
[boot-snapshot] host_tick=27960 running=0 thread=1:pc=0x238c50:ra=0x238c50:priority=0:status=1:wait=0:wait_id=0
[gs:pipeline] host_tick=17716 dma=171579 gif=35699 vif=10 display_fbp=70 source_fbp=70 width=640 height=224 preferred=0 ctx0_fbp=140 ctx1_fbp=140 transfer_total=0 transfer_copied=256
[boot-snapshot] host_tick=28080 running=0 thread=1:pc=0x238c50:ra=0x238c50:priority=0:status=1:wait=0:wait_id=0
[gs:pipeline] host_tick=17905 dma=172718 gif=36079 vif=10 display_fbp=140 source_fbp=140 width=640 height=224 preferred=0 ctx0_fbp=140 ctx1_fbp=140 transfer_total=0 transfer_copied=256
[boot-snapshot] host_tick=28200 running=0 thread=1:pc=0x238c50:ra=0x238c50:priority=0:status=1:wait=0:wait_id=0
[gs:pipeline] host_tick=18098 dma=173871 gif=36463 vif=10 display_fbp=70 source_fbp=70 width=640 height=224 preferred=0 ctx0_fbp=140 ctx1_fbp=140 transfer_total=0 transfer_copied=256
[VU1 reserved lower] cycle=217386 pc=0x1040 instruction=0xfffffffb
[VU1 reserved lower] cycle=306661 pc=0x2448 instruction=0xfffffffb
[VU1 reserved lower] cycle=307485 pc=0x2220 instruction=0xfffffffb
[VU1 reserved lower] cycle=643550 pc=0x2220 instruction=0xfffffffb
[VU1 reserved lower] cycle=643618 pc=0x60 instruction=0xfffffffb
[VU1 reserved lower] cycle=652752 pc=0x1000 instruction=0xfffffffb
[VU1 reserved lower] cycle=652756 pc=0x60 instruction=0xfffffffb
[VU1 reserved lower] cycle=661546 pc=0x1000 instruction=0xfffffffb
[VU1 reserved lower] cycle=1666076242 pc=0x2220 instruction=0xfffffffb
[VU1 reserved lower] cycle=1666078531 pc=0x2220 instruction=0xfffffffb
[VU1 reserved lower] cycle=1666101917 pc=0x2220 instruction=0xfffffffb
[VU1 reserved lower] cycle=1666104206 pc=0x2220 instruction=0xfffffffb
[VU1 reserved lower] cycle=1666127592 pc=0x2220 instruction=0xfffffffb
[VU1 reserved lower] cycle=1666129881 pc=0x2220 instruction=0xfffffffb
[VU1 reserved lower] cycle=1666153267 pc=0x2220 instruction=0xfffffffb
[VU1 reserved lower] cycle=1666155556 pc=0x2220 instruction=0xfffffffb
