Using argv boot path
INFO: Initializing raylib 5.5
INFO: Platform backend: DESKTOP (GLFW)
INFO: Supported raylib modules:
INFO:     > rcore:..... loaded (mandatory)
INFO:     > rlgl:...... loaded (mandatory)
INFO:     > rshapes:... loaded (optional)
INFO:     > rtextures:. loaded (optional)
INFO:     > rtext:..... loaded (optional)
INFO:     > rmodels:... loaded (optional)
INFO:     > raudio:.... loaded (optional)
INFO: DISPLAY: Device initialized successfully
INFO:     > Display size: 1280 x 720
INFO:     > Screen size:  640 x 448
INFO:     > Render size:  640 x 448
INFO:     > Viewport offsets: 0, 0
INFO: GLAD: OpenGL extensions loaded successfully
INFO: GL: Supported extensions count: 229
INFO: GL: OpenGL device information:
INFO:     > Vendor:   Mesa
INFO:     > Renderer: llvmpipe (LLVM 20.1.2, 256 bits)
INFO:     > Version:  4.5 (Core Profile) Mesa 25.2.8-0ubuntu0.24.04.2
INFO:     > GLSL:     4.50
INFO: GL: VAO extension detected, VAO functions loaded successfully
INFO: GL: NPOT textures extension detected, full NPOT textures supported
INFO: GL: DXT compressed textures supported
INFO: GL: ETC2/EAC compressed textures supported
INFO: PLATFORM: DESKTOP (GLFW - X11): Initialized successfully
INFO: TEXTURE: [ID 1] Texture loaded successfully (1x1 | R8G8B8A8 | 1 mipmaps)
INFO: TEXTURE: [ID 1] Default texture loaded successfully
INFO: SHADER: [ID 1] Vertex shader compiled successfully
INFO: SHADER: [ID 2] Fragment shader compiled successfully
INFO: SHADER: [ID 3] Program shader loaded successfully
INFO: SHADER: [ID 3] Default shader loaded successfully
INFO: RLGL: Render batch vertex buffers loaded successfully in RAM (CPU)
INFO: RLGL: Render batch vertex buffers loaded successfully in VRAM (GPU)
INFO: RLGL: Default OpenGL state initialized successfully
INFO: TEXTURE: [ID 2] Texture loaded successfully (128x128 | GRAY_ALPHA | 1 mipmaps)
INFO: FONT: Default font loaded successfully (224 glyphs)
INFO: SYSTEM: Working Directory: /workspace/scratch/2a92898976e3/recomp-domination/analysis/local/resource-copy-fixed-probe
socket(): Operation not permitted
socket(): Operation not permitted
ALSA lib confmisc.c:855:(parse_card) cannot find card '0'
ALSA lib conf.c:5208:(_snd_config_evaluate) function snd_func_card_inum returned error: No such file or directory
ALSA lib confmisc.c:422:(snd_func_concat) error evaluating strings
ALSA lib conf.c:5208:(_snd_config_evaluate) function snd_func_concat returned error: No such file or directory
ALSA lib confmisc.c:1342:(snd_func_refer) error evaluating name
ALSA lib conf.c:5208:(_snd_config_evaluate) function snd_func_refer returned error: No such file or directory
ALSA lib conf.c:5731:(snd_config_expand) Evaluate error: No such file or directory
ALSA lib pcm.c:2721:(snd_pcm_open_noupdate) Unknown PCM default
ALSA lib confmisc.c:855:(parse_card) cannot find card '0'
ALSA lib conf.c:5208:(_snd_config_evaluate) function snd_func_card_id returned error: No such file or directory
ALSA lib confmisc.c:422:(snd_func_concat) error evaluating strings
ALSA lib conf.c:5208:(_snd_config_evaluate) function snd_func_concat returned error: No such file or directory
ALSA lib confmisc.c:1342:(snd_func_refer) error evaluating name
ALSA lib conf.c:5208:(_snd_config_evaluate) function snd_func_refer returned error: No such file or directory
ALSA lib conf.c:5731:(snd_config_expand) Evaluate error: No such file or directory
ALSA lib pcm.c:2721:(snd_pcm_open_noupdate) Unknown PCM dmix
ALSA lib confmisc.c:855:(parse_card) cannot find card '0'
ALSA lib conf.c:5208:(_snd_config_evaluate) function snd_func_card_id returned error: No such file or directory
ALSA lib confmisc.c:422:(snd_func_concat) error evaluating strings
ALSA lib conf.c:5208:(_snd_config_evaluate) function snd_func_concat returned error: No such file or directory
ALSA lib confmisc.c:1342:(snd_func_refer) error evaluating name
ALSA lib conf.c:5208:(_snd_config_evaluate) function snd_func_refer returned error: No such file or directory
ALSA lib conf.c:5731:(snd_config_expand) Evaluate error: No such file or directory
ALSA lib pcm.c:2721:(snd_pcm_open_noupdate) Unknown PCM dmix:0
ALSA lib confmisc.c:855:(parse_card) cannot find card '0'
ALSA lib conf.c:5208:(_snd_config_evaluate) function snd_func_card_id returned error: No such file or directory
ALSA lib confmisc.c:422:(snd_func_concat) error evaluating strings
ALSA lib conf.c:5208:(_snd_config_evaluate) function snd_func_concat returned error: No such file or directory
ALSA lib confmisc.c:1342:(snd_func_refer) error evaluating name
ALSA lib conf.c:5208:(_snd_config_evaluate) function snd_func_refer returned error: No such file or directory
ALSA lib conf.c:5731:(snd_config_expand) Evaluate error: No such file or directory
ALSA lib pcm.c:2721:(snd_pcm_open_noupdate) Unknown PCM dmix:0,0
ALSA lib confmisc.c:165:(snd_config_get_card) Cannot get card index for 0
ALSA lib confmisc.c:165:(snd_config_get_card) Cannot get card index for 0
ALSA lib confmisc.c:165:(snd_config_get_card) Cannot get card index for 0
WARNING: AUDIO: Failed to initialize playback device
INFO: TIMER: Target time per frame: 16.667 milliseconds
Loading segment: 0x10a000 - 0x8a0400 (filesz: 0x193cf0, memsz: 0x796400)
Registered code region: 10a000 - 29dcf0[game_overrides] applying 'downhill-domination-ntscu-final'[downhill] configured CD root: /workspace/scratch/2a92898976e3/input/disc-verified
[downhill] configured CD image: /workspace/scratch/2a92898976e3/input/downhill-verified-probe.iso
[downhill] experimental idle VSync waits enabled
[downhill] experimental resource CD read yield enabled
[downhill] bounded resource copy diagnostics enabled
[game_overrides] applied 1 matching override(s).ELF file loaded successfully. Entry point: 0x10a008Starting execution at address 0x10a008INFO: TEXTURE: [ID 3] Texture loaded successfully (640x512 | R8G8B8A8 | 1 mipmaps)
[guest-branch:missing-target] kind=Return op=JR $ra source=0x25ef70 target=0x0 pc=0x0 ra=0x0 sp=0x1fffff0 gp=0x2a40f0 a0=0x8001218c a1=0x80080000 a2=0x25ef38 a3=0x29e580 s0=0x282218 s1=0x0 v0=0x8001218c v1=0x83 a0Readable=no a0[0]=0x0 a0[4]=0x0 a0[8]=0x0 a0[c]=0x0 s0Readable=yes s0[0]=0x83 s0[4]=0x25ef38 s0[8]=0x5a s0[c]=0x25ef00 recordReadable=yes record[0]=0x8c820000 record[4]=0x1046000b record[8]=0x85102b record[c]=0x5040000a vtableReadable=no vtbl[0]=0x0 vtbl[4]=0x0 vtbl[8]=0x0 vtbl[c]=0x0 codeRegion=no policy=1 trace=0x10a008 -> 0x10a12c -> 0x10a12c -> 0x10a12c -> 0x10a12c -> 0x25f0a0 -> 0x25eeb8 -> 0x25a6e0 -> 0x25a6e0 -> 0x25ef90 -> 0x25f090 -> 0x25f090 -> 0x25ef78 -> 0x25ef38
[SifInitRpc] Initialized[ps2xIOP] [IOP] loaded IRX id=1 entry=0x10634 base=0x10000 start=0
[SIF module] load-emulated id=1 ref=1 path="cdrom0:\MOD\SIO2MAN.IRX;1"
[ps2xIOP] [IOP] loaded IRX id=2 entry=0x11918 base=0x11000 start=0
[SIF module] load-emulated id=2 ref=1 path="cdrom0:\MOD\MTAPMAN.IRX;1"
[ps2xIOP] [IOP] loaded IRX id=3 entry=0x13178 base=0x13000 start=2
[SIF module] load-emulated id=3 ref=1 path="cdrom0:\MOD\MCMAN.IRX;1"
[ps2xIOP] [IOP] loaded IRX id=4 entry=0x3a358 base=0x3a300 start=2
[SIF module] load-emulated id=4 ref=1 path="cdrom0:\MOD\MCSERV.IRX;1"
[ps2xIOP] [IOP] loaded IRX id=5 entry=0x40c78 base=0x3db00 start=0
[SIF module] load-emulated id=5 ref=1 path="cdrom0:\MOD\PADMAN.IRX;1"
[ps2xIOP] [IOP] loaded IRX id=6 entry=0x475b0 base=0x47500 start=0
[SIF module] load-emulated id=6 ref=1 path="cdrom0:\MOD\LIBSD.IRX;1"
[ps2xIOP] [IOP] loaded IRX id=7 entry=0x4e5b8 base=0x4cf00 start=2
[SIF module] load-emulated id=7 ref=1 path="cdrom0:\MOD\CDVDSTM.IRX;1"
[ps2xIOP] [IOP printf] 

[ps2xIOP] [IOP printf] ==========================================================

[ps2xIOP] [IOP printf]  989snd (c)2000, 2001 Sony Computer Entertainment America

[ps2xIOP] [IOP printf]  by Buzz Burrowes                               v%d.%d.%d

[ps2xIOP] [IOP printf]                         (built %s at %s)

[ps2xIOP] [IOP printf]  (build with sce library rev %d.%d.%d)

[ps2xIOP] [IOP printf] ==========================================================

[ps2xIOP] [IOP printf]     Thread Priorities:

[ps2xIOP] [IOP printf]                          Sound Tick = %d

[ps2xIOP] [IOP printf]                            Main RPC = %d

[ps2xIOP] [IOP printf]                         Loading RPC = %d

[ps2xIOP] [IOP printf]                           Streaming = %d, %d, %d, %d

[ps2xIOP] [IOP printf]    Memory Locations...

[ps2xIOP] [IOP printf]        Voice Allocator Owner  : 0x%8.8x

[ps2xIOP] [IOP printf]        Master Tick Owner List : 0x%8.8x

[ps2xIOP] [IOP printf] ==========================================================

[ps2xIOP] [IOP printf] 

[ps2xIOP] [IOP] loaded IRX id=8 entry=0x522f0 base=0x50900 start=0
[SIF module] load-emulated id=8 ref=1 path="cdrom0:\MOD\989SND.IRX;1"
[ps2xIOP] [IOP] loaded IRX id=9 entry=0x78800 base=0x78800 start=0
[SIF module] load-emulated id=9 ref=1 path="cdrom0:\MOD\989ERR.IRX;1"
[sceCdSearchFile] pc=0x2472c8 ra=0x2472c8 file=0x93c8f0 pathAddr=0x93c920 path="\SKAT\DHSKAT.SKX;1"
[sceCdSearchFile:ok] path="\SKAT\DHSKAT.SKX;1" lsn=0xe66d1 size=0x60988d0 sectors=0xc132
[MC] GetInfo port=0 type=2 free=8192 format=1 result=0[MC] Sync cmd=1 result=0[MC] GetInfo port=0 type=2 free=8192 format=1 result=0[MC] Sync cmd=1 result=0[MC] GetInfo port=0 type=2 free=8192 format=1 result=0[MC] Sync cmd=1 result=0[MC] GetDir port=0 '*' maxent=100 -> result=2[MC] Sync cmd=13 result=2[MC] GetInfo port=0 type=2 free=8192 format=1 result=0[MC] Sync cmd=1 result=0[MC] GetDir port=0 '*' maxent=100 -> result=2[MC] Sync cmd=13 result=2[MC] GetInfo port=0 type=2 free=8192 format=1 result=0[MC] Sync cmd=1 result=0[MC] GetInfo port=0 type=2 free=8192 format=1 result=0[MC] Sync cmd=1 result=0[MC] GetDir port=0 '*' maxent=100 -> result=2[MC] Sync cmd=13 result=2[MC] GetInfo port=0 type=2 free=8192 format=1 result=0[MC] Sync cmd=1 result=0[sceCdStStart] lbn=0xc3db8 endLbn=0xffffffff rate=2700 sectors/s buffer=80 sectors bank=16 sectors
[sceCdStRead] requested=32 accumulated=32 chunk=32 buffered=0 lbn=0xc3db8 end=0xffffffff
[sceCdStRead] requested=32 accumulated=32 chunk=32 buffered=16 lbn=0xc3dd8 end=0xffffffff
[sceCdStRead] requested=32 accumulated=32 chunk=32 buffered=32 lbn=0xc3df8 end=0xffffffff
[sceCdStRead] requested=32 accumulated=32 chunk=32 buffered=48 lbn=0xc3e18 end=0xffffffff
[sceCdStRead] requested=32 accumulated=32 chunk=32 buffered=48 lbn=0xc3e38 end=0xffffffff
[sceCdStRead] requested=32 accumulated=32 chunk=32 buffered=48 lbn=0xc3e58 end=0xffffffff
[sceCdStRead] requested=32 accumulated=32 chunk=32 buffered=48 lbn=0xc3e78 end=0xffffffff
[sceCdStRead] requested=32 accumulated=32 chunk=32 buffered=48 lbn=0xc3e98 end=0xffffffff
[sceCdStRead] requested=32 accumulated=32 chunk=32 buffered=48 lbn=0xc3eb8 end=0xffffffff
[sceCdStRead] requested=32 accumulated=32 chunk=32 buffered=48 lbn=0xc3ed8 end=0xffffffff
[sceCdStRead] requested=32 accumulated=32 chunk=32 buffered=48 lbn=0xc3ef8 end=0xffffffff
[sceCdStRead] requested=32 accumulated=32 chunk=32 buffered=48 lbn=0xc3f18 end=0xffffffff
[sceCdStRead] requested=32 accumulated=32 chunk=32 buffered=48 lbn=0xc3f38 end=0xffffffff
[sceCdStRead] requested=32 accumulated=32 chunk=32 buffered=48 lbn=0xc3f58 end=0xffffffff
[sceCdStRead] requested=32 accumulated=32 chunk=32 buffered=48 lbn=0xc3f78 end=0xffffffff
[sceCdStRead] requested=32 accumulated=32 chunk=32 buffered=48 lbn=0xc3f98 end=0xffffffff
[performance] host_tick=120 host_hz=60.6457 ee_clock_ratio=0.994189 ee_cycle=580152738
[boot-snapshot] host_tick=120 running=0 thread=1:pc=0x238c50:ra=0x238c50:priority=0:status=2:wait=4:wait_id=0 thread=2:pc=0x2243c0:ra=0x0:priority=1:status=2:wait=4:wait_id=0 thread=3:pc=0x224058:ra=0x23c4e0:priority=1:status=2:wait=4:wait_id=0
[sceCdStRead] requested=32 accumulated=32 chunk=32 buffered=48 lbn=0xc3fb8 end=0xffffffff
[sceCdStRead] requested=32 accumulated=32 chunk=32 buffered=48 lbn=0xc3fd8 end=0xffffffff
[sceCdStRead] requested=32 accumulated=32 chunk=32 buffered=48 lbn=0xc3ff8 end=0xffffffff
[sceCdStRead] requested=32 accumulated=32 chunk=32 buffered=48 lbn=0xc4018 end=0xffffffff
[sceCdStRead] requested=32 accumulated=32 chunk=32 buffered=48 lbn=0xc4038 end=0xffffffff
[sceCdStRead] requested=32 accumulated=32 chunk=32 buffered=48 lbn=0xc4058 end=0xffffffff
[sceCdStRead] requested=32 accumulated=32 chunk=32 buffered=48 lbn=0xc4078 end=0xffffffff
[sceCdStRead] requested=32 accumulated=32 chunk=32 buffered=48 lbn=0xc4098 end=0xffffffff
[sceCdStRead] requested=32 accumulated=32 chunk=32 buffered=48 lbn=0xc40b8 end=0xffffffff
[sceCdStRead] requested=32 accumulated=32 chunk=32 buffered=48 lbn=0xc40d8 end=0xffffffff
[sceCdStRead] requested=32 accumulated=32 chunk=32 buffered=48 lbn=0xc40f8 end=0xffffffff
[sceCdStRead] requested=32 accumulated=32 chunk=32 buffered=48 lbn=0xc4118 end=0xffffffff
[sceCdStRead] requested=32 accumulated=32 chunk=32 buffered=48 lbn=0xc4138 end=0xffffffff
[sceCdStRead] requested=32 accumulated=32 chunk=32 buffered=48 lbn=0xc4158 end=0xffffffff
[sceCdStRead] requested=32 accumulated=32 chunk=32 buffered=48 lbn=0xc4178 end=0xffffffff
[performance] host_tick=240 host_hz=59.9658 ee_clock_ratio=0.99945 ee_cycle=1169988618
[boot-snapshot] host_tick=240 running=0 thread=1:pc=0x238c50:ra=0x238c50:priority=0:status=2:wait=4:wait_id=0 thread=2:pc=0x2243c0:ra=0x0:priority=1:status=2:wait=4:wait_id=0 thread=3:pc=0x224058:ra=0x23c4e0:priority=1:status=2:wait=4:wait_id=0
[sceCdStRead] requested=32 accumulated=32 chunk=32 buffered=48 lbn=0xc4198 end=0xffffffff
[sceCdStStart] lbn=0xc2b3e endLbn=0xffffffff rate=2700 sectors/s buffer=80 sectors bank=16 sectors
[sceCdStRead] requested=32 accumulated=32 chunk=32 buffered=0 lbn=0xc2b3e end=0xffffffff
[sceCdStRead] requested=32 accumulated=32 chunk=32 buffered=16 lbn=0xc2b5e end=0xffffffff
[sceCdStRead] requested=32 accumulated=32 chunk=32 buffered=32 lbn=0xc2b7e end=0xffffffff
[sceCdStRead] requested=32 accumulated=32 chunk=32 buffered=48 lbn=0xc2b9e end=0xffffffff
[sceCdStRead] requested=32 accumulated=32 chunk=32 buffered=48 lbn=0xc2bbe end=0xffffffff
[sceCdStRead] requested=32 accumulated=32 chunk=32 buffered=48 lbn=0xc2bde end=0xffffffff
[sceCdStRead] requested=32 accumulated=32 chunk=32 buffered=48 lbn=0xc2bfe end=0xffffffff
[sceCdStRead] requested=32 accumulated=32 chunk=32 buffered=48 lbn=0xc2c1e end=0xffffffff
[sceCdStRead] requested=32 accumulated=32 chunk=32 buffered=48 lbn=0xc2c3e end=0xffffffff
[sceCdStRead] requested=32 accumulated=32 chunk=32 buffered=48 lbn=0xc2c5e end=0xffffffff
[sceCdStRead] requested=32 accumulated=32 chunk=32 buffered=48 lbn=0xc2c7e end=0xffffffff
[sceCdStRead] requested=32 accumulated=32 chunk=32 buffered=48 lbn=0xc2c9e end=0xffffffff
[sceCdStRead] requested=32 accumulated=32 chunk=32 buffered=48 lbn=0xc2cbe end=0xffffffff
[performance] host_tick=360 host_hz=59.8964 ee_clock_ratio=0.998293 ee_cycle=1759824498
[boot-snapshot] host_tick=360 running=0 thread=1:pc=0x238c50:ra=0x238c50:priority=0:status=2:wait=4:wait_id=0 thread=4:pc=0x2243c0:ra=0x0:priority=1:status=2:wait=4:wait_id=0 thread=5:pc=0x224058:ra=0x23c4e0:priority=1:status=2:wait=4:wait_id=0
[sceCdStRead] requested=32 accumulated=32 chunk=32 buffered=48 lbn=0xc2cde end=0xffffffff
[sceCdStRead] requested=32 accumulated=32 chunk=32 buffered=48 lbn=0xc2cfe end=0xffffffff
[sceCdStRead] requested=32 accumulated=32 chunk=32 buffered=48 lbn=0xc2d1e end=0xffffffff
[sceCdStRead] requested=32 accumulated=32 chunk=32 buffered=48 lbn=0xc2d3e end=0xffffffff
[sceCdStRead] requested=32 accumulated=32 chunk=32 buffered=48 lbn=0xc2d5e end=0xffffffff
[sceCdStRead] requested=32 accumulated=32 chunk=32 buffered=48 lbn=0xc2d7e end=0xffffffff
[sceCdStRead] requested=32 accumulated=32 chunk=32 buffered=48 lbn=0xc2d9e end=0xffffffff
[sceCdStRead] requested=32 accumulated=32 chunk=32 buffered=48 lbn=0xc2dbe end=0xffffffff
[sceCdStRead] requested=32 accumulated=32 chunk=32 buffered=48 lbn=0xc2dde end=0xffffffff
[sceCdStRead] requested=32 accumulated=32 chunk=32 buffered=48 lbn=0xc2dfe end=0xffffffff
[sceCdStRead] requested=32 accumulated=32 chunk=32 buffered=48 lbn=0xc2e1e end=0xffffffff
[sceCdStRead] requested=32 accumulated=32 chunk=32 buffered=48 lbn=0xc2e3e end=0xffffffff
[sceCdStRead] requested=32 accumulated=32 chunk=32 buffered=48 lbn=0xc2e5e end=0xffffffff
[sceCdStRead] requested=32 accumulated=32 chunk=32 buffered=48 lbn=0xc2e7e end=0xffffffff
[sceCdStRead] requested=32 accumulated=32 chunk=32 buffered=48 lbn=0xc2e9e end=0xffffffff
[sceCdStRead] requested=32 accumulated=32 chunk=32 buffered=48 lbn=0xc2ebe end=0xffffffff
[sceCdStRead] requested=32 accumulated=32 chunk=32 buffered=48 lbn=0xc2ede end=0xffffffff
[sceCdStRead] requested=32 accumulated=32 chunk=32 buffered=48 lbn=0xc2efe end=0xffffffff
[sceCdStRead] requested=32 accumulated=32 chunk=32 buffered=48 lbn=0xc2f1e end=0xffffffff
[performance] host_tick=480 host_hz=59.9821 ee_clock_ratio=1.0078 ee_cycle=2354428221
[boot-snapshot] host_tick=480 running=0 thread=1:pc=0x238c50:ra=0x238c50:priority=0:status=1:wait=0:wait_id=0 thread=4:pc=0x2243c0:ra=0x0:priority=1:status=1:wait=0:wait_id=0 thread=5:pc=0x224058:ra=0x23c4e0:priority=1:status=1:wait=0:wait_id=0
[performance] host_tick=600 host_hz=59.9652 ee_clock_ratio=0.99944 ee_cycle=2944264101
[boot-snapshot] host_tick=600 running=0 thread=1:pc=0x238c50:ra=0x238c50:priority=0:status=1:wait=0:wait_id=0 thread=4:pc=0x2243c0:ra=0x0:priority=1:status=1:wait=0:wait_id=0 thread=5:pc=0x224058:ra=0x23c4e0:priority=1:status=1:wait=0:wait_id=0
[sceCdStStart] lbn=0xc34af endLbn=0xffffffff rate=2700 sectors/s buffer=80 sectors bank=16 sectors
[sceCdStRead] requested=32 accumulated=32 chunk=32 buffered=0 lbn=0xc34af end=0xffffffff
[sceCdStRead] requested=32 accumulated=32 chunk=32 buffered=16 lbn=0xc34cf end=0xffffffff
[sceCdStRead] requested=32 accumulated=32 chunk=32 buffered=32 lbn=0xc34ef end=0xffffffff
[sceCdStRead] requested=32 accumulated=32 chunk=32 buffered=48 lbn=0xc350f end=0xffffffff
[sceCdStRead] requested=32 accumulated=32 chunk=32 buffered=48 lbn=0xc352f end=0xffffffff
[sceCdStRead] requested=32 accumulated=32 chunk=32 buffered=48 lbn=0xc354f end=0xffffffff
[sceCdStRead] requested=32 accumulated=32 chunk=32 buffered=48 lbn=0xc356f end=0xffffffff
[sceCdStRead] requested=32 accumulated=32 chunk=32 buffered=48 lbn=0xc358f end=0xffffffff
[sceCdStRead] requested=32 accumulated=32 chunk=32 buffered=48 lbn=0xc35af end=0xffffffff
[sceCdStRead] requested=32 accumulated=32 chunk=32 buffered=48 lbn=0xc35cf end=0xffffffff
[sceCdStRead] requested=32 accumulated=32 chunk=32 buffered=48 lbn=0xc35ef end=0xffffffff
[performance] host_tick=720 host_hz=59.935 ee_clock_ratio=0.998942 ee_cycle=3534103357
[boot-snapshot] host_tick=720 running=0 thread=1:pc=0x238c50:ra=0x238c50:priority=0:status=2:wait=4:wait_id=0 thread=6:pc=0x2243c0:ra=0x0:priority=1:status=1:wait=0:wait_id=0 thread=7:pc=0x224058:ra=0x23c4e0:priority=1:status=1:wait=0:wait_id=0
[sceCdStRead] requested=32 accumulated=32 chunk=32 buffered=48 lbn=0xc360f end=0xffffffff
[sceCdStRead] requested=32 accumulated=32 chunk=32 buffered=48 lbn=0xc362f end=0xffffffff
[sceCdStRead] requested=32 accumulated=32 chunk=32 buffered=48 lbn=0xc364f end=0xffffffff
[sceCdStRead] requested=32 accumulated=32 chunk=32 buffered=48 lbn=0xc366f end=0xffffffff
[sceCdStRead] requested=32 accumulated=32 chunk=32 buffered=48 lbn=0xc368f end=0xffffffff
[sceCdStRead] requested=32 accumulated=32 chunk=32 buffered=48 lbn=0xc36af end=0xffffffff
[sceCdStRead] requested=32 accumulated=32 chunk=32 buffered=48 lbn=0xc36cf end=0xffffffff
[sceCdStRead] requested=32 accumulated=32 chunk=32 buffered=48 lbn=0xc36ef end=0xffffffff
[sceCdStRead] requested=32 accumulated=32 chunk=32 buffered=48 lbn=0xc370f end=0xffffffff
[sceCdStRead] requested=32 accumulated=32 chunk=32 buffered=48 lbn=0xc372f end=0xffffffff
[sceCdStRead] requested=32 accumulated=32 chunk=32 buffered=48 lbn=0xc374f end=0xffffffff
[sceCdStRead] requested=32 accumulated=32 chunk=32 buffered=48 lbn=0xc376f end=0xffffffff
[sceCdStRead] requested=32 accumulated=32 chunk=32 buffered=48 lbn=0xc378f end=0xffffffff
[sceCdStRead] requested=32 accumulated=32 chunk=32 buffered=48 lbn=0xc37af end=0xffffffff
[sceCdStRead] requested=32 accumulated=32 chunk=32 buffered=48 lbn=0xc37cf end=0xffffffff
[sceCdStRead] requested=32 accumulated=32 chunk=32 buffered=48 lbn=0xc37ef end=0xffffffff
[sceCdStRead] requested=32 accumulated=32 chunk=32 buffered=48 lbn=0xc380f end=0xffffffff
[sceCdStRead] requested=32 accumulated=32 chunk=32 buffered=48 lbn=0xc382f end=0xffffffff
[sceCdStRead] requested=32 accumulated=32 chunk=32 buffered=48 lbn=0xc384f end=0xffffffff
[sceCdStRead] requested=32 accumulated=32 chunk=32 buffered=48 lbn=0xc386f end=0xffffffff
[sceCdStRead] requested=32 accumulated=32 chunk=32 buffered=48 lbn=0xc388f end=0xffffffff
[performance] host_tick=840 host_hz=59.9709 ee_clock_ratio=0.999535 ee_cycle=4123939237
[boot-snapshot] host_tick=840 running=0 thread=1:pc=0x238c50:ra=0x238c50:priority=0:status=2:wait=4:wait_id=0 thread=6:pc=0x2243c0:ra=0x0:priority=1:status=1:wait=0:wait_id=0 thread=7:pc=0x224058:ra=0x23c4e0:priority=1:status=1:wait=0:wait_id=0
[performance] host_tick=960 host_hz=59.9826 ee_clock_ratio=0.999974 ee_cycle=4713919197
[boot-snapshot] host_tick=960 running=0 thread=1:pc=0x238c50:ra=0x238c50:priority=0:status=2:wait=4:wait_id=0 thread=6:pc=0x2243c0:ra=0x0:priority=1:status=2:wait=4:wait_id=0 thread=7:pc=0x224058:ra=0x23c4e0:priority=1:status=2:wait=4:wait_id=0
[sceCdStStart] lbn=0x34bcc endLbn=0xffffffff rate=2700 sectors/s buffer=80 sectors bank=16 sectors
[sceCdStRead] requested=32 accumulated=32 chunk=32 buffered=0 lbn=0x34bcc end=0xffffffff
[sceCdStRead] requested=32 accumulated=32 chunk=32 buffered=16 lbn=0x34bec end=0xffffffff
[sceCdStRead] requested=32 accumulated=32 chunk=32 buffered=32 lbn=0x34c0c end=0xffffffff
[sceCdStRead] requested=32 accumulated=32 chunk=32 buffered=48 lbn=0x34c2c end=0xffffffff
[sceCdStRead] requested=32 accumulated=32 chunk=32 buffered=48 lbn=0x34c4c end=0xffffffff
[sceCdStRead] requested=32 accumulated=32 chunk=32 buffered=48 lbn=0x34c6c end=0xffffffff
[sceCdStRead] requested=32 accumulated=32 chunk=32 buffered=48 lbn=0x34c8c end=0xffffffff
[sceCdStRead] requested=32 accumulated=32 chunk=32 buffered=48 lbn=0x34cac end=0xffffffff
[sceCdStRead] requested=32 accumulated=32 chunk=32 buffered=48 lbn=0x34ccc end=0xffffffff
[sceCdStRead] requested=32 accumulated=32 chunk=32 buffered=48 lbn=0x34cec end=0xffffffff
[sceCdStRead] requested=32 accumulated=32 chunk=32 buffered=48 lbn=0x34d0c end=0xffffffff
[sceCdStRead] requested=32 accumulated=32 chunk=32 buffered=48 lbn=0x34d2c end=0xffffffff
[sceCdStRead] requested=32 accumulated=32 chunk=32 buffered=48 lbn=0x34d4c end=0xffffffff
[sceCdStRead] requested=32 accumulated=32 chunk=32 buffered=48 lbn=0x34d6c end=0xffffffff
[performance] host_tick=1080 host_hz=59.9711 ee_clock_ratio=0.999538 ee_cycle=5303755077
[boot-snapshot] host_tick=1080 running=0 thread=1:pc=0x238c50:ra=0x238c50:priority=0:status=2:wait=4:wait_id=0 thread=8:pc=0x2243c0:ra=0x0:priority=1:status=2:wait=4:wait_id=0 thread=9:pc=0x224058:ra=0x23c4e0:priority=1:status=2:wait=4:wait_id=0
[sceCdStRead] requested=32 accumulated=32 chunk=32 buffered=48 lbn=0x34d8c end=0xffffffff
[sceCdStRead] requested=32 accumulated=32 chunk=32 buffered=48 lbn=0x34dac end=0xffffffff
[sceCdStRead] requested=32 accumulated=32 chunk=32 buffered=48 lbn=0x34dcc end=0xffffffff
[sceCdStRead] requested=32 accumulated=32 chunk=32 buffered=48 lbn=0x34dec end=0xffffffff
[sceCdStRead] requested=32 accumulated=32 chunk=32 buffered=48 lbn=0x34e0c end=0xffffffff
[performance] host_tick=1200 host_hz=59.8618 ee_clock_ratio=0.997717 ee_cycle=5893590957
[boot-snapshot] host_tick=1200 running=0 thread=1:pc=0x238c50:ra=0x238c50:priority=0:status=2:wait=4:wait_id=0 thread=8:pc=0x2243c0:ra=0x0:priority=1:status=2:wait=4:wait_id=0 thread=9:pc=0x224058:ra=0x23c4e0:priority=1:status=2:wait=4:wait_id=0
[sceCdStRead] requested=32 accumulated=32 chunk=32 buffered=48 lbn=0x34e2c end=0xffffffff
[sceCdStRead] requested=32 accumulated=32 chunk=32 buffered=48 lbn=0x34e4c end=0xffffffff
[sceCdStRead] requested=32 accumulated=32 chunk=32 buffered=48 lbn=0x34e6c end=0xffffffff
[sceCdStRead] requested=32 accumulated=32 chunk=32 buffered=48 lbn=0x34e8c end=0xffffffff
[sceCdStRead] requested=32 accumulated=32 chunk=32 buffered=48 lbn=0x34eac end=0xffffffff
[sceCdStRead] requested=32 accumulated=32 chunk=32 buffered=48 lbn=0x34ecc end=0xffffffff
[sceCdStRead] requested=32 accumulated=32 chunk=32 buffered=48 lbn=0x34eec end=0xffffffff
[sceCdStRead] requested=32 accumulated=32 chunk=32 buffered=48 lbn=0x34f0c end=0xffffffff
[sceCdStRead] requested=32 accumulated=32 chunk=32 buffered=48 lbn=0x34f2c end=0xffffffff
[sceCdStRead] requested=32 accumulated=32 chunk=32 buffered=48 lbn=0x34f4c end=0xffffffff
[sceCdStRead] requested=32 accumulated=32 chunk=32 buffered=48 lbn=0x34f6c end=0xffffffff
[sceCdStRead] requested=32 accumulated=32 chunk=32 buffered=48 lbn=0x34f8c end=0xffffffff
[sceCdStRead] requested=32 accumulated=32 chunk=32 buffered=48 lbn=0x34fac end=0xffffffff
[performance] host_tick=1320 host_hz=59.9545 ee_clock_ratio=0.999262 ee_cycle=6483426837
[boot-snapshot] host_tick=1320 running=0 thread=1:pc=0x238c50:ra=0x238c50:priority=0:status=2:wait=4:wait_id=0 thread=8:pc=0x2243c0:ra=0x0:priority=1:status=2:wait=4:wait_id=0 thread=9:pc=0x224058:ra=0x23c4e0:priority=1:status=2:wait=4:wait_id=0
[performance] host_tick=1440 host_hz=59.9769 ee_clock_ratio=0.999635 ee_cycle=7073262717
[boot-snapshot] host_tick=1440 running=0 thread=1:pc=0x238c50:ra=0x238c50:priority=0:status=2:wait=4:wait_id=0 thread=8:pc=0x2243c0:ra=0x0:priority=1:status=2:wait=4:wait_id=0 thread=9:pc=0x224058:ra=0x23c4e0:priority=1:status=2:wait=4:wait_id=0
[performance] host_tick=1560 host_hz=58.8655 ee_clock_ratio=1.00564 ee_cycle=7677844494
[boot-snapshot] host_tick=1560 running=0 thread=1:pc=0x238c50:ra=0x238c50:priority=0:status=2:wait=4:wait_id=0 thread=8:pc=0x2243c0:ra=0x0:priority=1:status=2:wait=4:wait_id=0 thread=9:pc=0x224058:ra=0x23c4e0:priority=1:status=2:wait=4:wait_id=0
[performance] host_tick=1680 host_hz=59.9254 ee_clock_ratio=0.998777 ee_cycle=8267680374
[boot-snapshot] host_tick=1680 running=0 thread=1:pc=0x238c50:ra=0x238c50:priority=0:status=2:wait=4:wait_id=0 thread=8:pc=0x2243c0:ra=0x0:priority=1:status=2:wait=4:wait_id=0 thread=9:pc=0x224058:ra=0x23c4e0:priority=1:status=2:wait=4:wait_id=0
[performance] host_tick=1800 host_hz=59.9943 ee_clock_ratio=0.999926 ee_cycle=8857516254
[boot-snapshot] host_tick=1800 running=0 thread=1:pc=0x238c50:ra=0x238c50:priority=0:status=2:wait=4:wait_id=0 thread=8:pc=0x2243c0:ra=0x0:priority=1:status=2:wait=4:wait_id=0 thread=9:pc=0x224058:ra=0x23c4e0:priority=1:status=2:wait=4:wait_id=0
[performance] host_tick=1920 host_hz=59.1675 ee_clock_ratio=0.994363 ee_cycle=9452267433
[boot-snapshot] host_tick=1920 running=0 thread=1:pc=0x238c50:ra=0x238c50:priority=0:status=2:wait=4:wait_id=0 thread=8:pc=0x2243c0:ra=0x0:priority=1:status=2:wait=4:wait_id=0 thread=9:pc=0x224058:ra=0x23c4e0:priority=1:status=2:wait=4:wait_id=0
[performance] host_tick=2040 host_hz=59.9693 ee_clock_ratio=0.999508 ee_cycle=10042103313
[boot-snapshot] host_tick=2040 running=0 thread=1:pc=0x238c50:ra=0x238c50:priority=0:status=2:wait=4:wait_id=0 thread=8:pc=0x2243c0:ra=0x0:priority=1:status=2:wait=4:wait_id=0 thread=9:pc=0x224058:ra=0x23c4e0:priority=1:status=2:wait=4:wait_id=0
[performance] host_tick=2160 host_hz=59.9356 ee_clock_ratio=1.00727 ee_cycle=10636854492
[boot-snapshot] host_tick=2160 running=0 thread=1:pc=0x238c50:ra=0x238c50:priority=0:status=2:wait=4:wait_id=0 thread=8:pc=0x2243c0:ra=0x0:priority=1:status=2:wait=4:wait_id=0 thread=9:pc=0x224058:ra=0x23c4e0:priority=1:status=2:wait=4:wait_id=0
[performance] host_tick=2280 host_hz=59.963 ee_clock_ratio=0.999404 ee_cycle=11226690372
[boot-snapshot] host_tick=2280 running=0 thread=1:pc=0x238c50:ra=0x238c50:priority=0:status=2:wait=4:wait_id=0 thread=8:pc=0x2243c0:ra=0x0:priority=1:status=2:wait=4:wait_id=0 thread=9:pc=0x224058:ra=0x23c4e0:priority=1:status=2:wait=4:wait_id=0
[performance] host_tick=2400 host_hz=59.9896 ee_clock_ratio=0.999846 ee_cycle=11816526252
[boot-snapshot] host_tick=2400 running=0 thread=1:pc=0x238c50:ra=0x238c50:priority=0:status=2:wait=4:wait_id=0 thread=8:pc=0x2243c0:ra=0x0:priority=1:status=2:wait=4:wait_id=0 thread=9:pc=0x224058:ra=0x23c4e0:priority=1:status=2:wait=4:wait_id=0
[performance] host_tick=2520 host_hz=59.9854 ee_clock_ratio=0.999527 ee_cycle=12406214676
[boot-snapshot] host_tick=2520 running=0 thread=1:pc=0x238c50:ra=0x238c50:priority=0:status=1:wait=0:wait_id=0 thread=8:pc=0x2243c0:ra=0x0:priority=1:status=1:wait=0:wait_id=0 thread=9:pc=0x224058:ra=0x23c4e0:priority=1:status=1:wait=0:wait_id=0
[performance] host_tick=2640 host_hz=59.8664 ee_clock_ratio=0.998043 ee_cycle=12996198012
[boot-snapshot] host_tick=2640 running=0 thread=1:pc=0x238c50:ra=0x238c50:priority=0:status=2:wait=4:wait_id=0 thread=8:pc=0x2243c0:ra=0x0:priority=1:status=2:wait=4:wait_id=0 thread=9:pc=0x224058:ra=0x23c4e0:priority=1:status=2:wait=4:wait_id=0
[performance] host_tick=2760 host_hz=59.9891 ee_clock_ratio=0.999839 ee_cycle=13586033892
[boot-snapshot] host_tick=2760 running=0 thread=1:pc=0x238c50:ra=0x238c50:priority=0:status=2:wait=4:wait_id=0 thread=8:pc=0x2243c0:ra=0x0:priority=1:status=2:wait=4:wait_id=0 thread=9:pc=0x224058:ra=0x23c4e0:priority=1:status=2:wait=4:wait_id=0
[performance] host_tick=2880 host_hz=59.9698 ee_clock_ratio=0.999517 ee_cycle=14175869772
[boot-snapshot] host_tick=2880 running=0 thread=1:pc=0x238c50:ra=0x238c50:priority=0:status=2:wait=4:wait_id=0 thread=8:pc=0x2243c0:ra=0x0:priority=1:status=2:wait=4:wait_id=0 thread=9:pc=0x224058:ra=0x23c4e0:priority=1:status=2:wait=4:wait_id=0
[performance] host_tick=3000 host_hz=59.9662 ee_clock_ratio=0.999458 ee_cycle=14765705652
[boot-snapshot] host_tick=3000 running=0 thread=1:pc=0x238c50:ra=0x238c50:priority=0:status=2:wait=4:wait_id=0 thread=8:pc=0x2243c0:ra=0x0:priority=1:status=2:wait=4:wait_id=0 thread=9:pc=0x224058:ra=0x23c4e0:priority=1:status=2:wait=4:wait_id=0
[performance] host_tick=3120 host_hz=56.2591 ee_clock_ratio=1.00018 ee_cycle=15394863924
[boot-snapshot] host_tick=3120 running=0 thread=1:pc=0x238c50:ra=0x238c50:priority=0:status=2:wait=4:wait_id=0 thread=8:pc=0x2243c0:ra=0x0:priority=1:status=2:wait=4:wait_id=0 thread=9:pc=0x224058:ra=0x23c4e0:priority=1:status=2:wait=4:wait_id=0
[performance] host_tick=3240 host_hz=59.893 ee_clock_ratio=0.998236 ee_cycle=15984699804
[boot-snapshot] host_tick=3240 running=0 thread=1:pc=0x238c50:ra=0x238c50:priority=0:status=2:wait=4:wait_id=0 thread=8:pc=0x2243c0:ra=0x0:priority=1:status=2:wait=4:wait_id=0 thread=9:pc=0x224058:ra=0x23c4e0:priority=1:status=2:wait=4:wait_id=0
[performance] host_tick=3360 host_hz=59.9966 ee_clock_ratio=0.999963 ee_cycle=16574535684
[boot-snapshot] host_tick=3360 running=0 thread=1:pc=0x238c50:ra=0x238c50:priority=0:status=2:wait=4:wait_id=0 thread=8:pc=0x2243c0:ra=0x0:priority=1:status=2:wait=4:wait_id=0 thread=9:pc=0x224058:ra=0x23c4e0:priority=1:status=2:wait=4:wait_id=0
[performance] host_tick=3480 host_hz=59.8835 ee_clock_ratio=1.00615 ee_cycle=17169139407
[boot-snapshot] host_tick=3480 running=0 thread=1:pc=0x238c50:ra=0x238c50:priority=0:status=1:wait=0:wait_id=0 thread=8:pc=0x2243c0:ra=0x0:priority=1:status=1:wait=0:wait_id=0 thread=9:pc=0x224058:ra=0x23c4e0:priority=1:status=1:wait=0:wait_id=0
[performance] host_tick=3600 host_hz=59.9586 ee_clock_ratio=0.99933 ee_cycle=17758975287
[boot-snapshot] host_tick=3600 running=0 thread=1:pc=0x238c50:ra=0x238c50:priority=0:status=1:wait=0:wait_id=0 thread=8:pc=0x2243c0:ra=0x0:priority=1:status=1:wait=0:wait_id=0 thread=9:pc=0x224058:ra=0x23c4e0:priority=1:status=1:wait=0:wait_id=0
[performance] host_tick=3720 host_hz=59.9457 ee_clock_ratio=0.999121 ee_cycle=18348814743
[boot-snapshot] host_tick=3720 running=0 thread=1:pc=0x238c50:ra=0x238c50:priority=0:status=2:wait=4:wait_id=0 thread=8:pc=0x2243c0:ra=0x0:priority=1:status=1:wait=0:wait_id=0 thread=9:pc=0x224058:ra=0x23c4e0:priority=1:status=1:wait=0:wait_id=0
[performance] host_tick=3840 host_hz=57.0996 ee_clock_ratio=0.999262 ee_cycle=18968142217
[boot-snapshot] host_tick=3840 running=0 thread=1:pc=0x238c50:ra=0x238c50:priority=0:status=2:wait=4:wait_id=0 thread=8:pc=0x2243c0:ra=0x0:priority=1:status=1:wait=0:wait_id=0 thread=9:pc=0x224058:ra=0x23c4e0:priority=1:status=1:wait=0:wait_id=0
[performance] host_tick=3960 host_hz=59.9789 ee_clock_ratio=0.999912 ee_cycle=19558122177
[boot-snapshot] host_tick=3960 running=0 thread=1:pc=0x238c50:ra=0x238c50:priority=0:status=2:wait=4:wait_id=0 thread=8:pc=0x2243c0:ra=0x0:priority=1:status=2:wait=4:wait_id=0 thread=9:pc=0x224058:ra=0x23c4e0:priority=1:status=2:wait=4:wait_id=0
[performance] host_tick=4080 host_hz=59.9361 ee_clock_ratio=0.998955 ee_cycle=20147958057
[boot-snapshot] host_tick=4080 running=0 thread=1:pc=0x238c50:ra=0x238c50:priority=0:status=2:wait=4:wait_id=0 thread=8:pc=0x2243c0:ra=0x0:priority=1:status=2:wait=4:wait_id=0 thread=9:pc=0x224058:ra=0x23c4e0:priority=1:status=2:wait=4:wait_id=0
[performance] host_tick=4200 host_hz=59.952 ee_clock_ratio=0.999221 ee_cycle=20737793937
[boot-snapshot] host_tick=4200 running=0 thread=1:pc=0x238c50:ra=0x238c50:priority=0:status=2:wait=4:wait_id=0 thread=8:pc=0x2243c0:ra=0x0:priority=1:status=2:wait=4:wait_id=0 thread=9:pc=0x224058:ra=0x23c4e0:priority=1:status=2:wait=4:wait_id=0
[performance] host_tick=4320 host_hz=59.9829 ee_clock_ratio=0.999735 ee_cycle=21327629817
[boot-snapshot] host_tick=4320 running=0 thread=1:pc=0x238c50:ra=0x238c50:priority=0:status=2:wait=4:wait_id=0 thread=8:pc=0x2243c0:ra=0x0:priority=1:status=2:wait=4:wait_id=0 thread=9:pc=0x224058:ra=0x23c4e0:priority=1:status=2:wait=4:wait_id=0
[performance] host_tick=4440 host_hz=59.9524 ee_clock_ratio=0.999226 ee_cycle=21917465697
[boot-snapshot] host_tick=4440 running=0 thread=1:pc=0x238c50:ra=0x238c50:priority=0:status=2:wait=4:wait_id=0 thread=8:pc=0x2243c0:ra=0x0:priority=1:status=2:wait=4:wait_id=0 thread=9:pc=0x224058:ra=0x23c4e0:priority=1:status=2:wait=4:wait_id=0
[performance] host_tick=4560 host_hz=59.9048 ee_clock_ratio=0.998434 ee_cycle=22507301577
[boot-snapshot] host_tick=4560 running=0 thread=1:pc=0x238c50:ra=0x238c50:priority=0:status=2:wait=4:wait_id=0 thread=8:pc=0x2243c0:ra=0x0:priority=1:status=2:wait=4:wait_id=0 thread=9:pc=0x224058:ra=0x23c4e0:priority=1:status=2:wait=4:wait_id=0
[performance] host_tick=4680 host_hz=59.972 ee_clock_ratio=0.999554 ee_cycle=23097137457
[boot-snapshot] host_tick=4680 running=0 thread=1:pc=0x238c50:ra=0x238c50:priority=0:status=2:wait=4:wait_id=0 thread=8:pc=0x2243c0:ra=0x0:priority=1:status=2:wait=4:wait_id=0 thread=9:pc=0x224058:ra=0x23c4e0:priority=1:status=2:wait=4:wait_id=0
[performance] host_tick=4800 host_hz=58.1283 ee_clock_ratio=1.00112 ee_cycle=23706634533
[boot-snapshot] host_tick=4800 running=0 thread=1:pc=0x238c50:ra=0x238c50:priority=0:status=2:wait=4:wait_id=0 thread=8:pc=0x2243c0:ra=0x0:priority=1:status=2:wait=4:wait_id=0 thread=9:pc=0x224058:ra=0x23c4e0:priority=1:status=2:wait=4:wait_id=0
[performance] host_tick=4920 host_hz=59.9438 ee_clock_ratio=0.999083 ee_cycle=24296470413
[boot-snapshot] host_tick=4920 running=0 thread=1:pc=0x238c50:ra=0x238c50:priority=0:status=2:wait=4:wait_id=0 thread=8:pc=0x2243c0:ra=0x0:priority=1:status=2:wait=4:wait_id=0 thread=9:pc=0x224058:ra=0x23c4e0:priority=1:status=2:wait=4:wait_id=0
[performance] host_tick=5040 host_hz=59.9673 ee_clock_ratio=0.999475 ee_cycle=24886306293
[boot-snapshot] host_tick=5040 running=0 thread=1:pc=0x238c50:ra=0x238c50:priority=0:status=2:wait=4:wait_id=0 thread=8:pc=0x2243c0:ra=0x0:priority=1:status=2:wait=4:wait_id=0 thread=9:pc=0x224058:ra=0x23c4e0:priority=1:status=2:wait=4:wait_id=0
[performance] host_tick=5160 host_hz=59.9713 ee_clock_ratio=1.00787 ee_cycle=25481057472
[boot-snapshot] host_tick=5160 running=0 thread=1:pc=0x238c50:ra=0x238c50:priority=0:status=2:wait=4:wait_id=0 thread=8:pc=0x2243c0:ra=0x0:priority=1:status=2:wait=4:wait_id=0 thread=9:pc=0x224058:ra=0x23c4e0:priority=1:status=2:wait=4:wait_id=0
[performance] host_tick=5280 host_hz=59.9706 ee_clock_ratio=0.99953 ee_cycle=26070893352
[boot-snapshot] host_tick=5280 running=0 thread=1:pc=0x238c50:ra=0x238c50:priority=0:status=2:wait=4:wait_id=0 thread=8:pc=0x2243c0:ra=0x0:priority=1:status=2:wait=4:wait_id=0 thread=9:pc=0x224058:ra=0x23c4e0:priority=1:status=2:wait=4:wait_id=0
[performance] host_tick=5400 host_hz=59.8344 ee_clock_ratio=0.997259 ee_cycle=26660729232
[boot-snapshot] host_tick=5400 running=0 thread=1:pc=0x238c50:ra=0x238c50:priority=0:status=2:wait=4:wait_id=0 thread=8:pc=0x2243c0:ra=0x0:priority=1:status=2:wait=4:wait_id=0 thread=9:pc=0x224058:ra=0x23c4e0:priority=1:status=2:wait=4:wait_id=0
[performance] host_tick=5520 host_hz=59.8333 ee_clock_ratio=0.997242 ee_cycle=27250565112
[boot-snapshot] host_tick=5520 running=0 thread=1:pc=0x238c50:ra=0x238c50:priority=0:status=2:wait=4:wait_id=0 thread=8:pc=0x2243c0:ra=0x0:priority=1:status=2:wait=4:wait_id=0 thread=9:pc=0x224058:ra=0x23c4e0:priority=1:status=2:wait=4:wait_id=0
[performance] host_tick=5640 host_hz=59.9501 ee_clock_ratio=0.999189 ee_cycle=27840400992
[boot-snapshot] host_tick=5640 running=0 thread=1:pc=0x238c50:ra=0x238c50:priority=0:status=2:wait=4:wait_id=0 thread=8:pc=0x2243c0:ra=0x0:priority=1:status=2:wait=4:wait_id=0 thread=9:pc=0x224058:ra=0x23c4e0:priority=1:status=2:wait=4:wait_id=0
[performance] host_tick=5760 host_hz=59.9848 ee_clock_ratio=0.999767 ee_cycle=28430236872
[boot-snapshot] host_tick=5760 running=0 thread=1:pc=0x238c50:ra=0x238c50:priority=0:status=2:wait=4:wait_id=0 thread=8:pc=0x2243c0:ra=0x0:priority=1:status=2:wait=4:wait_id=0 thread=9:pc=0x224058:ra=0x23c4e0:priority=1:status=2:wait=4:wait_id=0
[performance] host_tick=5880 host_hz=59.9716 ee_clock_ratio=0.999546 ee_cycle=29020072752
[boot-snapshot] host_tick=5880 running=0 thread=1:pc=0x238c50:ra=0x238c50:priority=0:status=2:wait=4:wait_id=0 thread=8:pc=0x2243c0:ra=0x0:priority=1:status=2:wait=4:wait_id=0 thread=9:pc=0x224058:ra=0x23c4e0:priority=1:status=2:wait=4:wait_id=0
[performance] host_tick=6000 host_hz=59.9544 ee_clock_ratio=1.00734 ee_cycle=29614676475
[boot-snapshot] host_tick=6000 running=0 thread=1:pc=0x238c50:ra=0x238c50:priority=0:status=1:wait=0:wait_id=0 thread=8:pc=0x2243c0:ra=0x0:priority=1:status=1:wait=0:wait_id=0 thread=9:pc=0x224058:ra=0x23c4e0:priority=1:status=1:wait=0:wait_id=0
[performance] host_tick=6120 host_hz=59.9696 ee_clock_ratio=0.999514 ee_cycle=30204512355
[boot-snapshot] host_tick=6120 running=0 thread=1:pc=0x238c50:ra=0x238c50:priority=0:status=1:wait=0:wait_id=0 thread=8:pc=0x2243c0:ra=0x0:priority=1:status=1:wait=0:wait_id=0 thread=9:pc=0x224058:ra=0x23c4e0:priority=1:status=1:wait=0:wait_id=0
[performance] host_tick=6240 host_hz=59.9665 ee_clock_ratio=0.999461 ee_cycle=30794348235
[boot-snapshot] host_tick=6240 running=0 thread=1:pc=0x238c50:ra=0x238c50:priority=0:status=1:wait=0:wait_id=0 thread=8:pc=0x2243c0:ra=0x0:priority=1:status=1:wait=0:wait_id=0 thread=9:pc=0x224058:ra=0x23c4e0:priority=1:status=1:wait=0:wait_id=0
[performance] host_tick=6360 host_hz=59.906 ee_clock_ratio=0.998703 ee_cycle=31384331571
[boot-snapshot] host_tick=6360 running=0 thread=1:pc=0x238c50:ra=0x238c50:priority=0:status=2:wait=4:wait_id=0 thread=8:pc=0x2243c0:ra=0x0:priority=1:status=2:wait=4:wait_id=0 thread=9:pc=0x224058:ra=0x23c4e0:priority=1:status=2:wait=4:wait_id=0
[performance] host_tick=6480 host_hz=59.9741 ee_clock_ratio=0.999589 ee_cycle=31974167451
[boot-snapshot] host_tick=6480 running=0 thread=1:pc=0x238c50:ra=0x238c50:priority=0:status=2:wait=4:wait_id=0 thread=8:pc=0x2243c0:ra=0x0:priority=1:status=2:wait=4:wait_id=0 thread=9:pc=0x224058:ra=0x23c4e0:priority=1:status=2:wait=4:wait_id=0
[performance] host_tick=6600 host_hz=59.9835 ee_clock_ratio=0.999745 ee_cycle=32564003331
[boot-snapshot] host_tick=6600 running=0 thread=1:pc=0x238c50:ra=0x238c50:priority=0:status=2:wait=4:wait_id=0 thread=8:pc=0x2243c0:ra=0x0:priority=1:status=2:wait=4:wait_id=0 thread=9:pc=0x224058:ra=0x23c4e0:priority=1:status=2:wait=4:wait_id=0
[performance] host_tick=6720 host_hz=59.97 ee_clock_ratio=0.99952 ee_cycle=33153839211
[boot-snapshot] host_tick=6720 running=0 thread=1:pc=0x238c50:ra=0x238c50:priority=0:status=2:wait=4:wait_id=0 thread=8:pc=0x2243c0:ra=0x0:priority=1:status=2:wait=4:wait_id=0 thread=9:pc=0x224058:ra=0x23c4e0:priority=1:status=2:wait=4:wait_id=0
[performance] host_tick=6840 host_hz=59.4585 ee_clock_ratio=0.999253 ee_cycle=33748590390
[boot-snapshot] host_tick=6840 running=0 thread=1:pc=0x238c50:ra=0x238c50:priority=0:status=2:wait=4:wait_id=0 thread=8:pc=0x2243c0:ra=0x0:priority=1:status=2:wait=4:wait_id=0 thread=9:pc=0x224058:ra=0x23c4e0:priority=1:status=2:wait=4:wait_id=0
[performance] host_tick=6960 host_hz=59.9263 ee_clock_ratio=0.998791 ee_cycle=34338426270
[boot-snapshot] host_tick=6960 running=0 thread=1:pc=0x238c50:ra=0x238c50:priority=0:status=2:wait=4:wait_id=0 thread=8:pc=0x2243c0:ra=0x0:priority=1:status=2:wait=4:wait_id=0 thread=9:pc=0x224058:ra=0x23c4e0:priority=1:status=2:wait=4:wait_id=0
[performance] host_tick=7080 host_hz=59.9888 ee_clock_ratio=0.999833 ee_cycle=34928262150
[boot-snapshot] host_tick=7080 running=0 thread=1:pc=0x238c50:ra=0x238c50:priority=0:status=2:wait=4:wait_id=0 thread=8:pc=0x2243c0:ra=0x0:priority=1:status=2:wait=4:wait_id=0 thread=9:pc=0x224058:ra=0x23c4e0:priority=1:status=2:wait=4:wait_id=0
[performance] host_tick=7200 host_hz=59.8357 ee_clock_ratio=1.00534 ee_cycle=35522865873
[boot-snapshot] host_tick=7200 running=0 thread=1:pc=0x238c50:ra=0x238c50:priority=0:status=1:wait=0:wait_id=0 thread=8:pc=0x2243c0:ra=0x0:priority=1:status=1:wait=0:wait_id=0 thread=9:pc=0x224058:ra=0x23c4e0:priority=1:status=1:wait=0:wait_id=0
[performance] host_tick=7320 host_hz=59.7698 ee_clock_ratio=0.996432 ee_cycle=36112849209
[boot-snapshot] host_tick=7320 running=0 thread=1:pc=0x238c50:ra=0x238c50:priority=0:status=2:wait=4:wait_id=0 thread=8:pc=0x2243c0:ra=0x0:priority=1:status=2:wait=4:wait_id=0 thread=9:pc=0x224058:ra=0x23c4e0:priority=1:status=2:wait=4:wait_id=0
[performance] host_tick=7440 host_hz=59.986 ee_clock_ratio=0.999787 ee_cycle=36702685089
[boot-snapshot] host_tick=7440 running=0 thread=1:pc=0x238c50:ra=0x238c50:priority=0:status=2:wait=4:wait_id=0 thread=8:pc=0x2243c0:ra=0x0:priority=1:status=2:wait=4:wait_id=0 thread=9:pc=0x224058:ra=0x23c4e0:priority=1:status=2:wait=4:wait_id=0
[performance] host_tick=7560 host_hz=59.494 ee_clock_ratio=0.999851 ee_cycle=37297436268
[boot-snapshot] host_tick=7560 running=0 thread=1:pc=0x238c50:ra=0x238c50:priority=0:status=2:wait=4:wait_id=0 thread=8:pc=0x2243c0:ra=0x0:priority=1:status=2:wait=4:wait_id=0 thread=9:pc=0x224058:ra=0x23c4e0:priority=1:status=2:wait=4:wait_id=0
[performance] host_tick=7680 host_hz=59.9895 ee_clock_ratio=0.999845 ee_cycle=37887272148
[boot-snapshot] host_tick=7680 running=0 thread=1:pc=0x238c50:ra=0x238c50:priority=0:status=2:wait=4:wait_id=0 thread=8:pc=0x2243c0:ra=0x0:priority=1:status=2:wait=4:wait_id=0 thread=9:pc=0x224058:ra=0x23c4e0:priority=1:status=2:wait=4:wait_id=0
[performance] host_tick=7800 host_hz=59.9365 ee_clock_ratio=0.998961 ee_cycle=38477108028
[boot-snapshot] host_tick=7800 running=0 thread=1:pc=0x238c50:ra=0x238c50:priority=0:status=2:wait=4:wait_id=0 thread=8:pc=0x2243c0:ra=0x0:priority=1:status=2:wait=4:wait_id=0 thread=9:pc=0x224058:ra=0x23c4e0:priority=1:status=2:wait=4:wait_id=0
[performance] host_tick=7920 host_hz=59.9791 ee_clock_ratio=0.999672 ee_cycle=39066943908
[boot-snapshot] host_tick=7920 running=0 thread=1:pc=0x238c50:ra=0x238c50:priority=0:status=2:wait=4:wait_id=0 thread=8:pc=0x2243c0:ra=0x0:priority=1:status=2:wait=4:wait_id=0 thread=9:pc=0x224058:ra=0x23c4e0:priority=1:status=2:wait=4:wait_id=0
[performance] host_tick=8040 host_hz=59.9642 ee_clock_ratio=0.999424 ee_cycle=39656779788
[boot-snapshot] host_tick=8040 running=0 thread=1:pc=0x238c50:ra=0x238c50:priority=0:status=2:wait=4:wait_id=0 thread=8:pc=0x2243c0:ra=0x0:priority=1:status=2:wait=4:wait_id=0 thread=9:pc=0x224058:ra=0x23c4e0:priority=1:status=2:wait=4:wait_id=0
[performance] host_tick=8160 host_hz=59.7434 ee_clock_ratio=1.00404 ee_cycle=40251530967
[boot-snapshot] host_tick=8160 running=0 thread=1:pc=0x238c50:ra=0x238c50:priority=0:status=2:wait=4:wait_id=0 thread=8:pc=0x2243c0:ra=0x0:priority=1:status=2:wait=4:wait_id=0 thread=9:pc=0x224058:ra=0x23c4e0:priority=1:status=2:wait=4:wait_id=0
[performance] host_tick=8280 host_hz=59.9644 ee_clock_ratio=0.999427 ee_cycle=40841366847
[boot-snapshot] host_tick=8280 running=0 thread=1:pc=0x238c50:ra=0x238c50:priority=0:status=2:wait=4:wait_id=0 thread=8:pc=0x2243c0:ra=0x0:priority=1:status=2:wait=4:wait_id=0 thread=9:pc=0x224058:ra=0x23c4e0:priority=1:status=2:wait=4:wait_id=0
[downhill:cd-read-yield] return=0x23147c
[downhill:release-wait] target=10 status_before=2 result=0 return=0x23149c
[downhill:cd-read-yield] return=0x23147c
[downhill:resource-copy] call=1 zero_calls=0 thread=10 length=3 source=10485774 destination=10485778 input_offset=14 output_after=21 remaining_after=0 window=131072 input_base=10485760 output_base=10485760 source_bytes=590100 destination_bytes=590100 result=10485778
[downhill:resource-copy] call=2 zero_calls=0 thread=10 length=24 source=10485780 destination=10485828 input_offset=20 output_after=92 remaining_after=0 window=131072 input_base=10485760 output_base=10485760 source_bytes=00000000000000000000000001000000 destination_bytes=00000000000000000000000001000000 result=10485828
[downhill:resource-copy] call=3 zero_calls=0 thread=10 length=25 source=10485827 destination=10485875 input_offset=67 output_after=140 remaining_after=0 window=131072 input_base=10485760 output_base=10485760 source_bytes=00000000000000000000000000010000 destination_bytes=00000000000000000000000000010000 result=10485875
[downhill:resource-copy] call=4 zero_calls=0 thread=10 length=25 source=10485875 destination=10485923 input_offset=115 output_after=188 remaining_after=0 window=131072 input_base=10485760 output_base=10485760 source_bytes=00000000000000000000000000010000 destination_bytes=00000000000000000000000000010000 result=10485923
[downhill:resource-copy] call=5 zero_calls=0 thread=10 length=25 source=10485779 destination=10485971 input_offset=19 output_after=236 remaining_after=0 window=131072 input_base=10485760 output_base=10485760 source_bytes=01000000000000000000000000010000 destination_bytes=01000000000000000000000000010000 result=10485971
[downhill:resource-copy] call=6 zero_calls=0 thread=10 length=25 source=10485923 destination=10486019 input_offset=163 output_after=284 remaining_after=0 window=131072 input_base=10485760 output_base=10485760 source_bytes=00000000000000000000000000010000 destination_bytes=00000000000000000000000000010000 result=10486019
[downhill:resource-copy] call=7 zero_calls=0 thread=10 length=25 source=10486019 destination=10486067 input_offset=259 output_after=332 remaining_after=0 window=131072 input_base=10485760 output_base=10485760 source_bytes=00000000000000000000000000010000 destination_bytes=00000000000000000000000000010000 result=10486067
[downhill:resource-copy] call=8 zero_calls=0 thread=10 length=13 source=10486067 destination=10486096 input_offset=307 output_after=349 remaining_after=0 window=131072 input_base=10485760 output_base=10485760 source_bytes=00000000000000000000000000 destination_bytes=00000000000000000000000000 result=10486096
[downhill:resource-copy] call=9 zero_calls=0 thread=10 length=25 source=10485971 destination=10486115 input_offset=211 output_after=380 remaining_after=0 window=131072 input_base=10485760 output_base=10485760 source_bytes=01000000000000000000000000010000 destination_bytes=01000000000000000000000000010000 result=10486115
[downhill:resource-copy] call=10 zero_calls=0 thread=10 length=14 source=10486096 destination=10486144 input_offset=336 output_after=398 remaining_after=0 window=131072 input_base=10485760 output_base=10485760 source_bytes=0000000000000000000000000000 destination_bytes=0000000000000000000000000000 result=10486144
[downhill:resource-copy] call=11 zero_calls=0 thread=10 length=25 source=10486115 destination=10486163 input_offset=355 output_after=428 remaining_after=0 window=131072 input_base=10485760 output_base=10485760 source_bytes=01000000000000000000000000010000 destination_bytes=01000000000000000000000000010000 result=10486163
[downhill:resource-copy] call=12 zero_calls=0 thread=10 length=13 source=10486145 destination=10486211 input_offset=385 output_after=464 remaining_after=0 window=131072 input_base=10485760 output_base=10485760 source_bytes=00000000000000000000000000 destination_bytes=00000000000000000000000000 result=10486211
[downhill:resource-copy] call=13 zero_calls=0 thread=10 length=12 source=10486176 destination=10486224 input_offset=416 output_after=476 remaining_after=0 window=131072 input_base=10485760 output_base=10485760 source_bytes=010000000000000001000100 destination_bytes=010000000000000001000100 result=10486224
[downhill:resource-copy] call=14 zero_calls=0 thread=10 length=25 source=10486211 destination=10486259 input_offset=451 output_after=524 remaining_after=0 window=131072 input_base=10485760 output_base=10485760 source_bytes=00000000000000000000000000010000 destination_bytes=00000000000000000000000000010000 result=10486259
[downhill:resource-copy] call=15 zero_calls=0 thread=10 length=25 source=10486163 destination=10486307 input_offset=403 output_after=572 remaining_after=0 window=131072 input_base=10485760 output_base=10485760 source_bytes=01000000000000000000000000010000 destination_bytes=01000000000000000000000000010000 result=10486307
[downhill:resource-copy] call=16 zero_calls=0 thread=10 length=25 source=10486259 destination=10486355 input_offset=499 output_after=620 remaining_after=0 window=131072 input_base=10485760 output_base=10485760 source_bytes=00000000000000000000000000010000 destination_bytes=00000000000000000000000000010000 result=10486355
[downhill:resource-copy] call=17 zero_calls=0 thread=10 length=3 source=10486092 destination=10486380 input_offset=332 output_after=623 remaining_after=0 window=131072 input_base=10485760 output_base=10485760 source_bytes=0000c8 destination_bytes=0000c8 result=10486380
[downhill:resource-copy] call=18 zero_calls=0 thread=10 length=3 source=10485762 destination=10486396 input_offset=2 output_after=639 remaining_after=0 window=131072 input_base=10485760 output_base=10485760 source_bytes=000020 destination_bytes=000020 result=10486396
[downhill:resource-copy] call=19 zero_calls=0 thread=10 length=25 source=10486307 destination=10486403 input_offset=547 output_after=668 remaining_after=0 window=131072 input_base=10485760 output_base=10485760 source_bytes=01000000000000000000000000010000 destination_bytes=01000000000000000000000000010000 result=10486403
[downhill:resource-copy] call=20 zero_calls=0 thread=10 length=25 source=10486403 destination=10486451 input_offset=643 output_after=716 remaining_after=0 window=131072 input_base=10485760 output_base=10485760 source_bytes=01000000000000000000000000010000 destination_bytes=01000000000000000000000000010000 result=10486451
[downhill:resource-copy] call=21 zero_calls=0 thread=10 length=21 source=10486451 destination=10486499 input_offset=691 output_after=760 remaining_after=0 window=131072 input_base=10485760 output_base=10485760 source_bytes=01000000000000000000000000010000 destination_bytes=01000000000000000000000000010000 result=10486499
[downhill:resource-copy] call=22 zero_calls=0 thread=10 length=23 source=10486473 destination=10486521 input_offset=713 output_after=784 remaining_after=0 window=131072 input_base=10485760 output_base=10485760 source_bytes=000100a493564d731ba4c0d6bbccc183 destination_bytes=000100a493564d731ba4c0d6bbccc183 result=10486521
[downhill:resource-copy] call=23 zero_calls=0 thread=10 length=3 source=10485765 destination=10486545 input_offset=5 output_after=788 remaining_after=0 window=131072 input_base=10485760 output_base=10485760 source_bytes=00a000 destination_bytes=00a000 result=10486545
[downhill:resource-copy] call=24 zero_calls=0 thread=10 length=3 source=10486545 destination=10486549 input_offset=785 output_after=792 remaining_after=0 window=131072 input_base=10485760 output_base=10485760 source_bytes=00a000 destination_bytes=00a000 result=10486549
[downhill:resource-copy] call=25 zero_calls=0 thread=10 length=3 source=10486549 destination=10486553 input_offset=789 output_after=796 remaining_after=0 window=131072 input_base=10485760 output_base=10485760 source_bytes=00a000 destination_bytes=00a000 result=10486553
[downhill:resource-copy] call=26 zero_calls=0 thread=10 length=3 source=10486553 destination=10486557 input_offset=793 output_after=800 remaining_after=0 window=131072 input_base=10485760 output_base=10485760 source_bytes=00a000 destination_bytes=00a000 result=10486557
[downhill:resource-copy] call=27 zero_calls=0 thread=10 length=3 source=10486561 destination=10486565 input_offset=801 output_after=808 remaining_after=0 window=131072 input_base=10485760 output_base=10485760 source_bytes=01a000 destination_bytes=01a000 result=10486565
[downhill:resource-copy] call=28 zero_calls=0 thread=10 length=3 source=10486565 destination=10486569 input_offset=805 output_after=812 remaining_after=0 window=131072 input_base=10485760 output_base=10485760 source_bytes=01a000 destination_bytes=01a000 result=10486569
[downhill:resource-copy] call=29 zero_calls=0 thread=10 length=3 source=10486569 destination=10486573 input_offset=809 output_after=816 remaining_after=0 window=131072 input_base=10485760 output_base=10485760 source_bytes=01a000 destination_bytes=01a000 result=10486573
[downhill:resource-copy] call=30 zero_calls=0 thread=10 length=3 source=10486573 destination=10486577 input_offset=813 output_after=820 remaining_after=0 window=131072 input_base=10485760 output_base=10485760 source_bytes=01a000 destination_bytes=01a000 result=10486577
[downhill:resource-copy] call=31 zero_calls=0 thread=10 length=3 source=10486581 destination=10486585 input_offset=821 output_after=828 remaining_after=0 window=131072 input_base=10485760 output_base=10485760 source_bytes=02a000 destination_bytes=02a000 result=10486585
[downhill:resource-copy] call=32 zero_calls=0 thread=10 length=3 source=10486585 destination=10486589 input_offset=825 output_after=832 remaining_after=0 window=131072 input_base=10485760 output_base=10485760 source_bytes=02a000 destination_bytes=02a000 result=10486589
[downhill:resource-copy] call=33 zero_calls=0 thread=10 length=3 source=10486589 destination=10486593 input_offset=829 output_after=836 remaining_after=0 window=131072 input_base=10485760 output_base=10485760 source_bytes=02a000 destination_bytes=02a000 result=10486593
[downhill:resource-copy] call=34 zero_calls=0 thread=10 length=3 source=10486593 destination=10486597 input_offset=833 output_after=840 remaining_after=0 window=131072 input_base=10485760 output_base=10485760 source_bytes=02a000 destination_bytes=02a000 result=10486597
[downhill:resource-copy] call=35 zero_calls=0 thread=10 length=20 source=10486456 destination=10486600 input_offset=696 output_after=860 remaining_after=0 window=131072 input_base=10485760 output_base=10485760 source_bytes=00000000000000000100000000000000 destination_bytes=00000000000000000100000000000000 result=10486600
[downhill:resource-copy] call=36 zero_calls=0 thread=10 length=4 source=10486612 destination=10486628 input_offset=852 output_after=872 remaining_after=0 window=131072 input_base=10485760 output_base=10485760 source_bytes=00000000 destination_bytes=00000000 result=10486628
[downhill:resource-copy] call=37 zero_calls=0 thread=10 length=22 source=10486452 destination=10486644 input_offset=692 output_after=906 remaining_after=0 window=131072 input_base=10485760 output_base=10485760 source_bytes=00000000000000000000000001000000 destination_bytes=00000000000000000000000001000000 result=10486644
[downhill:resource-copy] call=38 zero_calls=0 thread=10 length=3 source=10486627 destination=10486683 input_offset=867 output_after=926 remaining_after=0 window=131072 input_base=10485760 output_base=10485760 source_bytes=c30000 destination_bytes=c30000 result=10486683
[downhill:resource-copy] call=39 zero_calls=0 thread=10 length=13 source=10486643 destination=10486691 input_offset=883 output_after=944 remaining_after=0 window=131072 input_base=10485760 output_base=10485760 source_bytes=00000000000000000000000000 destination_bytes=00000000000000000000000000 result=10486691
[downhill:resource-copy] call=40 zero_calls=0 thread=10 length=7 source=10486697 destination=10486708 input_offset=937 output_after=955 remaining_after=0 window=131072 input_base=10485760 output_base=10485760 source_bytes=00000000000000 destination_bytes=00000000000000 result=10486708
[downhill:resource-copy] call=41 zero_calls=0 thread=10 length=3 source=10486546 destination=10486718 input_offset=786 output_after=961 remaining_after=0 window=131072 input_base=10485760 output_base=10485760 source_bytes=a00080 destination_bytes=a00080 result=10486718
[downhill:resource-copy] call=42 zero_calls=0 thread=10 length=3 source=10486717 destination=10486721 input_offset=957 output_after=964 remaining_after=0 window=131072 input_base=10485760 output_base=10485760 source_bytes=03a000 destination_bytes=03a000 result=10486721
[downhill:resource-copy] call=43 zero_calls=0 thread=10 length=24 source=10486452 destination=10486724 input_offset=692 output_after=988 remaining_after=0 window=131072 input_base=10485760 output_base=10485760 source_bytes=00000000000000000000000001000000 destination_bytes=00000000000000000000000001000000 result=10486724
[downhill:resource-copy] call=44 zero_calls=0 thread=10 length=21 source=10486723 destination=10486771 input_offset=963 output_after=1032 remaining_after=0 window=131072 input_base=10485760 output_base=10485760 source_bytes=00000000000000000000000000010000 destination_bytes=00000000000000000000000000010000 result=10486771
[downhill:resource-copy] call=45 zero_calls=0 thread=10 length=20 source=10486620 destination=10486796 input_offset=860 output_after=1056 remaining_after=0 window=131072 input_base=10485760 output_base=10485760 source_bytes=9fad654de586dec3000000004461dd42 destination_bytes=9fad654de586dec3000000004461dd42 result=10486796
[downhill:resource-copy] call=46 zero_calls=0 thread=10 length=3 source=10486597 destination=10486817 input_offset=837 output_after=1060 remaining_after=0 window=131072 input_base=10485760 output_base=10485760 source_bytes=02a000 destination_bytes=02a000 result=10486817
[downhill:resource-copy] call=47 zero_calls=0 thread=10 length=3 source=10486721 destination=10486821 input_offset=961 output_after=1064 remaining_after=0 window=131072 input_base=10485760 output_base=10485760 source_bytes=03a000 destination_bytes=03a000 result=10486821
[downhill:resource-copy] call=48 zero_calls=0 thread=10 length=9 source=10486721 destination=10486825 input_offset=961 output_after=1074 remaining_after=0 window=131072 input_base=10485760 output_base=10485760 source_bytes=03a000000000000000 destination_bytes=03a000000000000000 result=10486825
[downhill:resource-copy] call=49 zero_calls=0 thread=10 length=9 source=10486775 destination=10486841 input_offset=1015 output_after=1090 remaining_after=0 window=131072 input_base=10485760 output_base=10485760 source_bytes=000000000000000000 destination_bytes=000000000000000000 result=10486841
[downhill:resource-copy] call=50 zero_calls=0 thread=10 length=3 source=10486847 destination=10486856 input_offset=1087 output_after=1099 remaining_after=0 window=131072 input_base=10485760 output_base=10485760 source_bytes=000000 destination_bytes=000000 result=10486856
[downhill:resource-copy] call=51 zero_calls=0 thread=10 length=4 source=10486856 destination=10486864 input_offset=1096 output_after=1108 remaining_after=0 window=131072 input_base=10485760 output_base=10485760 source_bytes=0000003f destination_bytes=0000003f result=10486864
[downhill:resource-copy] call=52 zero_calls=0 thread=10 length=7 source=10486844 destination=10486872 input_offset=1084 output_after=1119 remaining_after=0 window=131072 input_base=10485760 output_base=10485760 source_bytes=00000000000080 destination_bytes=00000000000080 result=10486872
[downhill:resource-copy] call=53 zero_calls=0 thread=10 length=4 source=10486867 destination=10486879 input_offset=1107 output_after=1123 remaining_after=0 window=131072 input_base=10485760 output_base=10485760 source_bytes=3f00308d destination_bytes=3f00308d result=10486879
[downhill:resource-copy] call=54 zero_calls=0 thread=10 length=3 source=10486875 destination=10486884 input_offset=1115 output_after=1127 remaining_after=0 window=131072 input_base=10485760 output_base=10485760 source_bytes=000000 destination_bytes=000000 result=10486884
[downhill:resource-copy] call=55 zero_calls=0 thread=10 length=4 source=10486874 destination=10486888 input_offset=1114 output_after=1132 remaining_after=0 window=131072 input_base=10485760 output_base=10485760 source_bytes=00000000 destination_bytes=00000000 result=10486888
[downhill:resource-copy] call=56 zero_calls=0 thread=10 length=8 source=10486842 destination=10486895 input_offset=1082 output_after=1143 remaining_after=0 window=131072 input_base=10485760 output_base=10485760 source_bytes=0000000000000000 destination_bytes=0000000000000000 result=10486895
[downhill:resource-copy] call=57 zero_calls=0 thread=10 length=4 source=10486863 destination=10486903 input_offset=1103 output_after=1147 remaining_after=0 window=131072 input_base=10485760 output_base=10485760 source_bytes=3f000000 destination_bytes=3f000000 result=10486903
[downhill:resource-copy] call=58 zero_calls=0 thread=10 length=5 source=10486876 destination=10486908 input_offset=1116 output_after=1153 remaining_after=0 window=131072 input_base=10485760 output_base=10485760 source_bytes=0000803f00 destination_bytes=0000803f00 result=10486908
[downhill:resource-copy] call=59 zero_calls=0 thread=10 length=3 source=10486904 destination=10486921 input_offset=1144 output_after=1164 remaining_after=0 window=131072 input_base=10485760 output_base=10485760 source_bytes=000000 destination_bytes=000000 result=10486921
[downhill:resource-copy] call=60 zero_calls=0 thread=10 length=3 source=10486832 destination=10486929 input_offset=1072 output_after=1172 remaining_after=0 window=131072 input_base=10485760 output_base=10485760 source_bytes=000060 destination_bytes=000060 result=10486929
[downhill:resource-copy] call=61 zero_calls=0 thread=10 length=4 source=10486899 destination=10486932 input_offset=1139 output_after=1176 remaining_after=0 window=131072 input_base=10485760 output_base=10485760 source_bytes=00000000 destination_bytes=00000000 result=10486932
[downhill:resource-copy] call=62 zero_calls=0 thread=10 length=4 source=10486894 destination=10486940 input_offset=1134 output_after=1184 remaining_after=0 window=131072 input_base=10485760 output_base=10485760 source_bytes=04000000 destination_bytes=04000000 result=10486940
[downhill:resource-copy] call=63 zero_calls=0 thread=10 length=3 source=10486941 destination=10486948 input_offset=1181 output_after=1191 remaining_after=0 window=131072 input_base=10485760 output_base=10485760 source_bytes=000000 destination_bytes=000000 result=10486948
[downhill:resource-copy] call=64 zero_calls=0 thread=10 length=5 source=10486908 destination=10486956 input_offset=1148 output_after=1201 remaining_after=0 window=131072 input_base=10485760 output_base=10485760 source_bytes=0000803f00 destination_bytes=0000803f00 result=10486956
[downhill:resource-copy] call=128 zero_calls=0 thread=10 length=18 source=10487321 destination=10488297 input_offset=1561 output_after=2555 remaining_after=0 window=131072 input_base=10485760 output_base=10485760 source_bytes=000000000000000000803f00308d2600 destination_bytes=000000000000000000803f00308d2600 result=10488297
[downhill:resource-copy] call=256 zero_calls=0 thread=10 length=4 source=10491022 destination=10491306 input_offset=5262 output_after=5550 remaining_after=0 window=131072 input_base=10485760 output_base=10485760 source_bytes=00000040 destination_bytes=00000040 result=10491306
[downhill:resource-copy] call=512 zero_calls=0 thread=10 length=4 source=10495556 destination=10495568 input_offset=9796 output_after=9812 remaining_after=0 window=131072 input_base=10485760 output_base=10485760 source_bytes=6e33adc1 destination_bytes=6e33adc1 result=10495568
[downhill:resource-copy] call=1024 zero_calls=0 thread=10 length=15 source=10498943 destination=10510407 input_offset=13183 output_after=24662 remaining_after=0 window=131072 input_base=10485760 output_base=10485760 source_bytes=0000403e3012040000010000003942 destination_bytes=0000403e3012040000010000003942 result=10510407
[downhill:resource-copy] call=2048 zero_calls=0 thread=10 length=5 source=10527339 destination=10527927 input_offset=41579 output_after=42172 remaining_after=0 window=131072 input_base=10485760 output_base=10485760 source_bytes=c22c38ccc2 destination_bytes=c22c38ccc2 result=10527927
[downhill:resource-copy] call=4096 zero_calls=0 thread=10 length=4 source=10571084 destination=10571120 input_offset=85324 output_after=85364 remaining_after=0 window=131072 input_base=10485760 output_base=10485760 source_bytes=e59cbbc2 destination_bytes=e59cbbc2 result=10571120
[downhill:resource-copy] call=8192 zero_calls=0 thread=10 length=3 source=10721813 destination=10722725 input_offset=104981 output_after=105896 remaining_after=0 window=131072 input_base=10616832 output_base=10616832 source_bytes=c5d3c2 destination_bytes=c5d3c2 result=10722725
[downhill:resource-copy] call=16384 zero_calls=0 thread=10 length=24 source=10888928 destination=10915408 input_offset=9952 output_after=36456 remaining_after=0 window=131072 input_base=10878976 output_base=10878976 source_bytes=04430272000000001c43027200000000 destination_bytes=04430272000000001c43027200000000 result=10915408
[downhill:cd-read-yield] return=0x23147c
[downhill:resource-copy] call=32768 zero_calls=0 thread=10 length=4 source=11143776 destination=11148736 input_offset=2656 output_after=7620 remaining_after=0 window=131072 input_base=11141120 output_base=11141120 source_bytes=cf4a6fc3 destination_bytes=cf4a6fc3 result=11148736
[downhill:cd-read-yield] return=0x23147c
[downhill:cd-read-yield] return=0x23147c
[downhill:cd-read-yield] return=0x23147c
[downhill:resource-copy] call=65536 zero_calls=0 thread=10 length=4 source=11702494 destination=11702826 input_offset=37086 output_after=37422 remaining_after=0 window=131072 input_base=11665408 output_base=11665408 source_bytes=70a56fa1 destination_bytes=70a56fa1 result=11702826
[downhill:cd-read-yield] return=0x23147c
[downhill:cd-read-yield] return=0x23147c
[downhill:cd-read-yield] return=0x23147c
[downhill:cd-read-yield] return=0x23147c
[downhill:resource-copy] call=131072 zero_calls=0 thread=10 length=7 source=12703293 destination=12703301 input_offset=120381 output_after=120396 remaining_after=0 window=131072 input_base=12582912 output_base=12582912 source_bytes=42027200000000 destination_bytes=42027200000000 result=12703301
[downhill:cd-read-yield] return=0x23147c
[downhill:cd-read-yield] return=0x23147c
[downhill:cd-read-yield] return=0x23147c
[downhill:cd-read-yield] return=0x23147c
[downhill:cd-read-yield] return=0x23147c
[downhill:cd-read-yield] return=0x23147c
[downhill:cd-read-yield] return=0x23147c
[downhill:cd-read-yield] return=0x23147c
[downhill:cd-read-yield] return=0x23147c
[downhill:cd-read-yield] return=0x23147c
[downhill:cd-read-yield] return=0x23147c
[downhill:cd-read-yield] return=0x23147c
[performance] host_tick=8400 host_hz=59.9793 ee_clock_ratio=0.748765 ee_cycle=41283158762
[boot-snapshot] host_tick=8400 running=10 thread=1:pc=0x23147c:ra=0x23147c:priority=0:status=2:wait=4:wait_id=0 thread=10:pc=0x25a708:ra=0x254fdc:priority=2:status=0:wait=0:wait_id=0
[downhill:cd-read-yield] return=0x23147c
[downhill:resource-copy] call=262144 zero_calls=0 thread=10 length=3 source=15264453 destination=15264561 input_offset=60101 output_after=60212 remaining_after=0 window=131072 input_base=15204352 output_base=15204352 source_bytes=ffffd7 destination_bytes=ffffd7 result=15264561
[downhill:cd-read-yield] return=0x23147c
[downhill:cd-read-yield] return=0x23147c
[downhill:cd-read-yield] return=0x23147c
[downhill:cd-read-yield] return=0x23147c
[downhill:cd-read-yield] return=0x23147c
[downhill:cd-read-yield] return=0x23147c
[downhill:cd-read-yield] return=0x23147c
[downhill:cd-read-yield] return=0x23147c
[downhill:cd-read-yield] return=0x23147c
[downhill:cd-read-yield] return=0x23147c
[downhill:cd-read-yield] return=0x23147c
[downhill:cd-read-yield] return=0x23147c
[downhill:cd-read-yield] return=0x23147c
[downhill:cd-read-yield] return=0x23147c
[downhill:cd-read-yield] return=0x23147c
[downhill:cd-read-yield] return=0x23147c
[downhill:cd-read-yield] return=0x23147c
[downhill:cd-read-yield] return=0x23147c
[downhill:cd-read-yield] return=0x23147c
[downhill:cd-read-yield] return=0x23147c
[downhill:cd-read-yield] return=0x23147c
[downhill:resource-copy] call=524288 zero_calls=0 thread=10 length=8 source=19697484 destination=19697572 input_offset=36684 output_after=36780 remaining_after=0 window=131072 input_base=19660800 output_base=19660800 source_bytes=000000008200023c destination_bytes=000000008200023c result=19697572
[downhill:cd-read-yield] return=0x23147c
[downhill:cd-read-yield] return=0x23147c
[downhill:cd-read-yield] return=0x23147c
[downhill:cd-read-yield] return=0x23147c
[downhill:cd-read-yield] return=0x23147c
[downhill:cd-read-yield] return=0x23147c
[downhill:cd-read-yield] return=0x23147c
[downhill:release-wait] target=11 status_before=2 result=0 return=0x23149c
[downhill:cd-read-yield] return=0x23147c
[downhill:cd-read-yield] return=0x23147c
[downhill:release-wait] target=12 status_before=2 result=0 return=0x23149c
[downhill:cd-read-yield] return=0x23147c
[downhill:cd-read-yield] return=0x23147c
[downhill:cd-read-yield] return=0x23147c
[downhill:cd-read-yield] return=0x23147c
[downhill:cd-read-yield] return=0x23147c
[downhill:cd-read-yield] return=0x23147c
[downhill:cd-read-yield] return=0x23147c
[downhill:cd-read-yield] return=0x23147c
[performance] host_tick=8520 host_hz=59.9199 ee_clock_ratio=0.445623 ee_cycle=41546349557
[boot-snapshot] host_tick=8520 running=12 thread=1:pc=0x25a728:ra=0x23144c:priority=0:status=2:wait=2:wait_id=28 thread=12:pc=0x25a708:ra=0x254fdc:priority=2:status=0:wait=0:wait_id=0
[downhill:cd-read-yield] return=0x23147c
[downhill:cd-read-yield] return=0x23147c
[downhill:cd-read-yield] return=0x23147c
[downhill:cd-read-yield] return=0x23147c
[downhill:cd-read-yield] return=0x23147c
[downhill:cd-read-yield] return=0x23147c
[downhill:cd-read-yield] return=0x23147c
[downhill:cd-read-yield] return=0x23147c
[downhill:cd-read-yield] return=0x23147c
[downhill:cd-read-yield] return=0x23147c
[downhill:cd-read-yield] return=0x23147c
[downhill:cd-read-yield] return=0x23147c
[downhill:cd-read-yield] return=0x23147c
[downhill:resource-copy] call=1048576 zero_calls=0 thread=12 length=3 source=29400513 destination=29401020 input_offset=67969 output_after=68479 remaining_after=0 window=131072 input_base=29332544 output_base=29332544 source_bytes=134026 destination_bytes=134026 result=29401020
[downhill:cd-read-yield] return=0x23147c
[downhill:cd-read-yield] return=0x23147c
[downhill:cd-read-yield] return=0x23147c
[downhill:cd-read-yield] return=0x23147c
[downhill:cd-read-yield] return=0x23147c
[downhill:cd-read-yield] return=0x23147c
[downhill:cd-read-yield] return=0x23147c
[downhill:cd-read-yield] return=0x23147c
[downhill:cd-read-yield] return=0x23147c
[downhill:cd-read-yield] return=0x23147c
[downhill:cd-read-yield] return=0x23147c
[downhill:cd-read-yield] return=0x23147c
[downhill:cd-read-yield] return=0x23147c
[downhill:cd-read-yield] return=0x23147c
[downhill:cd-read-yield] return=0x23147c
[downhill:cd-read-yield] return=0x23147c
[downhill:release-wait] target=13 status_before=2 result=0 return=0x23149c
[ps2xIOP] [IOP printf] snd_InitVAGStreaming: Couldn't allocate IOP memory for stream buffers!

[ps2xIOP] [IOP printf]                       buffer_size = %d

[ps2xIOP] [IOP printf]                          channels = %d

[ps2xIOP] [IOP printf] --------------------------------------------------------------------

[ps2xIOP] [IOP printf] IOP MEM: bytes free         -> 0x%8.8x (%d)

[ps2xIOP] [IOP printf]          largest free block -> 0x%8.8x (%d)

[ps2xIOP] [IOP printf] --------------------------------------------------------------------

[ps2xIOP] [IOP printf] snd_PlayVAGStreamByLoc: VAG Streaming not inited!

[performance] host_tick=8640 host_hz=59.9677 ee_clock_ratio=0.529258 ee_cycle=41858686314
[boot-snapshot] host_tick=8640 running=1 thread=1:pc=0x1b4648:ra=0x1ebeec:priority=0:status=0:wait=0:wait_id=0
[performance] host_tick=8760 host_hz=59.9936 ee_clock_ratio=0.658277 ee_cycle=42246994906
[boot-snapshot] host_tick=8760 running=1 thread=1:pc=0x1b4648:ra=0x1ebeec:priority=0:status=0:wait=0:wait_id=0
[performance] host_tick=8880 host_hz=59.9819 ee_clock_ratio=0.666479 ee_cycle=42640218842
[boot-snapshot] host_tick=8880 running=1 thread=1:pc=0x1b4648:ra=0x1ebeec:priority=0:status=0:wait=0:wait_id=0
[performance] host_tick=9000 host_hz=59.6012 ee_clock_ratio=0.637415 ee_cycle=43018696874
[boot-snapshot] host_tick=9000 running=1 thread=1:pc=0x1b4648:ra=0x1ebeec:priority=0:status=0:wait=0:wait_id=0
[performance] host_tick=9120 host_hz=59.9673 ee_clock_ratio=0.649659 ee_cycle=43402090186
[boot-snapshot] host_tick=9120 running=1 thread=1:pc=0x1b4648:ra=0x1ebeec:priority=0:status=0:wait=0:wait_id=0
[performance] host_tick=9240 host_hz=59.9593 ee_clock_ratio=0.632917 ee_cycle=43775652906
[boot-snapshot] host_tick=9240 running=1 thread=1:pc=0x1b4648:ra=0x1ebeec:priority=0:status=0:wait=0:wait_id=0
[performance] host_tick=9360 host_hz=59.7433 ee_clock_ratio=0.638934 ee_cycle=44154130938
[boot-snapshot] host_tick=9360 running=1 thread=1:pc=0x1b4648:ra=0x1ebeec:priority=0:status=0:wait=0:wait_id=0
[performance] host_tick=9480 host_hz=59.8345 ee_clock_ratio=0.664841 ee_cycle=44547354842
[boot-snapshot] host_tick=9480 running=1 thread=1:pc=0x1b4648:ra=0x1ebeec:priority=0:status=0:wait=0:wait_id=0
[performance] host_tick=9600 host_hz=59.9678 ee_clock_ratio=0.657993 ee_cycle=44935663466
[boot-snapshot] host_tick=9600 running=1 thread=1:pc=0x1b4648:ra=0x1ebeec:priority=0:status=0:wait=0:wait_id=0
[performance] host_tick=9720 host_hz=59.8891 ee_clock_ratio=0.632176 ee_cycle=45309226186
[boot-snapshot] host_tick=9720 running=1 thread=1:pc=0x1b4648:ra=0x1ebeec:priority=0:status=0:wait=0:wait_id=0
[performance] host_tick=9840 host_hz=59.9607 ee_clock_ratio=0.6829 ee_cycle=45712280714
[boot-snapshot] host_tick=9840 running=1 thread=1:pc=0x1b4648:ra=0x1ebeec:priority=0:status=0:wait=0:wait_id=0
[performance] host_tick=9960 host_hz=59.9935 ee_clock_ratio=0.674941 ee_cycle=46110419930
[boot-snapshot] host_tick=9960 running=1 thread=1:pc=0x1b4648:ra=0x1ebeec:priority=0:status=0:wait=0:wait_id=0
[performance] host_tick=10080 host_hz=59.9908 ee_clock_ratio=0.683242 ee_cycle=46513474458
[boot-snapshot] host_tick=10080 running=1 thread=1:pc=0x1b4648:ra=0x1ebeec:priority=0:status=0:wait=0:wait_id=0
[performance] host_tick=10200 host_hz=59.9707 ee_clock_ratio=0.708002 ee_cycle=46931274858
[boot-snapshot] host_tick=10200 running=1 thread=1:pc=0x1b4648:ra=0x1ebeec:priority=0:status=0:wait=0:wait_id=0
[performance] host_tick=10320 host_hz=59.8925 ee_clock_ratio=0.673805 ee_cycle=47329414074
[boot-snapshot] host_tick=10320 running=1 thread=1:pc=0x1b4648:ra=0x1ebeec:priority=0:status=0:wait=0:wait_id=0
[performance] host_tick=10440 host_hz=59.9809 ee_clock_ratio=0.674799 ee_cycle=47727553290
[boot-snapshot] host_tick=10440 running=1 thread=1:pc=0x1b4648:ra=0x1ebeec:priority=0:status=0:wait=0:wait_id=0
[performance] host_tick=10560 host_hz=59.9672 ee_clock_ratio=0.699632 ee_cycle=48140438410
[boot-snapshot] host_tick=10560 running=1 thread=1:pc=0x1b4648:ra=0x1ebeec:priority=0:status=0:wait=0:wait_id=0
[performance] host_tick=10680 host_hz=59.9458 ee_clock_ratio=0.691056 ee_cycle=48548408250
[boot-snapshot] host_tick=10680 running=1 thread=1:pc=0x1b4648:ra=0x1ebeec:priority=0:status=0:wait=0:wait_id=0
[performance] host_tick=10800 host_hz=59.941 ee_clock_ratio=0.691001 ee_cycle=48956378058
[boot-snapshot] host_tick=10800 running=1 thread=1:pc=0x1b4648:ra=0x1ebeec:priority=0:status=0:wait=0:wait_id=0
[performance] host_tick=10920 host_hz=59.9604 ee_clock_ratio=0.66624 ee_cycle=49349601962
[boot-snapshot] host_tick=10920 running=1 thread=1:pc=0x1b4648:ra=0x1ebeec:priority=0:status=0:wait=0:wait_id=0
[performance] host_tick=11040 host_hz=59.9931 ee_clock_ratio=0.691601 ee_cycle=49757571802
[boot-snapshot] host_tick=11040 running=1 thread=1:pc=0x1b4648:ra=0x1ebeec:priority=0:status=0:wait=0:wait_id=0
[performance] host_tick=11160 host_hz=59.8659 ee_clock_ratio=0.690135 ee_cycle=50165541610
[boot-snapshot] host_tick=11160 running=1 thread=1:pc=0x1b4648:ra=0x1ebeec:priority=0:status=0:wait=0:wait_id=0
[performance] host_tick=11280 host_hz=59.8574 ee_clock_ratio=0.681723 ee_cycle=50568596138
[boot-snapshot] host_tick=11280 running=1 thread=1:pc=0x1b4648:ra=0x1ebeec:priority=0:status=0:wait=0:wait_id=0
[performance] host_tick=11400 host_hz=59.9833 ee_clock_ratio=0.691488 ee_cycle=50976565946
[boot-snapshot] host_tick=11400 running=1 thread=1:pc=0x1b4648:ra=0x1ebeec:priority=0:status=0:wait=0:wait_id=0
[performance] host_tick=11520 host_hz=59.977 ee_clock_ratio=0.674755 ee_cycle=51374705162
[boot-snapshot] host_tick=11520 running=1 thread=1:pc=0x1b4648:ra=0x1ebeec:priority=0:status=0:wait=0:wait_id=0
[performance] host_tick=11640 host_hz=59.986 ee_clock_ratio=0.674856 ee_cycle=51772844378
[boot-snapshot] host_tick=11640 running=1 thread=1:pc=0x1b4648:ra=0x1ebeec:priority=0:status=0:wait=0:wait_id=0
[performance] host_tick=11760 host_hz=59.9001 ee_clock_ratio=0.640611 ee_cycle=52151322410
[boot-snapshot] host_tick=11760 running=1 thread=1:pc=0x1b4648:ra=0x1ebeec:priority=0:status=0:wait=0:wait_id=0
[performance] host_tick=11880 host_hz=59.5558 ee_clock_ratio=0.661744 ee_cycle=52544546314
[boot-snapshot] host_tick=11880 running=1 thread=1:pc=0x1b4648:ra=0x1ebeec:priority=0:status=0:wait=0:wait_id=0
[performance] host_tick=12000 host_hz=59.9785 ee_clock_ratio=0.674772 ee_cycle=52942685530
[boot-snapshot] host_tick=12000 running=1 thread=1:pc=0x1b4648:ra=0x1ebeec:priority=0:status=0:wait=0:wait_id=0
[performance] host_tick=12120 host_hz=59.9603 ee_clock_ratio=0.666239 ee_cycle=53335909466
[boot-snapshot] host_tick=12120 running=1 thread=1:pc=0x1b4648:ra=0x1ebeec:priority=0:status=0:wait=0:wait_id=0
[performance] host_tick=12240 host_hz=59.9843 ee_clock_ratio=0.666506 ee_cycle=53729133370
[boot-snapshot] host_tick=12240 running=1 thread=1:pc=0x1b4648:ra=0x1ebeec:priority=0:status=0:wait=0:wait_id=0
[performance] host_tick=12360 host_hz=59.9291 ee_clock_ratio=0.690863 ee_cycle=54137103210
[boot-snapshot] host_tick=12360 running=1 thread=1:pc=0x1b4648:ra=0x1ebeec:priority=0:status=0:wait=0:wait_id=0
[performance] host_tick=12480 host_hz=59.6734 ee_clock_ratio=0.663051 ee_cycle=54530327114
[boot-snapshot] host_tick=12480 running=1 thread=1:pc=0x1b4648:ra=0x1ebeec:priority=0:status=0:wait=0:wait_id=0
[performance] host_tick=12600 host_hz=59.8016 ee_clock_ratio=0.65617 ee_cycle=54918635738
[boot-snapshot] host_tick=12600 running=1 thread=1:pc=0x1b4648:ra=0x1ebeec:priority=0:status=0:wait=0:wait_id=0
[performance] host_tick=12720 host_hz=59.9706 ee_clock_ratio=0.658025 ee_cycle=55306944362
[boot-snapshot] host_tick=12720 running=1 thread=1:pc=0x1b4648:ra=0x1ebeec:priority=0:status=0:wait=0:wait_id=0
[performance] host_tick=12840 host_hz=59.7223 ee_clock_ratio=0.663595 ee_cycle=55700168298
[boot-snapshot] host_tick=12840 running=1 thread=1:pc=0x1b4648:ra=0x1ebeec:priority=0:status=0:wait=0:wait_id=0
[performance] host_tick=12960 host_hz=59.8415 ee_clock_ratio=0.656608 ee_cycle=56088476890
[boot-snapshot] host_tick=12960 running=1 thread=1:pc=0x1b4648:ra=0x1ebeec:priority=0:status=0:wait=0:wait_id=0
[performance] host_tick=13080 host_hz=59.6175 ee_clock_ratio=0.654149 ee_cycle=56476785514
[boot-snapshot] host_tick=13080 running=1 thread=1:pc=0x1b4648:ra=0x1ebeec:priority=0:status=0:wait=0:wait_id=0
[performance] host_tick=13200 host_hz=59.9156 ee_clock_ratio=0.665742 ee_cycle=56870009450
[boot-snapshot] host_tick=13200 running=1 thread=1:pc=0x1b4648:ra=0x1ebeec:priority=0:status=0:wait=0:wait_id=0
[performance] host_tick=13320 host_hz=59.3933 ee_clock_ratio=0.659939 ee_cycle=57263233354
[boot-snapshot] host_tick=13320 running=1 thread=1:pc=0x1b4648:ra=0x1ebeec:priority=0:status=0:wait=0:wait_id=0
[performance] host_tick=13440 host_hz=59.2107 ee_clock_ratio=0.649686 ee_cycle=57651541978
[boot-snapshot] host_tick=13440 running=1 thread=1:pc=0x1b4648:ra=0x1ebeec:priority=0:status=0:wait=0:wait_id=0
[performance] host_tick=13560 host_hz=59.3672 ee_clock_ratio=0.667894 ee_cycle=58049681194
[boot-snapshot] host_tick=13560 running=1 thread=1:pc=0x1b4648:ra=0x1ebeec:priority=0:status=0:wait=0:wait_id=0
[performance] host_tick=13680 host_hz=59.9631 ee_clock_ratio=0.649613 ee_cycle=58433074538
[boot-snapshot] host_tick=13680 running=1 thread=1:pc=0x1b4648:ra=0x1ebeec:priority=0:status=0:wait=0:wait_id=0
[performance] host_tick=13800 host_hz=59.937 ee_clock_ratio=0.66598 ee_cycle=58826298442
[boot-snapshot] host_tick=13800 running=1 thread=1:pc=0x1b4648:ra=0x1ebeec:priority=0:status=0:wait=0:wait_id=0
[performance] host_tick=13920 host_hz=59.8924 ee_clock_ratio=0.657165 ee_cycle=59214607066
[boot-snapshot] host_tick=13920 running=1 thread=1:pc=0x1b4648:ra=0x1ebeec:priority=0:status=0:wait=0:wait_id=0
[performance] host_tick=14040 host_hz=59.9453 ee_clock_ratio=0.64942 ee_cycle=59598000378
[boot-snapshot] host_tick=14040 running=1 thread=1:pc=0x1b4648:ra=0x1ebeec:priority=0:status=0:wait=0:wait_id=0
[performance] host_tick=14160 host_hz=59.9713 ee_clock_ratio=0.666361 ee_cycle=59991224314
[boot-snapshot] host_tick=14160 running=1 thread=1:pc=0x1b4648:ra=0x1ebeec:priority=0:status=0:wait=0:wait_id=0
[performance] host_tick=14280 host_hz=59.8729 ee_clock_ratio=0.64032 ee_cycle=60369702346
[boot-snapshot] host_tick=14280 running=1 thread=1:pc=0x1b4648:ra=0x1ebeec:priority=0:status=0:wait=0:wait_id=0
