[guest-branch:missing-target] kind=Return op=JR $ra source=0x25ef70 target=0x0 pc=0x0 ra=0x0 sp=0x1fffff0 gp=0x2a40f0 a0=0x8001218c a1=0x80080000 a2=0x25ef38 a3=0x29e580 s0=0x282218 s1=0x0 v0=0x8001218c v1=0x83 a0Readable=no a0[0]=0x0 a0[4]=0x0 a0[8]=0x0 a0[c]=0x0 s0Readable=yes s0[0]=0x83 s0[4]=0x25ef38 s0[8]=0x5a s0[c]=0x25ef00 recordReadable=yes record[0]=0x8c820000 record[4]=0x1046000b record[8]=0x85102b record[c]=0x5040000a vtableReadable=no vtbl[0]=0x0 vtbl[4]=0x0 vtbl[8]=0x0 vtbl[c]=0x0 codeRegion=no policy=1 trace=0x10a008 -> 0x10a12c -> 0x10a12c -> 0x10a12c -> 0x10a12c -> 0x25f0a0 -> 0x25eeb8 -> 0x25a6e0 -> 0x25a6e0 -> 0x25ef90 -> 0x25f090 -> 0x25f090 -> 0x25ef78 -> 0x25ef38
[boot-snapshot] host_tick=120 running=0 thread=1:pc=0x238c50:ra=0x238c50:priority=0:status=2:wait=4:wait_id=0 thread=2:pc=0x2243c0:ra=0x0:priority=1:status=2:wait=4:wait_id=0 thread=3:pc=0x224058:ra=0x23c4e0:priority=1:status=2:wait=4:wait_id=0
[boot-snapshot] host_tick=240 running=0 thread=1:pc=0x238c50:ra=0x238c50:priority=0:status=2:wait=4:wait_id=0 thread=2:pc=0x2243c0:ra=0x0:priority=1:status=2:wait=4:wait_id=0 thread=3:pc=0x224058:ra=0x23c4e0:priority=1:status=2:wait=4:wait_id=0
[boot-snapshot] host_tick=360 running=0 thread=1:pc=0x238c50:ra=0x238c50:priority=0:status=2:wait=4:wait_id=0 thread=4:pc=0x2243c0:ra=0x0:priority=1:status=2:wait=4:wait_id=0 thread=5:pc=0x224058:ra=0x23c4e0:priority=1:status=2:wait=4:wait_id=0
[boot-snapshot] host_tick=480 running=0 thread=1:pc=0x238c50:ra=0x238c50:priority=0:status=2:wait=4:wait_id=0 thread=4:pc=0x2243c0:ra=0x0:priority=1:status=2:wait=4:wait_id=0 thread=5:pc=0x224058:ra=0x23c4e0:priority=1:status=2:wait=4:wait_id=0
[boot-snapshot] host_tick=600 running=0 thread=1:pc=0x238c50:ra=0x238c50:priority=0:status=2:wait=4:wait_id=0 thread=4:pc=0x2243c0:ra=0x0:priority=1:status=2:wait=4:wait_id=0 thread=5:pc=0x224058:ra=0x23c4e0:priority=1:status=2:wait=4:wait_id=0
[downhill:resource-return] call=1 anomaly=0 thread=1 routine=0x203d18 entry_pc=0x203d18 entry_sp=0x93c9a0 entry_ra=0x20394c frame=0x93c980 a0=0x93c9a0 a1=0x0 expected_sp=0x93c9a0 expected_ra=0x20394c saved_before=0x93c9a0 saved_after=0x20394c exit_pc=0x20394c exit_ra=0x20394c exit_sp=0x93c9a0 branch_pc=0x203dc0
[downhill:resource-return] call=1 anomaly=0 thread=1 routine=0x204ce0 entry_pc=0x204ce0 entry_sp=0x93c8e0 entry_ra=0x204c9c frame=0x93c8d0 a0=0x101144 a1=0x101180 expected_sp=0x93c8e0 expected_ra=0x204c9c saved_before=0xffc00000 saved_after=0x204c9c exit_pc=0x204c9c exit_ra=0x204c9c exit_sp=0x93c8e0 branch_pc=0x204e40
[downhill:resource-return] call=1 anomaly=0 thread=1 routine=0x204c40 entry_pc=0x204c40 entry_sp=0x93c8f0 entry_ra=0x206b3c frame=0x93c8e0 a0=0x101144 a1=0x101180 expected_sp=0x93c8f0 expected_ra=0x206b3c saved_before=0x0 saved_after=0x206b3c exit_pc=0x206b3c exit_ra=0x206b3c exit_sp=0x93c8f0 branch_pc=0x204cd4
[downhill:resource-return] call=2 anomaly=0 thread=1 routine=0x204ce0 entry_pc=0x204ce0 entry_sp=0x93c8e0 entry_ra=0x204c9c frame=0x93c8d0 a0=0x101144 a1=0x101180 expected_sp=0x93c8e0 expected_ra=0x204c9c saved_before=0x204c9c saved_after=0x204c9c exit_pc=0x204c9c exit_ra=0x204c9c exit_sp=0x93c8e0 branch_pc=0x204e40
[downhill:resource-return] call=2 anomaly=0 thread=1 routine=0x204c40 entry_pc=0x204c40 entry_sp=0x93c8f0 entry_ra=0x206b3c frame=0x93c8e0 a0=0x101144 a1=0x101180 expected_sp=0x93c8f0 expected_ra=0x206b3c saved_before=0x206b3c saved_after=0x206b3c exit_pc=0x206b3c exit_ra=0x206b3c exit_sp=0x93c8f0 branch_pc=0x204cd4
[downhill:resource-return] call=3 anomaly=0 thread=1 routine=0x204ce0 entry_pc=0x204ce0 entry_sp=0x93c8e0 entry_ra=0x204c9c frame=0x93c8d0 a0=0x101144 a1=0x101180 expected_sp=0x93c8e0 expected_ra=0x204c9c saved_before=0x204c9c saved_after=0x204c9c exit_pc=0x204c9c exit_ra=0x204c9c exit_sp=0x93c8e0 branch_pc=0x204e40
[downhill:resource-return] call=3 anomaly=0 thread=1 routine=0x204c40 entry_pc=0x204c40 entry_sp=0x93c8f0 entry_ra=0x206b3c frame=0x93c8e0 a0=0x101144 a1=0x101180 expected_sp=0x93c8f0 expected_ra=0x206b3c saved_before=0x206b3c saved_after=0x206b3c exit_pc=0x206b3c exit_ra=0x206b3c exit_sp=0x93c8f0 branch_pc=0x204cd4
[downhill:resource-return] call=4 anomaly=0 thread=1 routine=0x204ce0 entry_pc=0x204ce0 entry_sp=0x93c8e0 entry_ra=0x204c9c frame=0x93c8d0 a0=0x101144 a1=0x101180 expected_sp=0x93c8e0 expected_ra=0x204c9c saved_before=0x204c9c saved_after=0x204c9c exit_pc=0x204c9c exit_ra=0x204c9c exit_sp=0x93c8e0 branch_pc=0x204e40
[downhill:resource-return] call=4 anomaly=0 thread=1 routine=0x204c40 entry_pc=0x204c40 entry_sp=0x93c8f0 entry_ra=0x206b3c frame=0x93c8e0 a0=0x101144 a1=0x101180 expected_sp=0x93c8f0 expected_ra=0x206b3c saved_before=0x206b3c saved_after=0x206b3c exit_pc=0x206b3c exit_ra=0x206b3c exit_sp=0x93c8f0 branch_pc=0x204cd4
[downhill:resource-return] call=5 anomaly=0 thread=1 routine=0x204ce0 entry_pc=0x204ce0 entry_sp=0x93c8e0 entry_ra=0x204c9c frame=0x93c8d0 a0=0x101144 a1=0x101180 expected_sp=0x93c8e0 expected_ra=0x204c9c saved_before=0x204c9c saved_after=0x204c9c exit_pc=0x204c9c exit_ra=0x204c9c exit_sp=0x93c8e0 branch_pc=0x204e40
[downhill:resource-return] call=5 anomaly=0 thread=1 routine=0x204c40 entry_pc=0x204c40 entry_sp=0x93c8f0 entry_ra=0x206b3c frame=0x93c8e0 a0=0x101144 a1=0x101180 expected_sp=0x93c8f0 expected_ra=0x206b3c saved_before=0x206b3c saved_after=0x206b3c exit_pc=0x206b3c exit_ra=0x206b3c exit_sp=0x93c8f0 branch_pc=0x204cd4
[boot-snapshot] host_tick=720 running=0 thread=1:pc=0x238c50:ra=0x238c50:priority=0:status=2:wait=4:wait_id=0
[downhill:resource-return] call=6 anomaly=0 thread=1 routine=0x204ce0 entry_pc=0x204ce0 entry_sp=0x93c8e0 entry_ra=0x204c9c frame=0x93c8d0 a0=0x101144 a1=0x101180 expected_sp=0x93c8e0 expected_ra=0x204c9c saved_before=0x204c9c saved_after=0x204c9c exit_pc=0x204c9c exit_ra=0x204c9c exit_sp=0x93c8e0 branch_pc=0x204e40
[downhill:resource-return] call=6 anomaly=0 thread=1 routine=0x204c40 entry_pc=0x204c40 entry_sp=0x93c8f0 entry_ra=0x206b3c frame=0x93c8e0 a0=0x101144 a1=0x101180 expected_sp=0x93c8f0 expected_ra=0x206b3c saved_before=0x206b3c saved_after=0x206b3c exit_pc=0x206b3c exit_ra=0x206b3c exit_sp=0x93c8f0 branch_pc=0x204cd4
[downhill:resource-return] call=7 anomaly=0 thread=1 routine=0x204ce0 entry_pc=0x204ce0 entry_sp=0x93c8e0 entry_ra=0x204c9c frame=0x93c8d0 a0=0x101144 a1=0x101180 expected_sp=0x93c8e0 expected_ra=0x204c9c saved_before=0x204c9c saved_after=0x204c9c exit_pc=0x204c9c exit_ra=0x204c9c exit_sp=0x93c8e0 branch_pc=0x204e40
[downhill:resource-return] call=7 anomaly=0 thread=1 routine=0x204c40 entry_pc=0x204c40 entry_sp=0x93c8f0 entry_ra=0x206b3c frame=0x93c8e0 a0=0x101144 a1=0x101180 expected_sp=0x93c8f0 expected_ra=0x206b3c saved_before=0x206b3c saved_after=0x206b3c exit_pc=0x206b3c exit_ra=0x206b3c exit_sp=0x93c8f0 branch_pc=0x204cd4
[downhill:resource-return] call=8 anomaly=0 thread=1 routine=0x204ce0 entry_pc=0x204ce0 entry_sp=0x93c8e0 entry_ra=0x204c9c frame=0x93c8d0 a0=0x101144 a1=0x101180 expected_sp=0x93c8e0 expected_ra=0x204c9c saved_before=0x204c9c saved_after=0x204c9c exit_pc=0x204c9c exit_ra=0x204c9c exit_sp=0x93c8e0 branch_pc=0x204e40
[downhill:resource-return] call=8 anomaly=0 thread=1 routine=0x204c40 entry_pc=0x204c40 entry_sp=0x93c8f0 entry_ra=0x206b3c frame=0x93c8e0 a0=0x101144 a1=0x101180 expected_sp=0x93c8f0 expected_ra=0x206b3c saved_before=0x206b3c saved_after=0x206b3c exit_pc=0x206b3c exit_ra=0x206b3c exit_sp=0x93c8f0 branch_pc=0x204cd4
[boot-snapshot] host_tick=840 running=10 thread=1:pc=0x25a728:ra=0x23144c:priority=0:status=2:wait=2:wait_id=9 thread=10:pc=0x25a708:ra=0x254fdc:priority=2:status=0:wait=0:wait_id=0
[boot-snapshot] host_tick=960 running=12 thread=1:pc=0x25a728:ra=0x23144c:priority=0:status=2:wait=2:wait_id=28 thread=12:pc=0x2400b0:ra=0x240294:priority=2:status=0:wait=0:wait_id=0
[downhill:resource-return] call=2 anomaly=0 thread=1 routine=0x203d18 entry_pc=0x203d18 entry_sp=0x93c8b0 entry_ra=0x203af4 frame=0x93c890 a0=0x93c8b0 a1=0x1 expected_sp=0x93c8b0 expected_ra=0x203af4 saved_before=0x279464 saved_after=0x203af4 exit_pc=0x203af4 exit_ra=0x203af4 exit_sp=0x93c8b0 branch_pc=0x203dc0
[downhill:resource-return] call=3 anomaly=0 thread=1 routine=0x203d18 entry_pc=0x203d18 entry_sp=0x93c8b0 entry_ra=0x203af4 frame=0x93c890 a0=0x93c8b0 a1=0x1 expected_sp=0x93c8b0 expected_ra=0x203af4 saved_before=0x736c80 saved_after=0x203af4 exit_pc=0x203af4 exit_ra=0x203af4 exit_sp=0x93c8b0 branch_pc=0x203dc0
[downhill:resource-return] call=4 anomaly=0 thread=1 routine=0x203d18 entry_pc=0x203d18 entry_sp=0x93c8b0 entry_ra=0x203af4 frame=0x93c890 a0=0x93c8b0 a1=0x1 expected_sp=0x93c8b0 expected_ra=0x203af4 saved_before=0x736c80 saved_after=0x203af4 exit_pc=0x203af4 exit_ra=0x203af4 exit_sp=0x93c8b0 branch_pc=0x203dc0
[downhill:resource-return] call=5 anomaly=0 thread=1 routine=0x203d18 entry_pc=0x203d18 entry_sp=0x93c8b0 entry_ra=0x203af4 frame=0x93c890 a0=0x93c8b0 a1=0x1 expected_sp=0x93c8b0 expected_ra=0x203af4 saved_before=0x736c80 saved_after=0x203af4 exit_pc=0x203af4 exit_ra=0x203af4 exit_sp=0x93c8b0 branch_pc=0x203dc0
[downhill:resource-return] call=6 anomaly=0 thread=1 routine=0x203d18 entry_pc=0x203d18 entry_sp=0x93c8b0 entry_ra=0x203af4 frame=0x93c890 a0=0x93c8b0 a1=0x1 expected_sp=0x93c8b0 expected_ra=0x203af4 saved_before=0x736c80 saved_after=0x203af4 exit_pc=0x203af4 exit_ra=0x203af4 exit_sp=0x93c8b0 branch_pc=0x203dc0
[downhill:resource-return] call=7 anomaly=0 thread=1 routine=0x203d18 entry_pc=0x203d18 entry_sp=0x93c8b0 entry_ra=0x203af4 frame=0x93c890 a0=0x93c8b0 a1=0x1 expected_sp=0x93c8b0 expected_ra=0x203af4 saved_before=0x736c80 saved_after=0x203af4 exit_pc=0x203af4 exit_ra=0x203af4 exit_sp=0x93c8b0 branch_pc=0x203dc0
[downhill:resource-return] call=8 anomaly=0 thread=1 routine=0x203d18 entry_pc=0x203d18 entry_sp=0x93c8b0 entry_ra=0x203af4 frame=0x93c890 a0=0x93c8b0 a1=0x1 expected_sp=0x93c8b0 expected_ra=0x203af4 saved_before=0x736c80 saved_after=0x203af4 exit_pc=0x203af4 exit_ra=0x203af4 exit_sp=0x93c8b0 branch_pc=0x203dc0
[downhill:resource-return] call=9 anomaly=0 thread=1 routine=0x203d18 entry_pc=0x203d18 entry_sp=0x93c8b0 entry_ra=0x203af4 frame=0x93c890 a0=0x93c8b0 a1=0x1 expected_sp=0x93c8b0 expected_ra=0x203af4 saved_before=0x4 saved_after=0x203af4 exit_pc=0x203af4 exit_ra=0x203af4 exit_sp=0x93c8b0 branch_pc=0x203dc0
[downhill:resource-return] call=10 anomaly=0 thread=1 routine=0x203d18 entry_pc=0x203d18 entry_sp=0x93c8e0 entry_ra=0x20394c frame=0x93c8c0 a0=0x93c8e0 a1=0x10311cc expected_sp=0x93c8e0 expected_ra=0x20394c saved_before=0x93c8e0 saved_after=0x20394c exit_pc=0x20394c exit_ra=0x20394c exit_sp=0x93c8e0 branch_pc=0x203dc0
[downhill:resource-return] call=11 anomaly=0 thread=1 routine=0x203d18 entry_pc=0x203d18 entry_sp=0x93c950 entry_ra=0x20394c frame=0x93c930 a0=0x93c950 a1=0x0 expected_sp=0x93c950 expected_ra=0x20394c saved_before=0x93c950 saved_after=0x20394c exit_pc=0x20394c exit_ra=0x20394c exit_sp=0x93c950 branch_pc=0x203dc0
[downhill:resource-return] call=12 anomaly=0 thread=1 routine=0x203d18 entry_pc=0x203d18 entry_sp=0x93c950 entry_ra=0x20394c frame=0x93c930 a0=0x93c950 a1=0x0 expected_sp=0x93c950 expected_ra=0x20394c saved_before=0x93c950 saved_after=0x20394c exit_pc=0x20394c exit_ra=0x20394c exit_sp=0x93c950 branch_pc=0x203dc0
[downhill:resource-return] call=13 anomaly=0 thread=1 routine=0x203d18 entry_pc=0x203d18 entry_sp=0x93c950 entry_ra=0x20394c frame=0x93c930 a0=0x93c950 a1=0x0 expected_sp=0x93c950 expected_ra=0x20394c saved_before=0x93c950 saved_after=0x20394c exit_pc=0x20394c exit_ra=0x20394c exit_sp=0x93c950 branch_pc=0x203dc0
[downhill:resource-return] call=14 anomaly=0 thread=1 routine=0x203d18 entry_pc=0x203d18 entry_sp=0x93c950 entry_ra=0x20394c frame=0x93c930 a0=0x93c950 a1=0x0 expected_sp=0x93c950 expected_ra=0x20394c saved_before=0x93c950 saved_after=0x20394c exit_pc=0x20394c exit_ra=0x20394c exit_sp=0x93c950 branch_pc=0x203dc0
[downhill:resource-return] call=15 anomaly=0 thread=1 routine=0x203d18 entry_pc=0x203d18 entry_sp=0x93c950 entry_ra=0x20394c frame=0x93c930 a0=0x93c950 a1=0x0 expected_sp=0x93c950 expected_ra=0x20394c saved_before=0x93c950 saved_after=0x20394c exit_pc=0x20394c exit_ra=0x20394c exit_sp=0x93c950 branch_pc=0x203dc0
[downhill:resource-return] call=16 anomaly=0 thread=1 routine=0x203d18 entry_pc=0x203d18 entry_sp=0x93c950 entry_ra=0x20394c frame=0x93c930 a0=0x93c950 a1=0x0 expected_sp=0x93c950 expected_ra=0x20394c saved_before=0x93c950 saved_after=0x20394c exit_pc=0x20394c exit_ra=0x20394c exit_sp=0x93c950 branch_pc=0x203dc0
[downhill:resource-return] call=32 anomaly=0 thread=1 routine=0x203d18 entry_pc=0x203d18 entry_sp=0x93c970 entry_ra=0x20394c frame=0x93c950 a0=0x93c970 a1=0x0 expected_sp=0x93c970 expected_ra=0x20394c saved_before=0x93c970 saved_after=0x20394c exit_pc=0x20394c exit_ra=0x20394c exit_sp=0x93c970 branch_pc=0x203dc0
[downhill:resource-return] call=9 anomaly=0 thread=1 routine=0x204ce0 entry_pc=0x204ce0 entry_sp=0x93c910 entry_ra=0x204c9c frame=0x93c900 a0=0xaa4834 a1=0xaa4870 expected_sp=0x93c910 expected_ra=0x204c9c saved_before=0x4b25dc saved_after=0x204c9c exit_pc=0x204c9c exit_ra=0x204c9c exit_sp=0x93c910 branch_pc=0x204e40
[downhill:resource-return] call=9 anomaly=0 thread=1 routine=0x204c40 entry_pc=0x204c40 entry_sp=0x93c920 entry_ra=0x206b3c frame=0x93c910 a0=0xaa4834 a1=0xaa4870 expected_sp=0x93c920 expected_ra=0x206b3c saved_before=0x4b2a90 saved_after=0x206b3c exit_pc=0x206b3c exit_ra=0x206b3c exit_sp=0x93c920 branch_pc=0x204cd4
[downhill:resource-return] call=10 anomaly=0 thread=1 routine=0x204ce0 entry_pc=0x204ce0 entry_sp=0x93c910 entry_ra=0x204c9c frame=0x93c900 a0=0xaa6ffc a1=0xaa7e10 expected_sp=0x93c910 expected_ra=0x204c9c saved_before=0x204c9c saved_after=0x204c9c exit_pc=0x204c9c exit_ra=0x204c9c exit_sp=0x93c910 branch_pc=0x204e40
[downhill:resource-return] call=10 anomaly=0 thread=1 routine=0x204c40 entry_pc=0x204c40 entry_sp=0x93c920 entry_ra=0x206b3c frame=0x93c910 a0=0xaa6ffc a1=0xaa7e10 expected_sp=0x93c920 expected_ra=0x206b3c saved_before=0x206b3c saved_after=0x206b3c exit_pc=0x206b3c exit_ra=0x206b3c exit_sp=0x93c920 branch_pc=0x204cd4
[downhill:resource-return] call=11 anomaly=0 thread=1 routine=0x204ce0 entry_pc=0x204ce0 entry_sp=0x93c910 entry_ra=0x204c9c frame=0x93c900 a0=0xb1d224 a1=0xb1d260 expected_sp=0x93c910 expected_ra=0x204c9c saved_before=0x204c9c saved_after=0x204c9c exit_pc=0x204c9c exit_ra=0x204c9c exit_sp=0x93c910 branch_pc=0x204e40
[downhill:resource-return] call=11 anomaly=0 thread=1 routine=0x204c40 entry_pc=0x204c40 entry_sp=0x93c920 entry_ra=0x206b3c frame=0x93c910 a0=0xb1d224 a1=0xb1d260 expected_sp=0x93c920 expected_ra=0x206b3c saved_before=0x206b3c saved_after=0x206b3c exit_pc=0x206b3c exit_ra=0x206b3c exit_sp=0x93c920 branch_pc=0x204cd4
[downhill:resource-return] call=12 anomaly=0 thread=1 routine=0x204ce0 entry_pc=0x204ce0 entry_sp=0x93c910 entry_ra=0x204c9c frame=0x93c900 a0=0xb998c4 a1=0xb99900 expected_sp=0x93c910 expected_ra=0x204c9c saved_before=0x204c9c saved_after=0x204c9c exit_pc=0x204c9c exit_ra=0x204c9c exit_sp=0x93c910 branch_pc=0x204e40
[downhill:resource-return] call=12 anomaly=0 thread=1 routine=0x204c40 entry_pc=0x204c40 entry_sp=0x93c920 entry_ra=0x206b3c frame=0x93c910 a0=0xb998c4 a1=0xb99900 expected_sp=0x93c920 expected_ra=0x206b3c saved_before=0x206b3c saved_after=0x206b3c exit_pc=0x206b3c exit_ra=0x206b3c exit_sp=0x93c920 branch_pc=0x204cd4
[downhill:resource-return] call=13 anomaly=0 thread=1 routine=0x204ce0 entry_pc=0x204ce0 entry_sp=0x93c910 entry_ra=0x204c9c frame=0x93c900 a0=0xc271e4 a1=0xc272a0 expected_sp=0x93c910 expected_ra=0x204c9c saved_before=0x204c9c saved_after=0x204c9c exit_pc=0x204c9c exit_ra=0x204c9c exit_sp=0x93c910 branch_pc=0x204e40
[downhill:resource-return] call=13 anomaly=0 thread=1 routine=0x204c40 entry_pc=0x204c40 entry_sp=0x93c920 entry_ra=0x206b3c frame=0x93c910 a0=0xc271e4 a1=0xc272a0 expected_sp=0x93c920 expected_ra=0x206b3c saved_before=0x206b3c saved_after=0x206b3c exit_pc=0x206b3c exit_ra=0x206b3c exit_sp=0x93c920 branch_pc=0x204cd4
[downhill:resource-return] call=14 anomaly=0 thread=1 routine=0x204ce0 entry_pc=0x204ce0 entry_sp=0x93c910 entry_ra=0x204c9c frame=0x93c900 a0=0xc53b10 a1=0xc53bd0 expected_sp=0x93c910 expected_ra=0x204c9c saved_before=0x204c9c saved_after=0x204c9c exit_pc=0x204c9c exit_ra=0x204c9c exit_sp=0x93c910 branch_pc=0x204e40
[downhill:resource-return] call=14 anomaly=0 thread=1 routine=0x204c40 entry_pc=0x204c40 entry_sp=0x93c920 entry_ra=0x206b3c frame=0x93c910 a0=0xc53b10 a1=0xc53bd0 expected_sp=0x93c920 expected_ra=0x206b3c saved_before=0x206b3c saved_after=0x206b3c exit_pc=0x206b3c exit_ra=0x206b3c exit_sp=0x93c920 branch_pc=0x204cd4
[downhill:resource-return] call=15 anomaly=0 thread=1 routine=0x204ce0 entry_pc=0x204ce0 entry_sp=0x93c910 entry_ra=0x204c9c frame=0x93c900 a0=0xd14680 a1=0xd14740 expected_sp=0x93c910 expected_ra=0x204c9c saved_before=0x204c9c saved_after=0x204c9c exit_pc=0x204c9c exit_ra=0x204c9c exit_sp=0x93c910 branch_pc=0x204e40
[downhill:resource-return] call=15 anomaly=0 thread=1 routine=0x204c40 entry_pc=0x204c40 entry_sp=0x93c920 entry_ra=0x206b3c frame=0x93c910 a0=0xd14680 a1=0xd14740 expected_sp=0x93c920 expected_ra=0x206b3c saved_before=0x206b3c saved_after=0x206b3c exit_pc=0x206b3c exit_ra=0x206b3c exit_sp=0x93c920 branch_pc=0x204cd4
[downhill:resource-return] call=16 anomaly=0 thread=1 routine=0x204ce0 entry_pc=0x204ce0 entry_sp=0x93c910 entry_ra=0x204c9c frame=0x93c900 a0=0xda512c a1=0xda51e0 expected_sp=0x93c910 expected_ra=0x204c9c saved_before=0x204c9c saved_after=0x204c9c exit_pc=0x204c9c exit_ra=0x204c9c exit_sp=0x93c910 branch_pc=0x204e40
[downhill:resource-return] call=16 anomaly=0 thread=1 routine=0x204c40 entry_pc=0x204c40 entry_sp=0x93c920 entry_ra=0x206b3c frame=0x93c910 a0=0xda512c a1=0xda51e0 expected_sp=0x93c920 expected_ra=0x206b3c saved_before=0x206b3c saved_after=0x206b3c exit_pc=0x206b3c exit_ra=0x206b3c exit_sp=0x93c920 branch_pc=0x204cd4
[downhill:resource-return] call=1 anomaly=0 thread=1 routine=0x205f40 entry_pc=0x205f40 entry_sp=0x93c8c0 entry_ra=0x2054cc frame=0x93c880 a0=0x4b25f0 a1=0x1028170 expected_sp=0x93c8c0 expected_ra=0x2054cc saved_before=0x2054bc saved_after=0x2054cc exit_pc=0x2054cc exit_ra=0x2054cc exit_sp=0x93c8c0 branch_pc=0x2061e4
[downhill:resource-return] call=2 anomaly=0 thread=1 routine=0x205f40 entry_pc=0x205f40 entry_sp=0x93c8c0 entry_ra=0x2054cc frame=0x93c880 a0=0x4b2650 a1=0x1031210 expected_sp=0x93c8c0 expected_ra=0x2054cc saved_before=0x2054bc saved_after=0x2054cc exit_pc=0x2054cc exit_ra=0x2054cc exit_sp=0x93c8c0 branch_pc=0x2061e4
[downhill:resource-return] call=32 anomaly=0 thread=1 routine=0x204ce0 entry_pc=0x204ce0 entry_sp=0x93c910 entry_ra=0x204c9c frame=0x93c900 a0=0x10ef7c0 a1=0x10ef880 expected_sp=0x93c910 expected_ra=0x204c9c saved_before=0x204c9c saved_after=0x204c9c exit_pc=0x204c9c exit_ra=0x204c9c exit_sp=0x93c910 branch_pc=0x204e40
[downhill:resource-return] call=32 anomaly=0 thread=1 routine=0x204c40 entry_pc=0x204c40 entry_sp=0x93c920 entry_ra=0x206b3c frame=0x93c910 a0=0x11f6858 a1=0x11f6910 expected_sp=0x93c920 expected_ra=0x206b3c saved_before=0x206b3c saved_after=0x206b3c exit_pc=0x206b3c exit_ra=0x206b3c exit_sp=0x93c920 branch_pc=0x204cd4
[downhill:resource-return] call=3 anomaly=0 thread=1 routine=0x205f40 entry_pc=0x205f40 entry_sp=0x93c8c0 entry_ra=0x2054cc frame=0x93c880 a0=0x4b25f0 a1=0x1028170 expected_sp=0x93c8c0 expected_ra=0x2054cc saved_before=0x2054bc saved_after=0x2054cc exit_pc=0x2054cc exit_ra=0x2054cc exit_sp=0x93c8c0 branch_pc=0x2061e4
[downhill:resource-return] call=4 anomaly=0 thread=1 routine=0x205f40 entry_pc=0x205f40 entry_sp=0x93c8c0 entry_ra=0x2054cc frame=0x93c880 a0=0x4b2650 a1=0x1031210 expected_sp=0x93c8c0 expected_ra=0x2054cc saved_before=0x2054bc saved_after=0x2054cc exit_pc=0x2054cc exit_ra=0x2054cc exit_sp=0x93c8c0 branch_pc=0x2061e4
[downhill:resource-return] call=64 anomaly=0 thread=1 routine=0x204ce0 entry_pc=0x204ce0 entry_sp=0x93c910 entry_ra=0x204c9c frame=0x93c900 a0=0x10a8dd8 a1=0x10a8e90 expected_sp=0x93c910 expected_ra=0x204c9c saved_before=0x204c9c saved_after=0x204c9c exit_pc=0x204c9c exit_ra=0x204c9c exit_sp=0x93c910 branch_pc=0x204e40
[downhill:resource-return] call=64 anomaly=0 thread=1 routine=0x204c40 entry_pc=0x204c40 entry_sp=0x93c920 entry_ra=0x206b3c frame=0x93c910 a0=0x127b5b8 a1=0x127b670 expected_sp=0x93c920 expected_ra=0x206b3c saved_before=0x206b3c saved_after=0x206b3c exit_pc=0x206b3c exit_ra=0x206b3c exit_sp=0x93c920 branch_pc=0x204cd4
[downhill:resource-return] call=5 anomaly=0 thread=1 routine=0x205f40 entry_pc=0x205f40 entry_sp=0x93c8c0 entry_ra=0x2054cc frame=0x93c880 a0=0x4b25f0 a1=0x1028170 expected_sp=0x93c8c0 expected_ra=0x2054cc saved_before=0x2054bc saved_after=0x2054cc exit_pc=0x2054cc exit_ra=0x2054cc exit_sp=0x93c8c0 branch_pc=0x2061e4
[downhill:resource-return] call=6 anomaly=0 thread=1 routine=0x205f40 entry_pc=0x205f40 entry_sp=0x93c8c0 entry_ra=0x2054cc frame=0x93c880 a0=0x4b2650 a1=0x1031210 expected_sp=0x93c8c0 expected_ra=0x2054cc saved_before=0x2054bc saved_after=0x2054cc exit_pc=0x2054cc exit_ra=0x2054cc exit_sp=0x93c8c0 branch_pc=0x2061e4
[downhill:resource-return] call=7 anomaly=0 thread=1 routine=0x205f40 entry_pc=0x205f40 entry_sp=0x93c8c0 entry_ra=0x2054cc frame=0x93c880 a0=0x4b25f0 a1=0x1028170 expected_sp=0x93c8c0 expected_ra=0x2054cc saved_before=0x2054bc saved_after=0x2054cc exit_pc=0x2054cc exit_ra=0x2054cc exit_sp=0x93c8c0 branch_pc=0x2061e4
[downhill:resource-return] call=8 anomaly=0 thread=1 routine=0x205f40 entry_pc=0x205f40 entry_sp=0x93c8c0 entry_ra=0x2054cc frame=0x93c880 a0=0x4b2650 a1=0x1031210 expected_sp=0x93c8c0 expected_ra=0x2054cc saved_before=0x2054bc saved_after=0x2054cc exit_pc=0x2054cc exit_ra=0x2054cc exit_sp=0x93c8c0 branch_pc=0x2061e4
[downhill:resource-return] call=9 anomaly=0 thread=1 routine=0x205f40 entry_pc=0x205f40 entry_sp=0x93c8c0 entry_ra=0x2054cc frame=0x93c880 a0=0x4b25f0 a1=0x1028170 expected_sp=0x93c8c0 expected_ra=0x2054cc saved_before=0x2054bc saved_after=0x2054cc exit_pc=0x2054cc exit_ra=0x2054cc exit_sp=0x93c8c0 branch_pc=0x2061e4
[downhill:resource-return] call=10 anomaly=0 thread=1 routine=0x205f40 entry_pc=0x205f40 entry_sp=0x93c8c0 entry_ra=0x2054cc frame=0x93c880 a0=0x4b2650 a1=0x1031210 expected_sp=0x93c8c0 expected_ra=0x2054cc saved_before=0x2054bc saved_after=0x2054cc exit_pc=0x2054cc exit_ra=0x2054cc exit_sp=0x93c8c0 branch_pc=0x2061e4
[downhill:resource-return] call=128 anomaly=0 thread=1 routine=0x204ce0 entry_pc=0x204ce0 entry_sp=0x93c910 entry_ra=0x204c9c frame=0x93c900 a0=0x15991d4 a1=0x1599210 expected_sp=0x93c910 expected_ra=0x204c9c saved_before=0x204c9c saved_after=0x204c9c exit_pc=0x204c9c exit_ra=0x204c9c exit_sp=0x93c910 branch_pc=0x204e40
[downhill:resource-return] call=11 anomaly=0 thread=1 routine=0x205f40 entry_pc=0x205f40 entry_sp=0x93c8c0 entry_ra=0x2054cc frame=0x93c880 a0=0x4b25f0 a1=0x1028170 expected_sp=0x93c8c0 expected_ra=0x2054cc saved_before=0x2054bc saved_after=0x2054cc exit_pc=0x2054cc exit_ra=0x2054cc exit_sp=0x93c8c0 branch_pc=0x2061e4
[downhill:resource-return] call=12 anomaly=0 thread=1 routine=0x205f40 entry_pc=0x205f40 entry_sp=0x93c8c0 entry_ra=0x2054cc frame=0x93c880 a0=0x4b2650 a1=0x1031210 expected_sp=0x93c8c0 expected_ra=0x2054cc saved_before=0x2054bc saved_after=0x2054cc exit_pc=0x2054cc exit_ra=0x2054cc exit_sp=0x93c8c0 branch_pc=0x2061e4
[downhill:resource-return] call=128 anomaly=0 thread=1 routine=0x204c40 entry_pc=0x204c40 entry_sp=0x93c920 entry_ra=0x206c10 frame=0x93c910 a0=0x4b2650 a1=0x1031210 expected_sp=0x93c920 expected_ra=0x206c10 saved_before=0x206c10 saved_after=0x206c10 exit_pc=0x206c10 exit_ra=0x206c10 exit_sp=0x93c920 branch_pc=0x204cd4
[downhill:resource-return] call=13 anomaly=0 thread=1 routine=0x205f40 entry_pc=0x205f40 entry_sp=0x93c8c0 entry_ra=0x2054cc frame=0x93c880 a0=0x4b25f0 a1=0x1028170 expected_sp=0x93c8c0 expected_ra=0x2054cc saved_before=0x2054bc saved_after=0x2054cc exit_pc=0x2054cc exit_ra=0x2054cc exit_sp=0x93c8c0 branch_pc=0x2061e4
[downhill:resource-return] call=14 anomaly=0 thread=1 routine=0x205f40 entry_pc=0x205f40 entry_sp=0x93c8c0 entry_ra=0x2054cc frame=0x93c880 a0=0x4b2650 a1=0x1031210 expected_sp=0x93c8c0 expected_ra=0x2054cc saved_before=0x2054bc saved_after=0x2054cc exit_pc=0x2054cc exit_ra=0x2054cc exit_sp=0x93c8c0 branch_pc=0x2061e4
[downhill:resource-return] call=15 anomaly=0 thread=1 routine=0x205f40 entry_pc=0x205f40 entry_sp=0x93c8c0 entry_ra=0x2054cc frame=0x93c880 a0=0x4b25f0 a1=0x1028170 expected_sp=0x93c8c0 expected_ra=0x2054cc saved_before=0x2054bc saved_after=0x2054cc exit_pc=0x2054cc exit_ra=0x2054cc exit_sp=0x93c8c0 branch_pc=0x2061e4
[downhill:resource-return] call=16 anomaly=0 thread=1 routine=0x205f40 entry_pc=0x205f40 entry_sp=0x93c8c0 entry_ra=0x2054cc frame=0x93c880 a0=0x4b2650 a1=0x1031210 expected_sp=0x93c8c0 expected_ra=0x2054cc saved_before=0x2054bc saved_after=0x2054cc exit_pc=0x2054cc exit_ra=0x2054cc exit_sp=0x93c8c0 branch_pc=0x2061e4
[downhill:resource-return] call=64 anomaly=0 thread=1 routine=0x203d18 entry_pc=0x203d18 entry_sp=0x93c880 entry_ra=0x206020 frame=0x93c860 a0=0x93c880 a1=0x663b08 expected_sp=0x93c880 expected_ra=0x206020 saved_before=0x41400000 saved_after=0x206020 exit_pc=0x206020 exit_ra=0x206020 exit_sp=0x93c880 branch_pc=0x203dc0
[downhill:resource-return] call=256 anomaly=0 thread=1 routine=0x204ce0 entry_pc=0x204ce0 entry_sp=0x93c910 entry_ra=0x204c9c frame=0x93c900 a0=0xb1d224 a1=0xb1d260 expected_sp=0x93c910 expected_ra=0x204c9c saved_before=0x204c9c saved_after=0x204c9c exit_pc=0x204c9c exit_ra=0x204c9c exit_sp=0x93c910 branch_pc=0x204e40
[downhill:resource-return] call=256 anomaly=0 thread=1 routine=0x204c40 entry_pc=0x204c40 entry_sp=0x93c920 entry_ra=0x206c10 frame=0x93c910 a0=0x4b2650 a1=0x1031210 expected_sp=0x93c920 expected_ra=0x206c10 saved_before=0x206c10 saved_after=0x206c10 exit_pc=0x206c10 exit_ra=0x206c10 exit_sp=0x93c920 branch_pc=0x204cd4
[downhill:resource-return] call=32 anomaly=0 thread=1 routine=0x205f40 entry_pc=0x205f40 entry_sp=0x93c8c0 entry_ra=0x2054cc frame=0x93c880 a0=0x4b2650 a1=0x1031210 expected_sp=0x93c8c0 expected_ra=0x2054cc saved_before=0x2054bc saved_after=0x2054cc exit_pc=0x2054cc exit_ra=0x2054cc exit_sp=0x93c8c0 branch_pc=0x2061e4
[downhill:resource-return] call=512 anomaly=0 thread=1 routine=0x204ce0 entry_pc=0x204ce0 entry_sp=0x93c910 entry_ra=0x204c9c frame=0x93c900 a0=0xf60d9c a1=0xf60e50 expected_sp=0x93c910 expected_ra=0x204c9c saved_before=0x204c9c saved_after=0x204c9c exit_pc=0x204c9c exit_ra=0x204c9c exit_sp=0x93c910 branch_pc=0x204e40
[downhill:resource-return] call=512 anomaly=0 thread=1 routine=0x204c40 entry_pc=0x204c40 entry_sp=0x93c920 entry_ra=0x206c10 frame=0x93c910 a0=0x4b2650 a1=0x1031210 expected_sp=0x93c920 expected_ra=0x206c10 saved_before=0x206c10 saved_after=0x206c10 exit_pc=0x206c10 exit_ra=0x206c10 exit_sp=0x93c920 branch_pc=0x204cd4
[downhill:resource-return] call=64 anomaly=0 thread=1 routine=0x205f40 entry_pc=0x205f40 entry_sp=0x93c8c0 entry_ra=0x2054cc frame=0x93c880 a0=0x4b2650 a1=0x1031210 expected_sp=0x93c8c0 expected_ra=0x2054cc saved_before=0x2054bc saved_after=0x2054cc exit_pc=0x2054cc exit_ra=0x2054cc exit_sp=0x93c8c0 branch_pc=0x2061e4
[downhill:resource-return] call=128 anomaly=0 thread=1 routine=0x203d18 entry_pc=0x203d18 entry_sp=0x93c880 entry_ra=0x206020 frame=0x93c860 a0=0x93c880 a1=0x663b08 expected_sp=0x93c880 expected_ra=0x206020 saved_before=0x42300000 saved_after=0x206020 exit_pc=0x206020 exit_ra=0x206020 exit_sp=0x93c880 branch_pc=0x203dc0
[downhill:resource-return] call=1024 anomaly=0 thread=1 routine=0x204ce0 entry_pc=0x204ce0 entry_sp=0x93c910 entry_ra=0x204c9c frame=0x93c900 a0=0xf60d9c a1=0xf60e50 expected_sp=0x93c910 expected_ra=0x204c9c saved_before=0x204c9c saved_after=0x204c9c exit_pc=0x204c9c exit_ra=0x204c9c exit_sp=0x93c910 branch_pc=0x204e40
[downhill:resource-return] call=1024 anomaly=0 thread=1 routine=0x204c40 entry_pc=0x204c40 entry_sp=0x93c920 entry_ra=0x206b3c frame=0x93c910 a0=0x14e6638 a1=0x14e6680 expected_sp=0x93c920 expected_ra=0x206b3c saved_before=0x206b3c saved_after=0x206b3c exit_pc=0x206b3c exit_ra=0x206b3c exit_sp=0x93c920 branch_pc=0x204cd4
[downhill:resource-return] call=128 anomaly=0 thread=1 routine=0x205f40 entry_pc=0x205f40 entry_sp=0x93c8c0 entry_ra=0x2054cc frame=0x93c880 a0=0x4b2650 a1=0x1031210 expected_sp=0x93c8c0 expected_ra=0x2054cc saved_before=0x2054bc saved_after=0x2054cc exit_pc=0x2054cc exit_ra=0x2054cc exit_sp=0x93c8c0 branch_pc=0x2061e4
[boot-snapshot] host_tick=1080 running=0 thread=1:pc=0x238c50:ra=0x238c50:priority=0:status=1:wait=0:wait_id=0
[downhill:resource-return] call=256 anomaly=0 thread=1 routine=0x203d18 entry_pc=0x203d18 entry_sp=0x93c880 entry_ra=0x206020 frame=0x93c860 a0=0x93c880 a1=0x663b08 expected_sp=0x93c880 expected_ra=0x206020 saved_before=0x42300000 saved_after=0x206020 exit_pc=0x206020 exit_ra=0x206020 exit_sp=0x93c880 branch_pc=0x203dc0
[downhill:resource-return] call=2048 anomaly=0 thread=1 routine=0x204ce0 entry_pc=0x204ce0 entry_sp=0x93c910 entry_ra=0x204c9c frame=0x93c900 a0=0xfdf95c a1=0xfdfa10 expected_sp=0x93c910 expected_ra=0x204c9c saved_before=0x204c9c saved_after=0x204c9c exit_pc=0x204c9c exit_ra=0x204c9c exit_sp=0x93c910 branch_pc=0x204e40
[downhill:resource-return] call=2048 anomaly=0 thread=1 routine=0x204c40 entry_pc=0x204c40 entry_sp=0x93c920 entry_ra=0x206b3c frame=0x93c910 a0=0xb1d224 a1=0xb1d260 expected_sp=0x93c920 expected_ra=0x206b3c saved_before=0x206b3c saved_after=0x206b3c exit_pc=0x206b3c exit_ra=0x206b3c exit_sp=0x93c920 branch_pc=0x204cd4
[downhill:resource-return] call=256 anomaly=0 thread=1 routine=0x205f40 entry_pc=0x205f40 entry_sp=0x93c8c0 entry_ra=0x2054cc frame=0x93c880 a0=0x4b2650 a1=0x1031210 expected_sp=0x93c8c0 expected_ra=0x2054cc saved_before=0x2054bc saved_after=0x2054cc exit_pc=0x2054cc exit_ra=0x2054cc exit_sp=0x93c8c0 branch_pc=0x2061e4
[downhill:resource-return] call=4096 anomaly=0 thread=1 routine=0x204ce0 entry_pc=0x204ce0 entry_sp=0x93c910 entry_ra=0x204c9c frame=0x93c900 a0=0xb998c4 a1=0xb99900 expected_sp=0x93c910 expected_ra=0x204c9c saved_before=0x204c9c saved_after=0x204c9c exit_pc=0x204c9c exit_ra=0x204c9c exit_sp=0x93c910 branch_pc=0x204e40
[downhill:resource-return] call=512 anomaly=0 thread=1 routine=0x203d18 entry_pc=0x203d18 entry_sp=0x93c880 entry_ra=0x206020 frame=0x93c860 a0=0x93c880 a1=0x663b08 expected_sp=0x93c880 expected_ra=0x206020 saved_before=0x42200000 saved_after=0x206020 exit_pc=0x206020 exit_ra=0x206020 exit_sp=0x93c880 branch_pc=0x203dc0
[boot-snapshot] host_tick=1200 running=0 thread=1:pc=0x238c50:ra=0x238c50:priority=0:status=1:wait=0:wait_id=0
[downhill:resource-return] call=4096 anomaly=0 thread=1 routine=0x204c40 entry_pc=0x204c40 entry_sp=0x93c920 entry_ra=0x206c10 frame=0x93c910 a0=0x4b2650 a1=0x1031210 expected_sp=0x93c920 expected_ra=0x206c10 saved_before=0x206c10 saved_after=0x206c10 exit_pc=0x206c10 exit_ra=0x206c10 exit_sp=0x93c920 branch_pc=0x204cd4
[downhill:resource-return] call=512 anomaly=0 thread=1 routine=0x205f40 entry_pc=0x205f40 entry_sp=0x93c8c0 entry_ra=0x2054cc frame=0x93c880 a0=0x4b2650 a1=0x1031210 expected_sp=0x93c8c0 expected_ra=0x2054cc saved_before=0x2054bc saved_after=0x2054cc exit_pc=0x2054cc exit_ra=0x2054cc exit_sp=0x93c8c0 branch_pc=0x2061e4
[boot-snapshot] host_tick=1320 running=0 thread=1:pc=0x238c50:ra=0x238c50:priority=0:status=1:wait=0:wait_id=0
[downhill:resource-return] call=8192 anomaly=0 thread=1 routine=0x204ce0 entry_pc=0x204ce0 entry_sp=0x93c910 entry_ra=0x204c9c frame=0x93c900 a0=0x1504128 a1=0x1504170 expected_sp=0x93c910 expected_ra=0x204c9c saved_before=0x204c9c saved_after=0x204c9c exit_pc=0x204c9c exit_ra=0x204c9c exit_sp=0x93c910 branch_pc=0x204e40
[downhill:resource-return] call=1024 anomaly=0 thread=1 routine=0x203d18 entry_pc=0x203d18 entry_sp=0x93c880 entry_ra=0x206020 frame=0x93c860 a0=0x93c880 a1=0x663b08 expected_sp=0x93c880 expected_ra=0x206020 saved_before=0x420c0000 saved_after=0x206020 exit_pc=0x206020 exit_ra=0x206020 exit_sp=0x93c880 branch_pc=0x203dc0
[downhill:resource-return] call=8192 anomaly=0 thread=1 routine=0x204c40 entry_pc=0x204c9c entry_sp=0x93c910 entry_ra=0x204c9c frame=0x93c910 a0=0x1331dd4 a1=0x13329fa expected_sp=0x93c920 expected_ra=0x206b3c saved_before=0x206b3c saved_after=0x206b3c exit_pc=0x206b3c exit_ra=0x206b3c exit_sp=0x93c920 branch_pc=0x204cd4
[downhill:resource-return] call=1024 anomaly=0 thread=1 routine=0x205f40 entry_pc=0x205f40 entry_sp=0x93c8c0 entry_ra=0x2054cc frame=0x93c880 a0=0x4b2650 a1=0x1031210 expected_sp=0x93c8c0 expected_ra=0x2054cc saved_before=0x2054bc saved_after=0x2054cc exit_pc=0x2054cc exit_ra=0x2054cc exit_sp=0x93c8c0 branch_pc=0x2061e4
[boot-snapshot] host_tick=1440 running=0 thread=1:pc=0x238c50:ra=0x238c50:priority=0:status=1:wait=0:wait_id=0
[boot-snapshot] host_tick=1560 running=0 thread=1:pc=0x238c50:ra=0x238c50:priority=0:status=1:wait=0:wait_id=0
[downhill:resource-return] call=2048 anomaly=0 thread=1 routine=0x203d18 entry_pc=0x203d18 entry_sp=0x93c880 entry_ra=0x206020 frame=0x93c860 a0=0x93c880 a1=0x663b08 expected_sp=0x93c880 expected_ra=0x206020 saved_before=0x42140000 saved_after=0x206020 exit_pc=0x206020 exit_ra=0x206020 exit_sp=0x93c880 branch_pc=0x203dc0
[boot-snapshot] host_tick=1680 running=0 thread=1:pc=0x238c50:ra=0x238c50:priority=0:status=2:wait=4:wait_id=0
[downhill:resource-return] call=16384 anomaly=0 thread=1 routine=0x204ce0 entry_pc=0x204ce0 entry_sp=0x93c880 entry_ra=0x206058 frame=0x93c870 a0=0x10311cc a1=0x1031210 expected_sp=0x93c880 expected_ra=0x206058 saved_before=0x206020 saved_after=0x206058 exit_pc=0x206058 exit_ra=0x206058 exit_sp=0x93c880 branch_pc=0x204e40
[downhill:resource-return] call=2048 anomaly=0 thread=1 routine=0x205f40 entry_pc=0x205f40 entry_sp=0x93c8b0 entry_ra=0x204fac frame=0x93c870 a0=0x4cd4d8 a1=0xc53bd0 expected_sp=0x93c8b0 expected_ra=0x204fac saved_before=0x204f9c saved_after=0x204fac exit_pc=0x204fac exit_ra=0x204fac exit_sp=0x93c8b0 branch_pc=0x2061e4
[boot-snapshot] host_tick=1800 running=0 thread=1:pc=0x238c50:ra=0x238c50:priority=0:status=2:wait=4:wait_id=0
[downhill:resource-return] call=16384 anomaly=0 thread=1 routine=0x204c40 entry_pc=0x204c40 entry_sp=0x93c920 entry_ra=0x206b3c frame=0x93c910 a0=0x10a8dd8 a1=0x10a8e90 expected_sp=0x93c920 expected_ra=0x206b3c saved_before=0x206c10 saved_after=0x206b3c exit_pc=0x206b3c exit_ra=0x206b3c exit_sp=0x93c920 branch_pc=0x204cd4
[boot-snapshot] host_tick=1920 running=0 thread=1:pc=0x238c50:ra=0x238c50:priority=0:status=2:wait=4:wait_id=0
[boot-snapshot] host_tick=2040 running=0 thread=1:pc=0x238c50:ra=0x238c50:priority=0:status=2:wait=4:wait_id=0
[boot-snapshot] host_tick=2160 running=0 thread=1:pc=0x238c50:ra=0x238c50:priority=0:status=1:wait=0:wait_id=0
[boot-snapshot] host_tick=2280 running=0 thread=1:pc=0x238c50:ra=0x238c50:priority=0:status=1:wait=0:wait_id=0
[downhill:resource-return] call=4096 anomaly=0 thread=1 routine=0x203d18 entry_pc=0x203d18 entry_sp=0x93c870 entry_ra=0x206020 frame=0x93c850 a0=0x93c870 a1=0x663b08 expected_sp=0x93c870 expected_ra=0x206020 saved_before=0x205df0 saved_after=0x206020 exit_pc=0x206020 exit_ra=0x206020 exit_sp=0x93c870 branch_pc=0x203dc0
[boot-snapshot] host_tick=2400 running=0 thread=1:pc=0x238c50:ra=0x238c50:priority=0:status=1:wait=0:wait_id=0
[downhill:resource-return] call=32768 anomaly=0 thread=1 routine=0x204ce0 entry_pc=0x204ce0 entry_sp=0x93c910 entry_ra=0x204c9c frame=0x93c900 a0=0xc53b10 a1=0xc53bd0 expected_sp=0x93c910 expected_ra=0x204c9c saved_before=0x204c9c saved_after=0x204c9c exit_pc=0x204c9c exit_ra=0x204c9c exit_sp=0x93c910 branch_pc=0x204e40
[boot-snapshot] host_tick=2520 running=0 thread=1:pc=0x238c50:ra=0x238c50:priority=0:status=1:wait=0:wait_id=0
[downhill:resource-return] call=4096 anomaly=0 thread=1 routine=0x205f40 entry_pc=0x205f40 entry_sp=0x93c8b0 entry_ra=0x204fac frame=0x93c870 a0=0x4cd480 a1=0xfdfa10 expected_sp=0x93c8b0 expected_ra=0x204fac saved_before=0x204f9c saved_after=0x204fac exit_pc=0x204fac exit_ra=0x204fac exit_sp=0x93c8b0 branch_pc=0x2061e4
[boot-snapshot] host_tick=2640 running=0 thread=1:pc=0x238c50:ra=0x238c50:priority=0:status=1:wait=0:wait_id=0
[boot-snapshot] host_tick=2760 running=0 thread=1:pc=0x238c50:ra=0x238c50:priority=0:status=1:wait=0:wait_id=0
[downhill:resource-return] call=32768 anomaly=0 thread=1 routine=0x204c40 entry_pc=0x204c40 entry_sp=0x93c920 entry_ra=0x206c10 frame=0x93c910 a0=0x4b2650 a1=0x1031210 expected_sp=0x93c920 expected_ra=0x206c10 saved_before=0x206c10 saved_after=0x206c10 exit_pc=0x206c10 exit_ra=0x206c10 exit_sp=0x93c920 branch_pc=0x204cd4
[boot-snapshot] host_tick=2880 running=0 thread=1:pc=0x238c50:ra=0x238c50:priority=0:status=1:wait=0:wait_id=0
[boot-snapshot] host_tick=3000 running=0 thread=1:pc=0x238c50:ra=0x238c50:priority=0:status=1:wait=0:wait_id=0
[boot-snapshot] host_tick=3120 running=0 thread=1:pc=0x238c50:ra=0x238c50:priority=0:status=1:wait=0:wait_id=0
[boot-snapshot] host_tick=3240 running=0 thread=1:pc=0x238c50:ra=0x238c50:priority=0:status=1:wait=0:wait_id=0
[boot-snapshot] host_tick=3360 running=0 thread=1:pc=0x238c50:ra=0x238c50:priority=0:status=1:wait=0:wait_id=0
[boot-snapshot] host_tick=3480 running=0 thread=1:pc=0x238c50:ra=0x238c50:priority=0:status=1:wait=0:wait_id=0
[boot-snapshot] host_tick=3600 running=0 thread=1:pc=0x238c50:ra=0x238c50:priority=0:status=1:wait=0:wait_id=0
[boot-snapshot] host_tick=3720 running=0 thread=1:pc=0x238c50:ra=0x238c50:priority=0:status=1:wait=0:wait_id=0
[boot-snapshot] host_tick=3840 running=0 thread=1:pc=0x238c50:ra=0x238c50:priority=0:status=1:wait=0:wait_id=0
[boot-snapshot] host_tick=3960 running=0 thread=1:pc=0x238c50:ra=0x238c50:priority=0:status=1:wait=0:wait_id=0
[boot-snapshot] host_tick=4080 running=0 thread=1:pc=0x238c50:ra=0x238c50:priority=0:status=1:wait=0:wait_id=0
[downhill:resource-return] call=8192 anomaly=0 thread=1 routine=0x203d18 entry_pc=0x203d18 entry_sp=0x93c870 entry_ra=0x2048e4 frame=0x93c850 a0=0x93c870 a1=0xb1d224 expected_sp=0x93c870 expected_ra=0x2048e4 saved_before=0x3f800000 saved_after=0x2048e4 exit_pc=0x2048e4 exit_ra=0x2048e4 exit_sp=0x93c870 branch_pc=0x203dc0
[boot-snapshot] host_tick=4200 running=0 thread=1:pc=0x238c50:ra=0x238c50:priority=0:status=1:wait=0:wait_id=0
[boot-snapshot] host_tick=4320 running=0 thread=1:pc=0x238c50:ra=0x238c50:priority=0:status=1:wait=0:wait_id=0
[boot-snapshot] host_tick=4440 running=0 thread=1:pc=0x238c50:ra=0x238c50:priority=0:status=1:wait=0:wait_id=0
[boot-snapshot] host_tick=4560 running=0 thread=1:pc=0x238c50:ra=0x238c50:priority=0:status=1:wait=0:wait_id=0
[boot-snapshot] host_tick=4680 running=0 thread=1:pc=0x238c50:ra=0x238c50:priority=0:status=1:wait=0:wait_id=0
[boot-snapshot] host_tick=4800 running=0 thread=1:pc=0x238c50:ra=0x238c50:priority=0:status=1:wait=0:wait_id=0
[boot-snapshot] host_tick=4920 running=0 thread=1:pc=0x238c50:ra=0x238c50:priority=0:status=1:wait=0:wait_id=0
[boot-snapshot] host_tick=5040 running=0 thread=1:pc=0x238c50:ra=0x238c50:priority=0:status=1:wait=0:wait_id=0
[boot-snapshot] host_tick=5160 running=0 thread=1:pc=0x238c50:ra=0x238c50:priority=0:status=1:wait=0:wait_id=0
[boot-snapshot] host_tick=5280 running=0 thread=1:pc=0x238c50:ra=0x238c50:priority=0:status=1:wait=0:wait_id=0
[boot-snapshot] host_tick=5400 running=0 thread=1:pc=0x238c50:ra=0x238c50:priority=0:status=1:wait=0:wait_id=0
[boot-snapshot] host_tick=5520 running=0 thread=1:pc=0x238c50:ra=0x238c50:priority=0:status=1:wait=0:wait_id=0
[boot-snapshot] host_tick=5640 running=0 thread=1:pc=0x238c50:ra=0x238c50:priority=0:status=1:wait=0:wait_id=0
[boot-snapshot] host_tick=5760 running=0 thread=1:pc=0x238c50:ra=0x238c50:priority=0:status=1:wait=0:wait_id=0
[boot-snapshot] host_tick=5880 running=0 thread=1:pc=0x238c50:ra=0x238c50:priority=0:status=1:wait=0:wait_id=0
[boot-snapshot] host_tick=6000 running=0 thread=1:pc=0x238c50:ra=0x238c50:priority=0:status=1:wait=0:wait_id=0
[boot-snapshot] host_tick=6120 running=0 thread=1:pc=0x238c50:ra=0x238c50:priority=0:status=1:wait=0:wait_id=0
[boot-snapshot] host_tick=6240 running=0 thread=1:pc=0x238c50:ra=0x238c50:priority=0:status=1:wait=0:wait_id=0
[boot-snapshot] host_tick=6360 running=0 thread=1:pc=0x238c50:ra=0x238c50:priority=0:status=1:wait=0:wait_id=0
[boot-snapshot] host_tick=6480 running=0 thread=1:pc=0x238c50:ra=0x238c50:priority=0:status=1:wait=0:wait_id=0
[boot-snapshot] host_tick=6600 running=0 thread=1:pc=0x238c50:ra=0x238c50:priority=0:status=1:wait=0:wait_id=0
[boot-snapshot] host_tick=6720 running=0 thread=1:pc=0x238c50:ra=0x238c50:priority=0:status=1:wait=0:wait_id=0
[boot-snapshot] host_tick=6840 running=0 thread=1:pc=0x238c50:ra=0x238c50:priority=0:status=1:wait=0:wait_id=0
[boot-snapshot] host_tick=6960 running=0 thread=1:pc=0x238c50:ra=0x238c50:priority=0:status=1:wait=0:wait_id=0
[boot-snapshot] host_tick=7080 running=0 thread=1:pc=0x238c50:ra=0x238c50:priority=0:status=1:wait=0:wait_id=0
[boot-snapshot] host_tick=7200 running=0 thread=1:pc=0x238c50:ra=0x238c50:priority=0:status=1:wait=0:wait_id=0
[boot-snapshot] host_tick=7320 running=0 thread=1:pc=0x238c50:ra=0x238c50:priority=0:status=1:wait=0:wait_id=0
[boot-snapshot] host_tick=7440 running=0 thread=1:pc=0x238c50:ra=0x238c50:priority=0:status=1:wait=0:wait_id=0
[boot-snapshot] host_tick=7560 running=0 thread=1:pc=0x238c50:ra=0x238c50:priority=0:status=1:wait=0:wait_id=0
[boot-snapshot] host_tick=7680 running=0 thread=1:pc=0x238c50:ra=0x238c50:priority=0:status=1:wait=0:wait_id=0
[boot-snapshot] host_tick=7800 running=0 thread=1:pc=0x238c50:ra=0x238c50:priority=0:status=1:wait=0:wait_id=0
[boot-snapshot] host_tick=7920 running=0 thread=1:pc=0x238c50:ra=0x238c50:priority=0:status=1:wait=0:wait_id=0
[boot-snapshot] host_tick=8040 running=0 thread=1:pc=0x238c50:ra=0x238c50:priority=0:status=1:wait=0:wait_id=0
[boot-snapshot] host_tick=8160 running=0 thread=1:pc=0x238c50:ra=0x238c50:priority=0:status=1:wait=0:wait_id=0
[boot-snapshot] host_tick=8280 running=0 thread=1:pc=0x238c50:ra=0x238c50:priority=0:status=1:wait=0:wait_id=0
[boot-snapshot] host_tick=8400 running=0 thread=1:pc=0x238c50:ra=0x238c50:priority=0:status=1:wait=0:wait_id=0
[boot-snapshot] host_tick=8520 running=0 thread=1:pc=0x238c50:ra=0x238c50:priority=0:status=1:wait=0:wait_id=0
[boot-snapshot] host_tick=8640 running=0 thread=1:pc=0x238c50:ra=0x238c50:priority=0:status=1:wait=0:wait_id=0
[boot-snapshot] host_tick=8760 running=0 thread=1:pc=0x238c50:ra=0x238c50:priority=0:status=1:wait=0:wait_id=0
[boot-snapshot] host_tick=8880 running=0 thread=1:pc=0x238c50:ra=0x238c50:priority=0:status=1:wait=0:wait_id=0
[boot-snapshot] host_tick=9000 running=0 thread=1:pc=0x238c50:ra=0x238c50:priority=0:status=1:wait=0:wait_id=0
[boot-snapshot] host_tick=9120 running=0 thread=1:pc=0x238c50:ra=0x238c50:priority=0:status=1:wait=0:wait_id=0
[boot-snapshot] host_tick=9240 running=0 thread=1:pc=0x238c50:ra=0x238c50:priority=0:status=1:wait=0:wait_id=0
[boot-snapshot] host_tick=9360 running=0 thread=1:pc=0x238c50:ra=0x238c50:priority=0:status=1:wait=0:wait_id=0
[boot-snapshot] host_tick=9480 running=0 thread=1:pc=0x238c50:ra=0x238c50:priority=0:status=1:wait=0:wait_id=0
[boot-snapshot] host_tick=9600 running=0 thread=1:pc=0x238c50:ra=0x238c50:priority=0:status=1:wait=0:wait_id=0
[boot-snapshot] host_tick=9720 running=0 thread=1:pc=0x238c50:ra=0x238c50:priority=0:status=1:wait=0:wait_id=0
[boot-snapshot] host_tick=9840 running=0 thread=1:pc=0x238c50:ra=0x238c50:priority=0:status=1:wait=0:wait_id=0
[boot-snapshot] host_tick=9960 running=0 thread=1:pc=0x238c50:ra=0x238c50:priority=0:status=1:wait=0:wait_id=0
[boot-snapshot] host_tick=10080 running=0 thread=1:pc=0x238c50:ra=0x238c50:priority=0:status=1:wait=0:wait_id=0
[boot-snapshot] host_tick=10200 running=0 thread=1:pc=0x238c50:ra=0x238c50:priority=0:status=1:wait=0:wait_id=0
[boot-snapshot] host_tick=10320 running=0 thread=1:pc=0x238c50:ra=0x238c50:priority=0:status=1:wait=0:wait_id=0
[boot-snapshot] host_tick=10440 running=0 thread=1:pc=0x238c50:ra=0x238c50:priority=0:status=1:wait=0:wait_id=0
[boot-snapshot] host_tick=10560 running=0 thread=1:pc=0x238c50:ra=0x238c50:priority=0:status=1:wait=0:wait_id=0
[boot-snapshot] host_tick=10680 running=0 thread=1:pc=0x238c50:ra=0x238c50:priority=0:status=1:wait=0:wait_id=0
