[downhill:frame-state] call=2 vsync=5 numeric_calls=0 entry_pc=0x238c50 caller=0x1b5344 frame=0x93c8c0 exit_pc=0x1b5344 exit_sp=0x93c8e0 stack=3e3bd0,0,3f0000,0,2,0,1b5344,0,184a48,0,0,0,3e3bd0,0,1,0,1871cc,0,187160,0,3e3bd0,0,3eb760,0,93c960,0,1,0,0,0,1,0, gpr=0,2a0000,1,10000800,0,8,10,10003020,10003c00,1000a000,10009000,1,1500000f,15000286,1500020a,1500025e,3e3bd0,3f0000,2,1,0,3eb760,3f0000,1,6c030006,6c020004,0,0,2a40f0,93c8e0,ffffffff,1b5344,
[downhill:frame-state] call=4 vsync=6 numeric_calls=0 entry_pc=0x238c50 caller=0x1b5344 frame=0x93c8c0 exit_pc=0x1b5344 exit_sp=0x93c8e0 stack=3e3bd0,0,3f0000,0,2,0,1b5344,0,184a48,0,1,0,3e3bd0,0,2,0,1871cc,0,187160,0,3e3bd0,0,3eb760,0,93c960,0,1,0,0,0,1,0, gpr=0,2a0000,1,10000800,0,8,10,10003020,10003c00,1000a000,10009000,1,1500000f,15000286,1500020a,1500025e,3e3bd0,3f0000,2,2,0,3eb760,3f0000,1,6c030006,6c020004,0,0,2a40f0,93c8e0,ffffffff,1b5344,
[downhill:frame-state] call=120 vsync=67 numeric_calls=0 entry_pc=0x238c50 caller=0x1ec350 frame=0x93c9e0 exit_pc=0x1ec350 exit_sp=0x93ca00 stack=75bac0,0,1,0,2,0,1ec350,0,70000002,0,0,0,8001,10000000,e,0,3,0,22,0,800,800,23c9bc,0,4b25a0,0,93ca84,0,4b0000,0,4d0000,0, gpr=0,2a0000,1,10000800,0,1,790,0,10003c00,1000a000,10009000,1,30000000,30660200,0,0,75bac0,1,2,1000a030,0,93ca00,2,1,6c030006,6c020004,0,0,2a40f0,93ca00,ffffffff,1ec350,
[downhill:frame-state] call=240 vsync=129 numeric_calls=0 entry_pc=0x238c50 caller=0x1ec350 frame=0x93c9e0 exit_pc=0x1ec350 exit_sp=0x93ca00 stack=75bac0,0,1,0,2,0,1ec350,0,70000002,0,0,0,8001,10000000,e,0,3,0,22,0,800,800,23c9bc,0,4b25a0,0,93ca84,0,4b0000,0,4d0000,0, gpr=0,2a0000,1,10000800,0,1,790,0,10003c00,1000a000,10009000,1,30000000,30660200,0,0,75bac0,1,2,1000a030,0,93ca00,2,1,6c030006,6c020004,0,0,2a40f0,93ca00,ffffffff,1ec350,
[downhill:frame-state] call=360 vsync=189 numeric_calls=0 entry_pc=0x238c50 caller=0x1ec350 frame=0x93c9e0 exit_pc=0x1ec350 exit_sp=0x93ca00 stack=75bac0,0,1,0,2,0,1ec350,0,70000002,0,0,0,8001,10000000,e,0,3,0,22,0,800,800,23c9bc,0,4b25a0,0,93ca84,0,4b0000,0,4d0000,0, gpr=0,2a0000,1,10000800,0,1,790,0,10003c00,1000a000,10009000,1,30000000,30660200,0,0,75bac0,1,2,1000a030,0,93ca00,2,1,6c030006,6c020004,0,0,2a40f0,93ca00,ffffffff,1ec350,
[downhill:frame-state] call=480 vsync=249 numeric_calls=0 entry_pc=0x238c50 caller=0x1ec350 frame=0x93c9e0 exit_pc=0x1ec350 exit_sp=0x93ca00 stack=75bac0,0,1,0,2,0,1ec350,0,70000002,0,0,0,8001,10000000,e,0,3,0,22,0,800,800,23c9bc,0,4b25a0,0,93ca84,0,4b0000,0,4d0000,0, gpr=0,2a0000,1,10000800,0,1,790,0,10003c00,1000a000,10009000,1,30000000,30660200,0,0,75bac0,1,2,1000a030,0,93ca00,2,1,6c030006,6c020004,0,0,2a40f0,93ca00,ffffffff,1ec350,
[downhill:frame-state] call=600 vsync=309 numeric_calls=0 entry_pc=0x238c50 caller=0x1ec350 frame=0x93c9e0 exit_pc=0x1ec350 exit_sp=0x93ca00 stack=75bac0,0,1,0,2,0,1ec350,0,70000002,0,0,0,8001,10000000,e,0,3,0,22,0,800,800,23c9bc,0,4b25a0,0,93ca84,0,4b0000,0,4d0000,0, gpr=0,2a0000,1,10000800,0,1,790,0,10003c00,1000a000,10009000,1,30000000,30660200,0,0,75bac0,1,2,1000a030,0,93ca00,2,1,6c030006,6c020004,0,0,2a40f0,93ca00,ffffffff,1ec350,
[downhill:frame-state] call=720 vsync=373 numeric_calls=0 entry_pc=0x238c50 caller=0x1ec350 frame=0x93c9e0 exit_pc=0x1ec350 exit_sp=0x93ca00 stack=75bac0,0,1,0,2,0,1ec350,0,70000002,0,0,0,8001,10000000,e,0,3,0,22,0,800,800,23c9bc,0,4b25a0,0,93ca84,0,4b0000,0,4d0000,0, gpr=0,2a0000,1,10000800,0,1,790,0,10003c00,1000a000,10009000,1,30000000,30660200,0,0,75bac0,1,2,1000a030,0,93ca00,2,1,6c030006,6c020004,0,0,2a40f0,93ca00,ffffffff,1ec350,
[downhill:frame-state] call=840 vsync=433 numeric_calls=0 entry_pc=0x238c50 caller=0x1ec350 frame=0x93c9e0 exit_pc=0x1ec350 exit_sp=0x93ca00 stack=75bac0,0,1,0,2,0,1ec350,0,70000002,0,0,0,8001,10000000,e,0,3,0,22,0,800,800,23c9bc,0,4b25a0,0,93ca84,0,4b0000,0,4d0000,0, gpr=0,2a0000,1,10000800,0,1,790,0,10003c00,1000a000,10009000,1,30000000,30660200,0,0,75bac0,1,2,1000a030,0,93ca00,2,1,6c030006,6c020004,0,0,2a40f0,93ca00,ffffffff,1ec350,
[downhill:frame-state] call=960 vsync=493 numeric_calls=0 entry_pc=0x238c50 caller=0x1ec350 frame=0x93c9e0 exit_pc=0x1ec350 exit_sp=0x93ca00 stack=75bac0,0,1,0,2,0,1ec350,0,70000002,0,0,0,8001,10000000,e,0,3,0,22,0,800,800,23c9bc,0,4b25a0,0,93ca84,0,4b0000,0,4d0000,0, gpr=0,2a0000,1,10000800,0,1,790,0,10003c00,1000a000,10009000,1,30000000,30660200,0,0,75bac0,1,2,1000a030,0,93ca00,2,1,6c030006,6c020004,0,0,2a40f0,93ca00,ffffffff,1ec350,
[downhill:frame-state] call=1080 vsync=553 numeric_calls=0 entry_pc=0x238c50 caller=0x1ec350 frame=0x93c9e0 exit_pc=0x1ec350 exit_sp=0x93ca00 stack=75bac0,0,1,0,2,0,1ec350,0,70000002,0,0,0,8001,10000000,e,0,3,0,22,0,800,800,23c9bc,0,4b25a0,0,93ca84,0,4b0000,0,4d0000,0, gpr=0,2a0000,1,10000800,0,1,790,0,10003c00,1000a000,10009000,1,30000000,30660200,0,0,75bac0,1,2,1000a030,0,93ca00,2,1,6c030006,6c020004,0,0,2a40f0,93ca00,ffffffff,1ec350,
[downhill:frame-state] call=1200 vsync=613 numeric_calls=0 entry_pc=0x238c50 caller=0x1ec350 frame=0x93c9e0 exit_pc=0x1ec350 exit_sp=0x93ca00 stack=75bac0,0,1,0,2,0,1ec350,0,70000002,0,0,0,8001,10000000,e,0,3,0,22,0,800,800,23c9bc,0,4b25a0,0,93ca84,0,4b0000,0,4d0000,0, gpr=0,2a0000,1,10000800,0,1,790,0,10003c00,1000a000,10009000,1,30000000,30660200,0,0,75bac0,1,2,1000a030,0,93ca00,2,1,6c030006,6c020004,0,0,2a40f0,93ca00,ffffffff,1ec350,
[downhill:frame-state] call=1320 vsync=691 numeric_calls=0 entry_pc=0x238c50 caller=0x1ec350 frame=0x93c9e0 exit_pc=0x1ec350 exit_sp=0x93ca00 stack=75bac0,0,1,0,2,0,1ec350,0,70000002,0,0,0,8001,10000000,e,0,3,0,22,0,800,800,23c9bc,0,4b25a0,0,93ca84,0,4b0000,0,4d0000,0, gpr=0,2a0000,1,10000800,0,1,790,0,10003c00,1000a000,10009000,1,30000000,30660200,0,0,75bac0,1,2,1000a030,0,93ca00,2,1,6c030006,6c020004,0,0,2a40f0,93ca00,ffffffff,1ec350,
[downhill:frame-state] call=1440 vsync=892 numeric_calls=0 entry_pc=0x238c50 caller=0x1ebf6c frame=0x93c9e0 exit_pc=0x1ebf6c exit_sp=0x93ca00 stack=4c0000,0,510000,0,275434,0,1ebf6c,0,0,0,40400000,0,4b25a0,0,0,0,93ca84,0,4b0000,0,4d0000,0,4d0000,0,4d0000,0,4d0000,0,1,0,ffffffff,ffffffff, gpr=0,2a0000,1,10000800,0,1000a030,0,10003020,10003c00,1000a000,10009000,1,0,30528980,fffffff,1000e000,4c0000,510000,275434,275444,275454,270000,270000,270000,2,145,0,0,2a40f0,93ca00,3,1ebf6c,
[performance] host_tick=120 host_hz=51.9596 ee_clock_ratio=0.99613 ee_cycle=678458718
[performance] host_tick=240 host_hz=59.9874 ee_clock_ratio=0.999811 ee_cycle=1268294598
[performance] host_tick=360 host_hz=60.0002 ee_clock_ratio=1.00002 ee_cycle=1858130478
[performance] host_tick=480 host_hz=59.939 ee_clock_ratio=0.998774 ee_cycle=2447830422
[performance] host_tick=36720 host_hz=59.9994 ee_clock_ratio=0 ee_cycle=4561397472
[performance] host_tick=36840 host_hz=59.977 ee_clock_ratio=0 ee_cycle=4561397472
[performance] host_tick=36960 host_hz=59.9427 ee_clock_ratio=0 ee_cycle=4561397472
[performance] host_tick=37080 host_hz=59.9943 ee_clock_ratio=0.00833271 ee_cycle=4566312771
[boot-snapshot] host_tick=120 running=0 thread=1:pc=0x238c50:ra=0x238c50:priority=0:status=2:wait=4:wait_id=0 thread=2:pc=0x2243c0:ra=0x0:priority=1:status=2:wait=4:wait_id=0 thread=3:pc=0x224058:ra=0x23c4e0:priority=1:status=2:wait=4:wait_id=0
[boot-snapshot] host_tick=240 running=0 thread=1:pc=0x238c50:ra=0x238c50:priority=0:status=2:wait=4:wait_id=0 thread=2:pc=0x2243c0:ra=0x0:priority=1:status=2:wait=4:wait_id=0 thread=3:pc=0x224058:ra=0x23c4e0:priority=1:status=2:wait=4:wait_id=0
[boot-snapshot] host_tick=360 running=0 thread=1:pc=0x238c50:ra=0x238c50:priority=0:status=2:wait=4:wait_id=0 thread=4:pc=0x2243c0:ra=0x0:priority=1:status=2:wait=4:wait_id=0 thread=5:pc=0x224058:ra=0x23c4e0:priority=1:status=2:wait=4:wait_id=0
[boot-snapshot] host_tick=480 running=1 thread=1:pc=0x25a708:ra=0x23b558:priority=0:status=0:wait=0:wait_id=0 thread=4:pc=0x2243c0:ra=0x0:priority=1:status=1:wait=0:wait_id=0 thread=5:pc=0x224058:ra=0x23c4e0:priority=1:status=1:wait=0:wait_id=0
[boot-snapshot] host_tick=36720 running=0 thread=1:pc=0x238c50:ra=0x238c50:priority=0:status=1:wait=0:wait_id=0
[boot-snapshot] host_tick=36840 running=0 thread=1:pc=0x238c50:ra=0x238c50:priority=0:status=1:wait=0:wait_id=0
[boot-snapshot] host_tick=36960 running=0 thread=1:pc=0x238c50:ra=0x238c50:priority=0:status=1:wait=0:wait_id=0
[boot-snapshot] host_tick=37080 running=0 thread=1:pc=0x238c50:ra=0x238c50:priority=0:status=1:wait=0:wait_id=0
[VU1 reserved lower] cycle=232039 pc=0x2430 instruction=0xfffffffb
[VU1 reserved lower] cycle=307538 pc=0x2430 instruction=0xfffffffb
[VU1 reserved lower] cycle=799522 pc=0x1010 instruction=0xfffffffb
[VU1 reserved lower] cycle=800842 pc=0x1000 instruction=0xfffffffb
[VU1 reserved lower] cycle=3002729748 pc=0x1010 instruction=0xfffffffb
[VU1 reserved lower] cycle=3002762416 pc=0x1040 instruction=0xfffffffb
[VU1 reserved lower] cycle=3002777338 pc=0x1020 instruction=0xfffffffb
[VU1 reserved lower] cycle=3002794616 pc=0x1040 instruction=0xfffffffb
[gs:pipeline] host_tick=169 dma=588 gif=423 vif=6 display_fbp=280 source_fbp=280 width=640 height=368 preferred=0 ctx0_fbp=70 ctx1_fbp=70 transfer_total=0 transfer_copied=256
[gs:pipeline] host_tick=289 dma=948 gif=783 vif=6 display_fbp=280 source_fbp=280 width=640 height=368 preferred=0 ctx0_fbp=70 ctx1_fbp=70 transfer_total=0 transfer_copied=256
[gs:pipeline] host_tick=409 dma=1286 gif=1121 vif=6 display_fbp=280 source_fbp=280 width=640 height=368 preferred=0 ctx0_fbp=70 ctx1_fbp=70 transfer_total=0 transfer_copied=256
[gs:pipeline] host_tick=529 dma=1646 gif=1481 vif=6 display_fbp=280 source_fbp=280 width=640 height=368 preferred=0 ctx0_fbp=70 ctx1_fbp=70 transfer_total=0 transfer_copied=256
[gs:pipeline] host_tick=529 dma=1646 gif=1481 vif=6 display_fbp=280 source_fbp=280 width=640 height=368 preferred=0 ctx0_fbp=70 ctx1_fbp=70 transfer_total=0 transfer_copied=256
[gs:pipeline] host_tick=649 dma=1958 gif=1793 vif=6 display_fbp=280 source_fbp=280 width=640 height=368 preferred=0 ctx0_fbp=70 ctx1_fbp=70 transfer_total=0 transfer_copied=256
[gs:pipeline] host_tick=769 dma=2192 gif=1976 vif=8 display_fbp=112 source_fbp=112 width=512 height=224 preferred=0 ctx0_fbp=56 ctx1_fbp=56 transfer_total=0 transfer_copied=16
[gs:pipeline] host_tick=896 dma=7341 gif=2062 vif=10 display_fbp=70 source_fbp=70 width=640 height=224 preferred=0 ctx0_fbp=70 ctx1_fbp=70 transfer_total=4096 transfer_copied=4096
[guest-branch:missing-target] kind=Return op=JR $ra source=0x25ef70 target=0x0 pc=0x0 ra=0x0 sp=0x1fffff0 gp=0x2a40f0 a0=0x8001218c a1=0x80080000 a2=0x25ef38 a3=0x29e580 s0=0x282218 s1=0x0 v0=0x8001218c v1=0x83 a0Readable=no a0[0]=0x0 a0[4]=0x0 a0[8]=0x0 a0[c]=0x0 s0Readable=yes s0[0]=0x83 s0[4]=0x25ef38 s0[8]=0x5a s0[c]=0x25ef00 recordReadable=yes record[0]=0x8c820000 record[4]=0x1046000b record[8]=0x85102b record[c]=0x5040000a vtableReadable=no vtbl[0]=0x0 vtbl[4]=0x0 vtbl[8]=0x0 vtbl[c]=0x0 codeRegion=no policy=1 trace=0x10a008 -> 0x10a12c -> 0x10a12c -> 0x10a12c -> 0x10a12c -> 0x25f0a0 -> 0x25eeb8 -> 0x25a6e0 -> 0x25a6e0 -> 0x25ef90 -> 0x25f090 -> 0x25f090 -> 0x25ef78 -> 0x25ef38
[guest-branch:missing-target] kind=Return op=JR $ra source=0x25ef70 target=0x0 pc=0x0 ra=0x0 sp=0x1fffff0 gp=0x2a40f0 a0=0x8001218c a1=0x80080000 a2=0x25ef38 a3=0x29e580 s0=0x282218 s1=0x0 v0=0x8001218c v1=0x83 a0Readable=no a0[0]=0x0 a0[4]=0x0 a0[8]=0x0 a0[c]=0x0 s0Readable=yes s0[0]=0x83 s0[4]=0x25ef38 s0[8]=0x5a s0[c]=0x25ef00 recordReadable=yes record[0]=0x8c820000 record[4]=0x1046000b record[8]=0x85102b record[c]=0x5040000a vtableReadable=no vtbl[0]=0x0 vtbl[4]=0x0 vtbl[8]=0x0 vtbl[c]=0x0 codeRegion=no policy=1 trace=0x10a008 -> 0x10a12c -> 0x10a12c -> 0x10a12c -> 0x10a12c -> 0x25f0a0 -> 0x25eeb8 -> 0x25a6e0 -> 0x25a6e0 -> 0x25ef90 -> 0x25f090 -> 0x25f090 -> 0x25ef78 -> 0x25ef38
