[downhill:frame-state] call=1 vsync=0 numeric_calls=0 entry_pc=0x238c00 caller=0x1000 frame=0x8000 exit_pc=0x238c70 exit_sp=0x8020 stack=0,0,0,0,0,0,1000,0,0,0,0,0,0,0,0,0,0,0,0,0,0,0,0,0,0,0,0,0,0,0,0,0, gpr=0,0,7,0,0,0,0,0,0,0,0,0,0,0,0,0,0,0,0,0,0,0,0,0,0,0,0,0,0,8020,0,1000,
[downhill:frame-state] call=4 vsync=0 numeric_calls=0 entry_pc=0x238c00 caller=0x1000 frame=0x8000 exit_pc=0x238c70 exit_sp=0x8020 stack=0,0,0,0,0,0,1000,0,0,0,0,0,0,0,0,0,0,0,0,0,0,0,0,0,0,0,0,0,0,0,0,0, gpr=0,0,7,0,0,0,0,0,0,0,0,0,0,0,0,0,0,0,0,0,0,0,0,0,0,0,0,0,0,8020,0,1000,
[downhill:frame-state] call=120 vsync=0 numeric_calls=0 entry_pc=0x238c00 caller=0x1000 frame=0x8000 exit_pc=0x238c70 exit_sp=0x8020 stack=0,0,0,0,0,0,1000,0,0,0,0,0,0,0,0,0,0,0,0,0,0,0,0,0,0,0,0,0,0,0,0,0, gpr=0,0,7,0,0,0,0,0,0,0,0,0,0,0,0,0,0,0,0,0,0,0,0,0,0,0,0,0,0,8020,0,1000,
[downhill:frame-state] call=61440 vsync=0 numeric_calls=0 entry_pc=0x238c00 caller=0x1000 frame=0x8000 exit_pc=0x238c70 exit_sp=0x8020 stack=0,0,0,0,0,0,1000,0,0,0,0,0,0,0,0,0,0,0,0,0,0,0,0,0,0,0,0,0,0,0,0,0, gpr=0,0,7,0,0,0,0,0,0,0,0,0,0,0,0,0,0,0,0,0,0,0,0,0,0,0,0,0,0,8020,0,1000,
[downhill:frame-state] call=1 vsync=0 numeric_calls=0 entry_pc=0x238c50 caller=0x1000 frame=0x8000 exit_pc=0x238c70 exit_sp=0x8000 stack=0,0,0,0,0,0,1000,0,0,0,0,0,0,0,0,0,0,0,0,0,0,0,0,0,0,0,0,0,0,0,0,0, gpr=0,0,7,0,0,0,0,0,0,0,0,0,0,0,0,0,0,0,0,0,0,0,0,0,0,0,0,0,0,8000,0,1000,
[downhill:frame-state] call=4 vsync=0 numeric_calls=0 entry_pc=0x238c50 caller=0x1000 frame=0x8000 exit_pc=0x238c70 exit_sp=0x8000 stack=0,0,0,0,0,0,1000,0,0,0,0,0,0,0,0,0,0,0,0,0,0,0,0,0,0,0,0,0,0,0,0,0, gpr=0,0,7,0,0,0,0,0,0,0,0,0,0,0,0,0,0,0,0,0,0,0,0,0,0,0,0,0,0,8000,0,1000,
[downhill:frame-state] call=120 vsync=0 numeric_calls=0 entry_pc=0x238c50 caller=0x1000 frame=0x8000 exit_pc=0x238c70 exit_sp=0x8000 stack=0,0,0,0,0,0,1000,0,0,0,0,0,0,0,0,0,0,0,0,0,0,0,0,0,0,0,0,0,0,0,0,0, gpr=0,0,7,0,0,0,0,0,0,0,0,0,0,0,0,0,0,0,0,0,0,0,0,0,0,0,0,0,0,8000,0,1000,
[downhill:frame-state] call=61440 vsync=0 numeric_calls=0 entry_pc=0x238c50 caller=0x1000 frame=0x8000 exit_pc=0x238c70 exit_sp=0x8000 stack=0,0,0,0,0,0,1000,0,0,0,0,0,0,0,0,0,0,0,0,0,0,0,0,0,0,0,0,0,0,0,0,0, gpr=0,0,7,0,0,0,0,0,0,0,0,0,0,0,0,0,0,0,0,0,0,0,0,0,0,0,0,0,0,8000,0,1000,
[downhill:frame-state] call=1 vsync=0 numeric_calls=0 entry_pc=0x238c64 caller=0x1000 frame=0x8000 exit_pc=0x238c70 exit_sp=0x8000 stack=0,0,0,0,0,0,1000,0,0,0,0,0,0,0,0,0,0,0,0,0,0,0,0,0,0,0,0,0,0,0,0,0, gpr=0,0,7,0,0,0,0,0,0,0,0,0,0,0,0,0,0,0,0,0,0,0,0,0,0,0,0,0,0,8000,0,1000,
[downhill:frame-state] call=4 vsync=0 numeric_calls=0 entry_pc=0x238c64 caller=0x1000 frame=0x8000 exit_pc=0x238c70 exit_sp=0x8000 stack=0,0,0,0,0,0,1000,0,0,0,0,0,0,0,0,0,0,0,0,0,0,0,0,0,0,0,0,0,0,0,0,0, gpr=0,0,7,0,0,0,0,0,0,0,0,0,0,0,0,0,0,0,0,0,0,0,0,0,0,0,0,0,0,8000,0,1000,
[downhill:frame-state] call=120 vsync=0 numeric_calls=0 entry_pc=0x238c64 caller=0x1000 frame=0x8000 exit_pc=0x238c70 exit_sp=0x8000 stack=0,0,0,0,0,0,1000,0,0,0,0,0,0,0,0,0,0,0,0,0,0,0,0,0,0,0,0,0,0,0,0,0, gpr=0,0,7,0,0,0,0,0,0,0,0,0,0,0,0,0,0,0,0,0,0,0,0,0,0,0,0,0,0,8000,0,1000,
[downhill:frame-state] call=61440 vsync=0 numeric_calls=0 entry_pc=0x238c64 caller=0x1000 frame=0x8000 exit_pc=0x238c70 exit_sp=0x8000 stack=0,0,0,0,0,0,1000,0,0,0,0,0,0,0,0,0,0,0,0,0,0,0,0,0,0,0,0,0,0,0,0,0, gpr=0,0,7,0,0,0,0,0,0,0,0,0,0,0,0,0,0,0,0,0,0,0,0,0,0,0,0,0,0,8000,0,1000,
[downhill:frame-state] call=1 vsync=0 numeric_calls=0 entry_pc=0x238c70 caller=0x1000 frame=0x8000 exit_pc=0x238c70 exit_sp=0x8000 stack=0,0,0,0,0,0,1000,0,0,0,0,0,0,0,0,0,0,0,0,0,0,0,0,0,0,0,0,0,0,0,0,0, gpr=0,0,7,0,0,0,0,0,0,0,0,0,0,0,0,0,0,0,0,0,0,0,0,0,0,0,0,0,0,8000,0,1000,
[downhill:frame-state] call=4 vsync=0 numeric_calls=0 entry_pc=0x238c70 caller=0x1000 frame=0x8000 exit_pc=0x238c70 exit_sp=0x8000 stack=0,0,0,0,0,0,1000,0,0,0,0,0,0,0,0,0,0,0,0,0,0,0,0,0,0,0,0,0,0,0,0,0, gpr=0,0,7,0,0,0,0,0,0,0,0,0,0,0,0,0,0,0,0,0,0,0,0,0,0,0,0,0,0,8000,0,1000,
[downhill:frame-state] call=120 vsync=0 numeric_calls=0 entry_pc=0x238c70 caller=0x1000 frame=0x8000 exit_pc=0x238c70 exit_sp=0x8000 stack=0,0,0,0,0,0,1000,0,0,0,0,0,0,0,0,0,0,0,0,0,0,0,0,0,0,0,0,0,0,0,0,0, gpr=0,0,7,0,0,0,0,0,0,0,0,0,0,0,0,0,0,0,0,0,0,0,0,0,0,0,0,0,0,8000,0,1000,
[downhill:frame-state] call=61440 vsync=0 numeric_calls=0 entry_pc=0x238c70 caller=0x1000 frame=0x8000 exit_pc=0x238c70 exit_sp=0x8000 stack=0,0,0,0,0,0,1000,0,0,0,0,0,0,0,0,0,0,0,0,0,0,0,0,0,0,0,0,0,0,0,0,0, gpr=0,0,7,0,0,0,0,0,0,0,0,0,0,0,0,0,0,0,0,0,0,0,0,0,0,0,0,0,0,8000,0,1000,
[downhill:resource-return] call=1 anomaly=1 thread=0 routine=0x177da0 entry_pc=0x177da0 entry_sp=0x8030 entry_ra=0x1000 frame=0x8000 a0=0x0 a1=0x0 expected_sp=0x8030 expected_ra=0x1000 saved_before=0x0 saved_after=0x0 exit_pc=0x1000 exit_ra=0x1000 exit_sp=0x8020 branch_pc=0x0
[downhill:resource-return] call=1 anomaly=0 thread=0 routine=0x177da0 entry_pc=0x177e68 entry_sp=0x8000 entry_ra=0x1000 frame=0x8000 a0=0x0 a1=0x0 expected_sp=0x8030 expected_ra=0x0 saved_before=0x0 saved_after=0x0 exit_pc=0x1000 exit_ra=0x1000 exit_sp=0x8020 branch_pc=0x0
[downhill:resource-return] call=1 anomaly=0 thread=0 routine=0x177da0 entry_pc=0x177e78 entry_sp=0x8000 entry_ra=0x1000 frame=0x8000 a0=0x0 a1=0x0 expected_sp=0x8030 expected_ra=0x0 saved_before=0x0 saved_after=0x0 exit_pc=0x1000 exit_ra=0x1000 exit_sp=0x8020 branch_pc=0x0
PASS frame_state_passthrough_cases=27
